<html>
<body>
<pre>
<h1>µVision Build Log</h1>
<h2>Tool Versions:</h2>
IDE-Version: µVision V5.15
Copyright (C) 2015 ARM Ltd and ARM Germany GmbH. All rights reserved.
License Information: t yd, 1, LIC=ZB412-9EVGY-W2DLL-0TYX1-MB3KA-LZEDB
 
Tool Versions:
Toolchain:       MDK-ARM Standard  Version: 5.15.0
Toolchain Path:  C:\Keil_v5\ARM\ARMCC\Bin
C Compiler:      Armcc.exe V5.05 update 2 (build 169)
Assembler:       Armasm.exe V5.05 update 2 (build 169)
Linker/Locator:  ArmLink.exe V5.05 update 2 (build 169)
Library Manager: ArmAr.exe V5.05 update 2 (build 169)
Hex Converter:   FromElf.exe V5.05 update 2 (build 169)
CPU DLL:         SARMCM3.DLL V5.15.0
Dialog DLL:      DARMP1.DLL V1.25.0.0
Target DLL:      CMSIS_AGDI.dll V1.21.12.0
Dialog DLL:      TARMP1.DLL V1.24.0.0
 
<h2>Project:</h2>
D:\Git\TDPS2017\mbed\MBED_Temp_KEIL\mbed_LEDCube.uvproj
Project File Date:  05/27/2017

<h2>Output:</h2>
*** Using Compiler 'V5.05 update 2 (build 169)', folder: 'C:\Keil_v5\ARM\ARMCC\Bin'
Rebuild target 'mbed NXP LPC1768'
compiling main.cpp...
main.cpp(14): warning:  #161-D: unrecognized #pragma
  #pragma region Error
main.cpp(32): warning:  #161-D: unrecognized #pragma
  #pragma endregion
main.cpp(34): warning:  #161-D: unrecognized #pragma
  #pragma region Motor
main.cpp(101): warning:  #161-D: unrecognized #pragma
  #pragma endregion
main.cpp(103): warning:  #161-D: unrecognized #pragma
  #pragma region Data
main.cpp(136): warning:  #161-D: unrecognized #pragma
  #pragma endregion
main.cpp(138): warning:  #161-D: unrecognized #pragma
  #pragma region Sonic Wave
main.cpp(209): warning:  #161-D: unrecognized #pragma
  #pragma endregion
main.cpp(211): warning:  #161-D: unrecognized #pragma
  #pragma region MPU6050
main.cpp(316): warning:  #161-D: unrecognized #pragma
  #pragma endregion
main.cpp(318): warning:  #161-D: unrecognized #pragma
  #pragma region Turns an Angle (PID)
main.cpp(403): warning:  #161-D: unrecognized #pragma
  #pragma endregion
main.cpp(405): warning:  #161-D: unrecognized #pragma
  #pragma region Fan
main.cpp(420): warning:  #161-D: unrecognized #pragma
  #pragma endregion
main.cpp(422): warning:  #161-D: unrecognized #pragma
  #pragma region HC12
main.cpp(436): warning:  #161-D: unrecognized #pragma
  #pragma endregion
main.cpp(439): warning:  #161-D: unrecognized #pragma
  #pragma region Serial
main.cpp(668): warning:  #161-D: unrecognized #pragma
  #pragma endregion
main.cpp: 18 warnings, 0 errors
compiling PID.cpp...
linking...
Program Size: Code=29642 RO-data=2330 RW-data=164 ZI-data=1744  
After Build - User command #1: fromelf --bin -o build\mbed_LEDCube_LPC1768.bin build\mbed_LEDCube.axf
".\build\mbed_LEDCube.axf" - 0 Error(s), 18 Warning(s).
</pre>
</body>
</html>
