<html>
<body>
<pre>
<h1>µVision Build Log</h1>
<h2>Tool Versions:</h2>
IDE-Version: µVision V5.15
Copyright (C) 2015 ARM Ltd and ARM Germany GmbH. All rights reserved.
License Information: t yd, 1, LIC=ZB412-9EVGY-W2DLL-0TYX1-MB3KA-LZEDB
 
Tool Versions:
Toolchain:       MDK-ARM Standard  Version: 5.15.0
Toolchain Path:  C:\Keil_v5\ARM\ARMCC\Bin
C Compiler:      Armcc.exe V5.05 update 2 (build 169)
Assembler:       Armasm.exe V5.05 update 2 (build 169)
Linker/Locator:  ArmLink.exe V5.05 update 2 (build 169)
Library Manager: ArmAr.exe V5.05 update 2 (build 169)
Hex Converter:   FromElf.exe V5.05 update 2 (build 169)
CPU DLL:         SARMCM3.DLL V5.15.0
Dialog DLL:      DARMP1.DLL V1.25.0.0
Target DLL:      CMSIS_AGDI.dll V1.21.12.0
Dialog DLL:      TARMP1.DLL V1.24.0.0
 
<h2>Project:</h2>
D:\Git\TDPS2017\mbed\MBED_Temp_KEIL\mbed_LEDCube.uvproj
Project File Date:  05/27/2017

<h2>Output:</h2>
*** Using Compiler 'V5.05 update 2 (build 169)', folder: 'C:\Keil_v5\ARM\ARMCC\Bin'
Rebuild target 'mbed NXP LPC1768'
compiling main.cpp...
main.cpp(13): warning:  #161-D: unrecognized #pragma
  #pragma region Error
main.cpp(31): warning:  #161-D: unrecognized #pragma
  #pragma endregion
main.cpp(33): warning:  #161-D: unrecognized #pragma
  #pragma region Motor
main.cpp(100): warning:  #161-D: unrecognized #pragma
  #pragma endregion
main.cpp(102): warning:  #161-D: unrecognized #pragma
  #pragma region Data
main.cpp(135): warning:  #161-D: unrecognized #pragma
  #pragma endregion
main.cpp(137): warning:  #161-D: unrecognized #pragma
  #pragma region MPU6050
main.cpp(232): warning:  #161-D: unrecognized #pragma
  #pragma endregion
main.cpp(234): warning:  #161-D: unrecognized #pragma
  #pragma region Turns an Angle (PID)
main.cpp(306): warning:  #161-D: unrecognized #pragma
  #pragma endregion
main.cpp(308): warning:  #161-D: unrecognized #pragma
  #pragma region Serial
main.cpp(461): warning:  #161-D: unrecognized #pragma
  #pragma endregion
main.cpp: 12 warnings, 0 errors
compiling PID.cpp...
linking...
Program Size: Code=27210 RO-data=2182 RW-data=168 ZI-data=1200  
After Build - User command #1: fromelf --bin -o build\mbed_LEDCube_LPC1768.bin build\mbed_LEDCube.axf
".\build\mbed_LEDCube.axf" - 0 Error(s), 12 Warning(s).
</pre>
</body>
</html>
