Component: ARM Compiler 5.05 update 2 (build 169) Tool: armlink [4d0f33]

==============================================================================

Section Cross References

    main.o(.text) refers to main.o(i._ZN4mbed10DigitalOutaSEi) for mbed::DigitalOut::operator =(int)
    main.o(.text) refers to wait_api.o(i.wait) for wait
    main.o(.text) refers to main.o(i._ZN4mbed6PwmOutaSEf) for mbed::PwmOut::operator =(float)
    main.o(.text) refers to fflt_clz.o(x$fpl$ffltu) for __aeabi_ui2f
    main.o(.text) refers to fdiv.o(x$fpl$fdiv) for __aeabi_fdiv
    main.o(.text) refers to fflt_clz.o(x$fpl$fflt) for __aeabi_i2f
    main.o(.text) refers to fmul.o(x$fpl$fmul) for __aeabi_fmul
    main.o(.text) refers to ffixu.o(x$fpl$ffixu) for __aeabi_f2uiz
    main.o(.text) refers to main.o(t._ZN4mbed19FunctionPointerArg1IvvE6attachEPFvvE) for mbed::FunctionPointerArg1<void, void>::attach(void(*)())
    main.o(.text) refers to Ticker.o(i._ZN4mbed6Ticker5setupEj) for mbed::Ticker::setup(unsigned)
    main.o(.text) refers to Stream.o(i._ZN4mbed6Stream4getcEv) for mbed::Stream::getc()
    main.o(.text) refers to f2d.o(x$fpl$f2d) for __aeabi_f2d
    main.o(.text) refers to dmul.o(x$fpl$dmul) for __aeabi_dmul
    main.o(.text) refers to d2f.o(x$fpl$d2f) for __aeabi_d2f
    main.o(.text) refers to daddsub_clz.o(x$fpl$dadd) for __aeabi_dadd
    main.o(.text) refers to main.o(.bss) for LEDS
    main.o(.text) refers to main.o(.data) for _Apwm
    main.o(.text) refers to SerialBase.o(i._ZN4mbed10SerialBase8readableEv) for mbed::SerialBase::readable()
    main.o(.text) refers to SerialBase.o(i._ZN4mbed10SerialBase4baudEi) for mbed::SerialBase::baud(int)
    main.o(.text) refers to SerialBase.o(i._ZN4mbed10SerialBase6attachEPFvvENS0_7IrqTypeE) for mbed::SerialBase::attach(void(*)(), mbed::SerialBase::IrqType)
    main.o(.text) refers to Serial.o(i._ZN4mbed6SerialC1E7PinNameS1_PKc) for mbed::Serial::Serial(PinName, PinName, const char*)
    main.o(.text) refers to aeabi_atexit.o(i.__aeabi_atexit) for __aeabi_atexit
    main.o(.text) refers to main.o(i._ZN4mbed10DigitalOutC1E7PinName) for mbed::DigitalOut::DigitalOut(PinName)
    main.o(.text) refers to TimerEvent.o(i._ZN4mbed10TimerEventC2Ev) for mbed::TimerEvent::TimerEvent__sub_object()
    main.o(.text) refers to main.o(i._ZN4mbed6PwmOutC1E7PinName) for mbed::PwmOut::PwmOut(PinName)
    main.o(.text) refers to Serial.o(i._ZN4mbed6SerialD1Ev) for mbed::Serial::~Serial()
    main.o(.text) refers to Ticker.o(.constdata__ZTVN4mbed6TickerE) for vtable for mbed::Ticker
    main.o(.text) refers to Timeout.o(.constdata__ZTVN4mbed7TimeoutE) for vtable for mbed::Timeout
    main.o(.text) refers to Timeout.o(i._ZN4mbed7TimeoutD1Ev) for mbed::Timeout::~Timeout()
    main.o(.ARM.exidx) refers to main.o(.text) for .text
    main.o(.init_array) refers to main.o(.text) for __sti___8_main_cpp_PC
    main.o(.init_array) refers to init_aeabi.o(.text) for __cpp_initialize__aeabi_
    sys.o(.ARM.exidx) refers to sys.o(i.__user_setup_stackheap) for i.__user_setup_stackheap
    board.o(i.mbed_die) refers to gpio.o(i.gpio_init_out) for gpio_init_out
    board.o(i.mbed_die) refers to assert.o(i.mbed_assert_internal) for mbed_assert_internal
    board.o(i.mbed_die) refers to wait_api.o(i.wait_ms) for wait_ms
    board.o(i.mbed_die) refers to board.o(.conststring) for .conststring
    startup_LPC17xx.o(RESET) refers to startup_LPC17xx.o(.text) for Reset_Handler
    startup_LPC17xx.o(.text) refers to system_LPC17xx.o(i.SystemInit) for SystemInit
    startup_LPC17xx.o(.text) refers to __main.o(!!!main) for __main
    cmsis_nvic.o(i.NVIC_SetVector) refers to rt_memcpy_w.o(.text) for __aeabi_memcpy4
    retarget.o(i.$Sub$$main) refers to retarget.o(i.mbed_sdk_init) for mbed_sdk_init
    retarget.o(i.$Sub$$main) refers to retarget.o(i.mbed_main) for mbed_main
    retarget.o(i.$Sub$$main) refers to main.o(.text) for $Super$$main
    retarget.o(i._ZN4mbed10FileHandleD0Ev) refers to delete.o(i._ZdlPv) for operator delete (void*)
    retarget.o(i._ZN4mbed10FileHandleD0Ev) refers to retarget.o(.constdata__ZTVN4mbed10FileHandleE) for vtable for mbed::FileHandle
    retarget.o(i._ZN4mbed10FileHandleD0Ev) refers to retarget.o(.bss) for .bss
    retarget.o(i._ZN4mbed10FileHandleD2Ev) refers to retarget.o(.constdata__ZTVN4mbed10FileHandleE) for vtable for mbed::FileHandle
    retarget.o(i._ZN4mbed10FileHandleD2Ev) refers to retarget.o(.bss) for .bss
    retarget.o(i._ZN4mbed26mbed_set_unbuffered_streamEPSt6__FILE) refers to setbuf.o(.text) for setbuf
    retarget.o(i._ZN4mbed9mbed_getcEPSt6__FILE) refers to fgetc.o(i.fgetc) for fgetc
    retarget.o(i._ZN4mbed9mbed_getsEPciPSt6__FILE) refers to fgets.o(.text) for fgets
    retarget.o(i._sys_close) refers to retarget.o(.bss) for .bss
    retarget.o(i._sys_ensure) refers to retarget.o(.bss) for .bss
    retarget.o(i._sys_flen) refers to retarget.o(.bss) for .bss
    retarget.o(i._sys_istty) refers to retarget.o(.bss) for .bss
[...]
    __rt_lib_init_argv_1                     0x000001f3   Thumb Code     0  libinit2.o(.ARM.Collect$$libinit$$0000002C)
    __rt_lib_init_cpp_2                      0x000001f3   Thumb Code     0  libinit2.o(.ARM.Collect$$libinit$$00000031)
    __rt_lib_init_exceptions_1               0x000001f3   Thumb Code     0  libinit2.o(.ARM.Collect$$libinit$$00000030)
    __rt_lib_init_stdio_1                    0x000001f3   Thumb Code     0  libinit2.o(.ARM.Collect$$libinit$$00000025)
    __rt_lib_init_cpp_1                      0x000001f7   Thumb Code     0  libinit2.o(.ARM.Collect$$libinit$$00000032)
    __rt_lib_init_return                     0x000001f7   Thumb Code     0  libinit2.o(.ARM.Collect$$libinit$$00000033)
    __rt_lib_shutdown_cpp_1                  0x000001f9   Thumb Code     0  libshutdown2.o(.ARM.Collect$$libshutdown$$00000001)
    __rt_entry                               0x000001ff   Thumb Code     0  __rtentry.o(.ARM.Collect$$rtentry$$00000000)
    __rt_entry_presh_1                       0x000001ff   Thumb Code     0  __rtentry2.o(.ARM.Collect$$rtentry$$00000002)
    __rt_entry_sh                            0x000001ff   Thumb Code     0  __rtentry4.o(.ARM.Collect$$rtentry$$00000004)
    __rt_lib_shutdown_stdio_2                0x000001ff   Thumb Code     0  libshutdown2.o(.ARM.Collect$$libshutdown$$00000003)
    __rt_entry_li                            0x00000205   Thumb Code     0  __rtentry2.o(.ARM.Collect$$rtentry$$0000000A)
    __rt_entry_postsh_1                      0x00000205   Thumb Code     0  __rtentry2.o(.ARM.Collect$$rtentry$$00000009)
    __rt_entry_main                          0x00000209   Thumb Code     0  __rtentry2.o(.ARM.Collect$$rtentry$$0000000D)
    __rt_entry_postli_1                      0x00000209   Thumb Code     0  __rtentry2.o(.ARM.Collect$$rtentry$$0000000C)
    Reset_Handler                            0x00000211   Thumb Code     8  startup_LPC17xx.o(.text)
    _maybe_terminate_alloc                   0x00000211   Thumb Code     0  maybetermalloc1.o(.emb_text)
    NMI_Handler                              0x00000219   Thumb Code     2  startup_LPC17xx.o(.text)
    HardFault_Handler                        0x0000021b   Thumb Code     2  startup_LPC17xx.o(.text)
    MemManage_Handler                        0x0000021d   Thumb Code     2  startup_LPC17xx.o(.text)
    BusFault_Handler                         0x0000021f   Thumb Code     2  startup_LPC17xx.o(.text)
    UsageFault_Handler                       0x00000221   Thumb Code     2  startup_LPC17xx.o(.text)
    SVC_Handler                              0x00000223   Thumb Code     2  startup_LPC17xx.o(.text)
    DebugMon_Handler                         0x00000225   Thumb Code     2  startup_LPC17xx.o(.text)
    PendSV_Handler                           0x00000227   Thumb Code     2  startup_LPC17xx.o(.text)
    SysTick_Handler                          0x00000229   Thumb Code     2  startup_LPC17xx.o(.text)
    ADC_IRQHandler                           0x0000022b   Thumb Code     0  startup_LPC17xx.o(.text)
    BOD_IRQHandler                           0x0000022b   Thumb Code     0  startup_LPC17xx.o(.text)
    CAN_IRQHandler                           0x0000022b   Thumb Code     0  startup_LPC17xx.o(.text)
    DMA_IRQHandler                           0x0000022b   Thumb Code     0  startup_LPC17xx.o(.text)
    EINT0_IRQHandler                         0x0000022b   Thumb Code     0  startup_LPC17xx.o(.text)
    EINT1_IRQHandler                         0x0000022b   Thumb Code     0  startup_LPC17xx.o(.text)
    EINT2_IRQHandler                         0x0000022b   Thumb Code     0  startup_LPC17xx.o(.text)
    EINT3_IRQHandler                         0x0000022b   Thumb Code     0  startup_LPC17xx.o(.text)
    ENET_IRQHandler                          0x0000022b   Thumb Code     0  startup_LPC17xx.o(.text)
    I2C0_IRQHandler                          0x0000022b   Thumb Code     0  startup_LPC17xx.o(.text)
    I2C1_IRQHandler                          0x0000022b   Thumb Code     0  startup_LPC17xx.o(.text)
    I2C2_IRQHandler                          0x0000022b   Thumb Code     0  startup_LPC17xx.o(.text)
    I2S_IRQHandler                           0x0000022b   Thumb Code     0  startup_LPC17xx.o(.text)
    MCPWM_IRQHandler                         0x0000022b   Thumb Code     0  startup_LPC17xx.o(.text)
    PLL0_IRQHandler                          0x0000022b   Thumb Code     0  startup_LPC17xx.o(.text)
    PLL1_IRQHandler                          0x0000022b   Thumb Code     0  startup_LPC17xx.o(.text)
    PWM1_IRQHandler                          0x0000022b   Thumb Code     0  startup_LPC17xx.o(.text)
    QEI_IRQHandler                           0x0000022b   Thumb Code     0  startup_LPC17xx.o(.text)
    RIT_IRQHandler                           0x0000022b   Thumb Code     0  startup_LPC17xx.o(.text)
    RTC_IRQHandler                           0x0000022b   Thumb Code     0  startup_LPC17xx.o(.text)
    SPI_IRQHandler                           0x0000022b   Thumb Code     0  startup_LPC17xx.o(.text)
    SSP0_IRQHandler                          0x0000022b   Thumb Code     0  startup_LPC17xx.o(.text)
    SSP1_IRQHandler                          0x0000022b   Thumb Code     0  startup_LPC17xx.o(.text)
    TIMER0_IRQHandler                        0x0000022b   Thumb Code     0  startup_LPC17xx.o(.text)
    TIMER1_IRQHandler                        0x0000022b   Thumb Code     0  startup_LPC17xx.o(.text)
    TIMER2_IRQHandler                        0x0000022b   Thumb Code     0  startup_LPC17xx.o(.text)
    TIMER3_IRQHandler                        0x0000022b   Thumb Code     0  startup_LPC17xx.o(.text)
    UART0_IRQHandler                         0x0000022b   Thumb Code     0  startup_LPC17xx.o(.text)
    UART1_IRQHandler                         0x0000022b   Thumb Code     0  startup_LPC17xx.o(.text)
    UART2_IRQHandler                         0x0000022b   Thumb Code     0  startup_LPC17xx.o(.text)
    UART3_IRQHandler                         0x0000022b   Thumb Code     0  startup_LPC17xx.o(.text)
    USB_IRQHandler                           0x0000022b   Thumb Code     0  startup_LPC17xx.o(.text)
    WDT_IRQHandler                           0x0000022b   Thumb Code     0  startup_LPC17xx.o(.text)
    vfprintf                                 0x00000235   Thumb Code    10  vfprintf.o(.text)
    __2sprintf                               0x00000241   Thumb Code    38  __2sprintf.o(.text)
    __0sscanf                                0x0000026d   Thumb Code    52  __0sscanf.o(.text)
    setbuf                                   0x000002a9   Thumb Code    20  setbuf.o(.text)
    strlen                                   0x000002bd   Thumb Code    62  strlen.o(.text)
    __I$use$semihosting                      0x000002fb   Thumb Code     0  use_no_semi.o(.text)
    __use_no_semihosting_swi                 0x000002fb   Thumb Code     2  use_no_semi.o(.text)
    Error()                                  0x00000301   Thumb Code    76  main.o(.text)
    TB6612_Init(PinName, PinName, PinName, PinName, PinName, PinName, PinName) 0x0000034d   Thumb Code     8  main.o(.text)
    TB6612_Stop()                            0x00000355   Thumb Code    68  main.o(.text)
    TB6612_Move(Direction, unsigned char, Direction, unsigned char, int) 0x00000399   Thumb Code   220  main.o(.text)
    Init()                                   0x00000823   Thumb Code    34  main.o(.text)
    $Super$$main                             0x00000845   Thumb Code    58  main.o(.text)
    _printf_longlong_hex                     0x000009cd   Thumb Code    86  _printf_hex_int_ll_ptr.o(.text)
    _printf_int_hex                          0x00000a23   Thumb Code    28  _printf_hex_int_ll_ptr.o(.text)
    _printf_ll_hex                           0x00000a3f   Thumb Code    12  _printf_hex_int_ll_ptr.o(.text)
    _printf_hex_ptr                          0x00000a4b   Thumb Code    18  _printf_hex_int_ll_ptr.o(.text)
    __printf                                 0x00000a61   Thumb Code   388  __printf_flags_ss_wp.o(.text)
    _scanf_int                               0x00000be9   Thumb Code   332  _scanf_int.o(.text)
    _do_fflush                               0x00000d35   Thumb Code    54  fflush.o(.text)
    fflush                                   0x00000d6b   Thumb Code    42  fflush.o(.text)
    freopen                                  0x00000d99   Thumb Code   158  fopen.o(.text)
    fopen                                    0x00000e37   Thumb Code    74  fopen.o(.text)
    _fclose_internal                         0x00000e85   Thumb Code    76  fclose.o(.text)
    fclose                                   0x00000e85   Thumb Code     0  fclose.o(.text)
    strncmp                                  0x00000ed1   Thumb Code   150  strncmp.o(.text)
    __aeabi_memcpy4                          0x00000f67   Thumb Code     0  rt_memcpy_w.o(.text)
    __aeabi_memcpy8                          0x00000f67   Thumb Code     0  rt_memcpy_w.o(.text)
    __rt_memcpy_w                            0x00000f67   Thumb Code   100  rt_memcpy_w.o(.text)
    _memcpy_lastbytes_aligned                0x00000faf   Thumb Code     0  rt_memcpy_w.o(.text)
    __aeabi_memclr4                          0x00000fcb   Thumb Code     0  rt_memclr_w.o(.text)
    __aeabi_memclr8                          0x00000fcb   Thumb Code     0  rt_memclr_w.o(.text)
    __rt_memclr_w                            0x00000fcb   Thumb Code    78  rt_memclr_w.o(.text)
    _memset_w                                0x00000fcf   Thumb Code     0  rt_memclr_w.o(.text)
    strcmp                                   0x00001019   Thumb Code   128  strcmpv7m.o(.text)
    __cpp_initialize__aeabi_                 0x00001099   Thumb Code    26  init_aeabi.o(.text)
    __rt_ddtor_pointer_addr                  0x000010bd   Thumb Code     8  rt_ddtor_pointer_addr.o(.text)
    malloc                                   0x000010c5   Thumb Code    94  h1_alloc.o(.text)
    free                                     0x00001123   Thumb Code    78  h1_free.o(.text)
    _printf_pre_padding                      0x00001171   Thumb Code    44  _printf_pad.o(.text)
    _printf_post_padding                     0x0000119d   Thumb Code    34  _printf_pad.o(.text)
    _printf_truncate_signed                  0x000011bf   Thumb Code    18  _printf_truncate.o(.text)
    _printf_truncate_unsigned                0x000011d1   Thumb Code    18  _printf_truncate.o(.text)
    _printf_str                              0x000011e3   Thumb Code    82  _printf_str.o(.text)
    _printf_int_common                       0x00001235   Thumb Code   178  _printf_intcommon.o(.text)
    _printf_int_dec                          0x000012e9   Thumb Code   104  _printf_dec.o(.text)
    _printf_charcount                        0x00001361   Thumb Code    40  _printf_charcount.o(.text)
    _printf_char_common                      0x00001393   Thumb Code    32  _printf_char_common.o(.text)
    _sputc                                   0x000013b9   Thumb Code    10  _sputc.o(.text)
    _printf_char_file                        0x000013c5   Thumb Code    32  _printf_char_file.o(.text)
    _printf_wctomb                           0x000013e9   Thumb Code   182  _printf_wctomb.o(.text)
    _printf_longlong_dec                     0x000014a5   Thumb Code   108  _printf_longlong_dec.o(.text)
    _printf_longlong_oct                     0x00001521   Thumb Code    68  _printf_oct_int_ll.o(.text)
    _printf_int_oct                          0x00001565   Thumb Code    24  _printf_oct_int_ll.o(.text)
    _printf_ll_oct                           0x0000157d   Thumb Code    12  _printf_oct_int_ll.o(.text)
    _chval                                   0x00001591   Thumb Code    28  _chval.o(.text)
    __vfscanf_char                           0x000015b9   Thumb Code    24  scanf_char.o(.text)
    _sgetc                                   0x000015d9   Thumb Code    30  _sgetc.o(.text)
    _sbackspace                              0x000015f7   Thumb Code    34  _sgetc.o(.text)
    ferror                                   0x00001619   Thumb Code     8  ferror.o(.text)
    _readbuf                                 0x00001621   Thumb Code    54  filbuf.o(.text)
    _seteof                                  0x00001657   Thumb Code    40  filbuf.o(.text)
    __filbuf                                 0x0000167f   Thumb Code   476  filbuf.o(.text)
    __filbuf_byte                            0x0000167f   Thumb Code     0  filbuf.o(.text)
    __filbuf_wide                            0x0000167f   Thumb Code     0  filbuf.o(.text)
    __flsbuf                                 0x0000185b   Thumb Code   470  flsbuf.o(.text)
    __flsbuf_byte                            0x0000185b   Thumb Code     0  flsbuf.o(.text)
    __flsbuf_wide                            0x0000185b   Thumb Code     0  flsbuf.o(.text)
    _fseek                                   0x00001a31   Thumb Code   242  fseek.o(.text)
    fseek                                    0x00001a31   Thumb Code     0  fseek.o(.text)
    setvbuf                                  0x00001b29   Thumb Code    70  setvbuf.o(.text)
    _seterr                                  0x00001b71   Thumb Code    20  stdio.o(.text)
    _writebuf                                0x00001b85   Thumb Code    84  stdio.o(.text)
    _fflush                                  0x00001bd9   Thumb Code    70  stdio.o(.text)
    _deferredlazyseek                        0x00001c1f   Thumb Code    60  stdio.o(.text)
    _initio                                  0x00001c61   Thumb Code   210  initio.o(.text)
    _terminateio                             0x00001d33   Thumb Code    56  initio.o(.text)
    __rt_SIGPVFN                             0x00001d99   Thumb Code    14  defsig_pvfn_outer.o(.text)
    __rt_heap_descriptor                     0x00001da9   Thumb Code     8  rt_heap_descriptor.o(.text)
    __use_no_heap                            0x00001db1   Thumb Code     2  hguard.o(.text)
    __heap$guard                             0x00001db3   Thumb Code     2  hguard.o(.text)
    _terminate_user_alloc                    0x00001db5   Thumb Code     2  init_alloc.o(.text)
    _init_user_alloc                         0x00001db7   Thumb Code     2  init_alloc.o(.text)
    __Heap_Full                              0x00001db9   Thumb Code    34  init_alloc.o(.text)
    __Heap_Broken                            0x00001ddb   Thumb Code     6  init_alloc.o(.text)
    _init_alloc                              0x00001de1   Thumb Code    94  init_alloc.o(.text)
    __Heap_Initialize                        0x00001e3f   Thumb Code    10  h1_init.o(.text)
    __Heap_DescSize                          0x00001e49   Thumb Code     4  h1_init.o(.text)
    _ll_udiv10                               0x00001e4d   Thumb Code   138  lludiv10.o(.text)
    isspace                                  0x00001ed7   Thumb Code    18  isspace.o(.text)
    __lib_sel_fp_printf                      0x00001ee9   Thumb Code     2  _printf_fp_dec.o(.text)
    _printf_fp_dec_real                      0x00002097   Thumb Code   620  _printf_fp_dec.o(.text)
    _printf_fp_hex_real                      0x00002305   Thumb Code   754  _printf_fp_hex.o(.text)
    _printf_cs_common                        0x00002601   Thumb Code    20  _printf_char.o(.text)
    _printf_char                             0x00002615   Thumb Code    16  _printf_char.o(.text)
    _printf_string                           0x00002625   Thumb Code     8  _printf_char.o(.text)
    _printf_lcs_common                       0x0000262d   Thumb Code    20  _printf_wchar.o(.text)
    _printf_wchar                            0x00002641   Thumb Code    16  _printf_wchar.o(.text)
    _printf_wstring                          0x00002651   Thumb Code     8  _printf_wchar.o(.text)
    __vfscanf                                0x00002659   Thumb Code   878  _scanf.o(.text)
    _ftell_internal                          0x000029cd   Thumb Code    66  ftell.o(.text)
    ftell                                    0x000029cd   Thumb Code     0  ftell.o(.text)
    _flushlinebuffered                       0x00002a11   Thumb Code    50  flushlinebuffered.o(.text)
    _wcrtomb                                 0x00002a49   Thumb Code    64  _wcrtomb.o(.text)
    __sig_exit                               0x00002a89   Thumb Code    10  defsig_exit.o(.text)
    __rt_SIGRTRED                            0x00002a93   Thumb Code    14  defsig_rtred_outer.o(.text)
    __rt_SIGPVFN_inner                       0x00002aa1   Thumb Code    14  defsig_pvfn_inner.o(.text)
    _sys_exit                                0x00002ad1   Thumb Code     8  sys_exit.o(.text)
    __rt_ctype_table                         0x00002add   Thumb Code    16  rt_ctype_table.o(.text)
    __rt_locale                              0x00002aed   Thumb Code     8  rt_locale.o(.text)
    __aeabi_errno_addr                       0x00002af5   Thumb Code     8  rt_errno_addr.o(.text)
    __errno                                  0x00002af5   Thumb Code     0  rt_errno_addr.o(.text)
    __rt_errno_addr                          0x00002af5   Thumb Code     0  rt_errno_addr.o(.text)
    __Heap_ProvideMemory                     0x00002afd   Thumb Code    52  h1_extend.o(.text)
    _printf_fp_infnan                        0x00002b31   Thumb Code   112  _printf_fp_infnan.o(.text)
    _btod_etento                             0x00002bb1   Thumb Code   216  bigflt0.o(.text)
    __default_signal_display                 0x00002c8d   Thumb Code    50  defsig_general.o(.text)
    __rt_SIGRTRED_inner                      0x00002cc1   Thumb Code    14  defsig_rtred_inner.o(.text)
    __rt_SIGRTMEM                            0x00002cf5   Thumb Code    14  defsig_rtmem_outer.o(.text)
    __rt_heap_escrow                         0x00002d05   Thumb Code    22  heapauxa.o(.text)
    __rt_heap_expand                         0x00002d1b   Thumb Code    52  heapauxa.o(.text)
    _ttywrch                                 0x00002d55   Thumb Code    14  sys_wrch.o(.text)
    __semihosting_library_function           0x00002d63   Thumb Code     0  indicate_semi.o(.text)
    __rt_SIGRTMEM_inner                      0x00002d65   Thumb Code    22  defsig_rtmem_inner.o(.text)
    _btod_d2e                                0x00002db5   Thumb Code    62  btod.o(CL$$btod_d2e)
    _d2e_denorm_low                          0x00002df3   Thumb Code    70  btod.o(CL$$btod_d2e_denorm_low)
    _d2e_norm_op1                            0x00002e39   Thumb Code    96  btod.o(CL$$btod_d2e_norm_op1)
    __btod_div_common                        0x00002e99   Thumb Code   696  btod.o(CL$$btod_div_common)
    _e2e                                     0x000031d1   Thumb Code   198  btod.o(CL$$btod_e2e)
    _btod_ediv                               0x00003297   Thumb Code    40  btod.o(CL$$btod_ediv)
    _btod_emul                               0x000032bf   Thumb Code    40  btod.o(CL$$btod_emul)
    __btod_mult_common                       0x000032e7   Thumb Code   580  btod.o(CL$$btod_mult_common)
    main                                     0x0000352b   Thumb Code    18  retarget.o(i.$Sub$$main)
    NVIC_SetVector                           0x00003545   Thumb Code    46  cmsis_nvic.o(i.NVIC_SetVector)
    SystemInit                               0x00003579   Thumb Code   150  system_LPC17xx.o(i.SystemInit)
    mbed::DigitalOut::write(int)             0x00003619   Thumb Code    50  main.o(i._ZN4mbed10DigitalOut5writeEi)
    mbed::DigitalOut::DigitalOut(PinName)    0x000036a1   Thumb Code    26  main.o(i._ZN4mbed10DigitalOutC1E7PinName)
    mbed::DigitalOut::DigitalOut__sub_object(PinName) 0x000036a1   Thumb Code     0  main.o(i._ZN4mbed10DigitalOutC1E7PinName)
    mbed::DigitalOut::operator =(int)        0x000036bb   Thumb Code    18  main.o(i._ZN4mbed10DigitalOutaSEi)
    mbed::FileHandle::flen()                 0x000036cd   Thumb Code    60  retarget.o(i._ZN4mbed10FileHandle4flenEv)
    mbed::FileHandle::~FileHandle()          0x00003709   Thumb Code     0  retarget.o(i._ZN4mbed10FileHandleD2Ev)
    mbed::FileHandle::~FileHandle__sub_object() 0x00003709   Thumb Code    38  retarget.o(i._ZN4mbed10FileHandleD2Ev)
    mbed::SerialBase::_base_getc()           0x00003739   Thumb Code     6  SerialBase.o(i._ZN4mbed10SerialBase10_base_getcEv)
    mbed::SerialBase::_base_putc(int)        0x0000373f   Thumb Code    14  SerialBase.o(i._ZN4mbed10SerialBase10_base_putcEi)
    mbed::SerialBase::_irq_handler(unsigned, SerialIrq) 0x0000374d   Thumb Code    42  SerialBase.o(i._ZN4mbed10SerialBase12_irq_handlerEj9SerialIrq)
    mbed::SerialBase::baud(int)              0x00003777   Thumb Code    16  SerialBase.o(i._ZN4mbed10SerialBase4baudEi)
    mbed::SerialBase::attach(void(*)(), mbed::SerialBase::IrqType) 0x00003787   Thumb Code    38  SerialBase.o(i._ZN4mbed10SerialBase6attachEPFvvENS0_7IrqTypeE)
    mbed::SerialBase::readable()             0x000037ad   Thumb Code     6  SerialBase.o(i._ZN4mbed10SerialBase8readableEv)
    mbed::SerialBase::SerialBase(PinName, PinName) 0x000037b5   Thumb Code    66  SerialBase.o(i._ZN4mbed10SerialBaseC1E7PinNameS1_)
    mbed::SerialBase::SerialBase__sub_object(PinName, PinName) 0x000037b5   Thumb Code     0  SerialBase.o(i._ZN4mbed10SerialBaseC1E7PinNameS1_)
    mbed::TimerEvent::irq(unsigned)          0x00003805   Thumb Code     6  TimerEvent.o(i._ZN4mbed10TimerEvent3irqEj)
    mbed::TimerEvent::insert(unsigned)       0x0000380b   Thumb Code    16  TimerEvent.o(i._ZN4mbed10TimerEvent6insertEj)
    mbed::TimerEvent::remove()               0x0000381b   Thumb Code    10  TimerEvent.o(i._ZN4mbed10TimerEvent6removeEv)
    mbed::TimerEvent::TimerEvent__sub_object() 0x00003825   Thumb Code    32  TimerEvent.o(i._ZN4mbed10TimerEventC2Ev)
    mbed::TimerEvent::~TimerEvent()          0x0000384d   Thumb Code     0  TimerEvent.o(i._ZN4mbed10TimerEventD2Ev)
    mbed::TimerEvent::~TimerEvent__sub_object() 0x0000384d   Thumb Code    20  TimerEvent.o(i._ZN4mbed10TimerEventD2Ev)
    mbed::mbed_set_unbuffered_stream(std::__FILE*) 0x00003865   Thumb Code     6  retarget.o(i._ZN4mbed26mbed_set_unbuffered_streamEPSt6__FILE)
    mbed::PwmOut::PwmOut(PinName)            0x0000386b   Thumb Code    18  main.o(i._ZN4mbed6PwmOutC1E7PinName)
    mbed::PwmOut::PwmOut__sub_object(PinName) 0x0000386b   Thumb Code     0  main.o(i._ZN4mbed6PwmOutC1E7PinName)
    mbed::PwmOut::operator =(float)          0x0000387d   Thumb Code    22  main.o(i._ZN4mbed6PwmOutaSEf)
    mbed::Serial::Serial(PinName, PinName, const char*) 0x00003895   Thumb Code    32  Serial.o(i._ZN4mbed6SerialC1E7PinNameS1_PKc)
    mbed::Serial::Serial__sub_object(PinName, PinName, const char*) 0x00003895   Thumb Code     0  Serial.o(i._ZN4mbed6SerialC1E7PinNameS1_PKc)
    mbed::Serial::~Serial()                  0x000038b9   Thumb Code    12  Serial.o(i._ZN4mbed6SerialD1Ev)
    mbed::Serial::~Serial__sub_object()      0x000038b9   Thumb Code     0  Serial.o(i._ZN4mbed6SerialD1Ev)
    mbed::Stream::flen()                     0x000038c5   Thumb Code     4  Stream.o(i._ZN4mbed6Stream4flenEv)
    mbed::Stream::getc()                     0x000038c9   Thumb Code    20  Stream.o(i._ZN4mbed6Stream4getcEv)
    mbed::Stream::read(void*, unsigned)      0x000038dd   Thumb Code    44  Stream.o(i._ZN4mbed6Stream4readEPvj)
    mbed::Stream::close()                    0x00003909   Thumb Code     4  Stream.o(i._ZN4mbed6Stream5closeEv)
    mbed::Stream::lseek(long, int)           0x0000390d   Thumb Code     4  Stream.o(i._ZN4mbed6Stream5lseekEli)
    mbed::Stream::write(const void*, unsigned) 0x00003911   Thumb Code    44  Stream.o(i._ZN4mbed6Stream5writeEPKvj)
    mbed::Stream::isatty()                   0x0000393d   Thumb Code     4  Stream.o(i._ZN4mbed6Stream6isattyEv)
    mbed::Stream::Stream__sub_object(const char*) 0x00003941   Thumb Code    52  Stream.o(i._ZN4mbed6StreamC2EPKc)
    mbed::Stream::~Stream()                  0x00003981   Thumb Code     0  Stream.o(i._ZN4mbed6StreamD2Ev)
    mbed::Stream::~Stream__sub_object()      0x00003981   Thumb Code    28  Stream.o(i._ZN4mbed6StreamD2Ev)
    mbed::Ticker::setup(unsigned)            0x000039a1   Thumb Code    32  Ticker.o(i._ZN4mbed6Ticker5setupEj)
    mbed::Ticker::detach()                   0x000039c1   Thumb Code    16  Ticker.o(i._ZN4mbed6Ticker6detachEv)
    mbed::Ticker::handler()                  0x000039d1   Thumb Code    52  Ticker.o(i._ZN4mbed6Ticker7handlerEv)
    mbed::Timeout::handler()                 0x00003a05   Thumb Code    28  Timeout.o(i._ZN4mbed7Timeout7handlerEv)
    mbed::Timeout::~Timeout()                0x00003a21   Thumb Code    24  Timeout.o(i._ZN4mbed7TimeoutD1Ev)
    mbed::Timeout::~Timeout__sub_object()    0x00003a21   Thumb Code     0  Timeout.o(i._ZN4mbed7TimeoutD1Ev)
    mbed::FileBase::getPathType()            0x00003a3d   Thumb Code     4  FileBase.o(i._ZN4mbed8FileBase11getPathTypeEv)
    mbed::FileBase::lookup(const char*, unsigned) 0x00003a41   Thumb Code    50  FileBase.o(i._ZN4mbed8FileBase6lookupEPKcj)
    mbed::FileBase::FileBase(const char*, mbed::PathType) 0x00003a79   Thumb Code    28  FileBase.o(i._ZN4mbed8FileBaseC1EPKcNS_8PathTypeE)
    mbed::FileBase::FileBase__sub_object(const char*, mbed::PathType) 0x00003a79   Thumb Code     0  FileBase.o(i._ZN4mbed8FileBaseC1EPKcNS_8PathTypeE)
    mbed::FileBase::~FileBase()              0x00003a9d   Thumb Code    46  FileBase.o(i._ZN4mbed8FileBaseD1Ev)
    mbed::FileBase::~FileBase__sub_object()  0x00003a9d   Thumb Code     0  FileBase.o(i._ZN4mbed8FileBaseD1Ev)
    mbed::FileLike::FileLike__sub_object(const char*) 0x00003ad5   Thumb Code    26  FileLike.o(i._ZN4mbed8FileLikeC2EPKc)
    mbed::FileLike::~FileLike()              0x00003af9   Thumb Code     0  FileLike.o(i._ZN4mbed8FileLikeD2Ev)
    mbed::FileLike::~FileLike__sub_object()  0x00003af9   Thumb Code    18  FileLike.o(i._ZN4mbed8FileLikeD2Ev)
    mbed::FilePath::fileSystem()             0x00003b0b   Thumb Code    24  FilePath.o(i._ZN4mbed8FilePath10fileSystemEv)
    mbed::FilePath::file()                   0x00003b23   Thumb Code    28  FilePath.o(i._ZN4mbed8FilePath4fileEv)
    mbed::FilePath::exists()                 0x00003b3f   Thumb Code    10  FilePath.o(i._ZN4mbed8FilePath6existsEv)
    mbed::FilePath::isFile()                 0x00003b49   Thumb Code    24  FilePath.o(i._ZN4mbed8FilePath6isFileEv)
    mbed::FilePath::fileName()               0x00003b61   Thumb Code     4  FilePath.o(i._ZN4mbed8FilePath8fileNameEv)
    mbed::FilePath::FilePath(const char*)    0x00003b65   Thumb Code    64  FilePath.o(i._ZN4mbed8FilePathC1EPKc)
    mbed::FilePath::FilePath__sub_object(const char*) 0x00003b65   Thumb Code     0  FilePath.o(i._ZN4mbed8FilePathC1EPKc)
    mbed::mbed_getc(std::__FILE*)            0x00003ba5   Thumb Code     4  retarget.o(i._ZN4mbed9mbed_getcEPSt6__FILE)
    thunk{-64} to mbed::Serial::_getc()      0x00003ba9   Thumb Code     6  Serial.o(i._ZThn64_N4mbed6Serial5_getcEv)
    thunk{-64} to mbed::Serial::_putc(int)   0x00003baf   Thumb Code     6  Serial.o(i._ZThn64_N4mbed6Serial5_putcEi)
    __ARM_fpclassify                         0x00003bb5   Thumb Code    40  fpclassify.o(i.__ARM_fpclassify)
    __aeabi_atexit                           0x00003bdd   Thumb Code    50  aeabi_atexit.o(i.__aeabi_atexit)
    __aeabi_vec_ctor_nocookie_nodtor         0x00003c0f   Thumb Code    36  aeabi_vec_ctor_nocookie_nodtor.o(i.__aeabi_vec_ctor_nocookie_nodtor)
    __cxa_finalize                           0x00003c33   Thumb Code    66  cxa_finalize.o(i.__cxa_finalize)
    __cxa_pure_virtual                       0x00003c75   Thumb Code     6  pure_virt.o(i.__cxa_pure_virtual)
    __user_setup_stackheap                   0x00003c7d   Thumb Code    10  sys.o(i.__user_setup_stackheap)
    _is_digit                                0x00003c8d   Thumb Code    14  __printf_wp.o(i._is_digit)
    _sys_close                               0x00003c9d   Thumb Code    40  retarget.o(i._sys_close)
    _sys_flen                                0x00003cc9   Thumb Code    34  retarget.o(i._sys_flen)
    _sys_istty                               0x00003cf1   Thumb Code    34  retarget.o(i._sys_istty)
    _sys_open                                0x00003d19   Thumb Code   300  retarget.o(i._sys_open)
    _sys_read                                0x00003e65   Thumb Code    70  retarget.o(i._sys_read)
    _sys_seek                                0x00003ebd   Thumb Code    36  retarget.o(i._sys_seek)
    _sys_write                               0x00003ee5   Thumb Code    82  retarget.o(i._sys_write)
    error                                    0x00003f49   Thumb Code    20  error.o(i.error)
    exit                                     0x00003f61   Thumb Code    36  retarget.o(i.exit)
    fgetc                                    0x00003f8d   Thumb Code    24  fgetc.o(i.fgetc)
    fputc                                    0x00003fa5   Thumb Code    26  fputc.o(i.fputc)
    get_us_ticker_data                       0x00003fc1   Thumb Code     4  us_ticker_api.o(i.get_us_ticker_data)
    gpio_dir                                 0x00003fc9   Thumb Code    54  gpio_api.o(i.gpio_dir)
    gpio_init                                0x0000401d   Thumb Code    58  gpio_api.o(i.gpio_init)
    gpio_init_in                             0x00004057   Thumb Code    40  gpio.o(i.gpio_init_in)
    gpio_init_out                            0x00004081   Thumb Code    64  gpio.o(i.gpio_init_out)
    gpio_init_out_ex                         0x000040c9   Thumb Code    76  gpio.o(i.gpio_init_out_ex)
    gpio_mode                                0x00004131   Thumb Code     6  gpio_api.o(i.gpio_mode)
    mbed_assert_internal                     0x00004139   Thumb Code    12  assert.o(i.mbed_assert_internal)
    mbed_die                                 0x00004179   Thumb Code   242  board.o(i.mbed_die)
    mbed_interface_connected                 0x00004299   Thumb Code     4  mbed_interface.o(i.mbed_interface_connected)
    mbed_main                                0x0000429d   Thumb Code     2  retarget.o(i.mbed_main)
    mbed_sdk_init                            0x0000429f   Thumb Code     2  retarget.o(i.mbed_sdk_init)
    pin_function                             0x000042a1   Thumb Code    68  pinmap.o(i.pin_function)
    pin_mode                                 0x000042fd   Thumb Code   120  pinmap.o(i.pin_mode)
    pinmap_find_peripheral                   0x0000438d   Thumb Code    34  pinmap_common.o(i.pinmap_find_peripheral)
    pinmap_merge                             0x000043b1   Thumb Code    38  pinmap_common.o(i.pinmap_merge)
    pinmap_peripheral                        0x000043ed   Thumb Code    58  pinmap_common.o(i.pinmap_peripheral)
    pinmap_pinout                            0x00004449   Thumb Code    66  pinmap_common.o(i.pinmap_pinout)
    pwmout_init                              0x000044a1   Thumb Code   202  pwmout_api.o(i.pwmout_init)
    pwmout_write                             0x000045a1   Thumb Code    74  pwmout_api.o(i.pwmout_write)
    semihost_connected                       0x000045f1   Thumb Code    10  semihost_api.o(i.semihost_connected)
    semihost_exit                            0x00004601   Thumb Code    12  semihost_api.o(i.semihost_exit)
    serial_baud                              0x0000460d   Thumb Code   408  serial_api.o(i.serial_baud)
    serial_getc                              0x000047d1   Thumb Code    52  serial_api.o(i.serial_getc)
    serial_init                              0x00004809   Thumb Code   344  serial_api.o(i.serial_init)
    serial_irq_handler                       0x00004989   Thumb Code    18  serial_api.o(i.serial_irq_handler)
    serial_irq_set                           0x000049a5   Thumb Code    24  serial_api.o(i.serial_irq_set)
    serial_putc                              0x00004a8d   Thumb Code   100  serial_api.o(i.serial_putc)
    serial_readable                          0x00004af5   Thumb Code    10  serial_api.o(i.serial_readable)
    serial_set_flow_control                  0x00004b01   Thumb Code   252  serial_api.o(i.serial_set_flow_control)
    ticker_insert_event                      0x00004c0d   Thumb Code    62  ticker_api.o(i.ticker_insert_event)
    ticker_irq_handler                       0x00004c4b   Thumb Code    78  ticker_api.o(i.ticker_irq_handler)
    ticker_read                              0x00004c99   Thumb Code     6  ticker_api.o(i.ticker_read)
    ticker_remove_event                      0x00004c9f   Thumb Code    60  ticker_api.o(i.ticker_remove_event)
    ticker_set_handler                       0x00004cdb   Thumb Code    18  ticker_api.o(i.ticker_set_handler)
    uart0_irq                                0x00004ced   Thumb Code    14  serial_api.o(i.uart0_irq)
    uart1_irq                                0x00004d01   Thumb Code    14  serial_api.o(i.uart1_irq)
    uart2_irq                                0x00004d15   Thumb Code    14  serial_api.o(i.uart2_irq)
    uart3_irq                                0x00004d29   Thumb Code    14  serial_api.o(i.uart3_irq)
    us_ticker_clear_interrupt                0x00004da5   Thumb Code     8  us_ticker.o(i.us_ticker_clear_interrupt)
    us_ticker_disable_interrupt              0x00004db1   Thumb Code    12  us_ticker.o(i.us_ticker_disable_interrupt)
    us_ticker_init                           0x00004dc1   Thumb Code    76  us_ticker.o(i.us_ticker_init)
    us_ticker_irq_handler                    0x00004e25   Thumb Code     6  us_ticker_api.o(i.us_ticker_irq_handler)
    us_ticker_read                           0x00004e31   Thumb Code    74  us_ticker.o(i.us_ticker_read)
    us_ticker_set_interrupt                  0x00004e95   Thumb Code    14  us_ticker.o(i.us_ticker_set_interrupt)
    wait                                     0x00004ea9   Thumb Code    32  wait_api.o(i.wait)
    wait_ms                                  0x00004ecd   Thumb Code    28  wait_api.o(i.wait_ms)
    _get_lc_numeric                          0x00004ee9   Thumb Code    44  lc_numeric_c.o(locale$$code)
    _get_lc_ctype                            0x00004f15   Thumb Code    44  lc_ctype_c.o(locale$$code)
    mbed::FunctionPointerArg1<void, void>::attach(void(*)()) 0x00004f41   Thumb Code     8  main.o(t._ZN4mbed19FunctionPointerArg1IvvE6attachEPFvvE)
    __aeabi_d2f                              0x00004f49   Thumb Code     0  d2f.o(x$fpl$d2f)
    _d2f                                     0x00004f49   Thumb Code    98  d2f.o(x$fpl$d2f)
    __aeabi_dadd                             0x00004fad   Thumb Code     0  daddsub_clz.o(x$fpl$dadd)
    _dadd                                    0x00004fad   Thumb Code   332  daddsub_clz.o(x$fpl$dadd)
    __aeabi_dmul                             0x000050fd   Thumb Code     0  dmul.o(x$fpl$dmul)
    _dmul                                    0x000050fd   Thumb Code   332  dmul.o(x$fpl$dmul)
    __fpl_dnaninf                            0x00005251   Thumb Code   156  dnaninf.o(x$fpl$dnaninf)
    __fpl_dretinf                            0x000052ed   Thumb Code    12  dretinf.o(x$fpl$dretinf)
    __aeabi_dsub                             0x000052f9   Thumb Code     0  daddsub_clz.o(x$fpl$dsub)
    _dsub                                    0x000052f9   Thumb Code   464  daddsub_clz.o(x$fpl$dsub)
    __aeabi_f2d                              0x000054cd   Thumb Code     0  f2d.o(x$fpl$f2d)
    _f2d                                     0x000054cd   Thumb Code    86  f2d.o(x$fpl$f2d)
    __aeabi_fdiv                             0x00005525   Thumb Code     0  fdiv.o(x$fpl$fdiv)
    _fdiv                                    0x00005525   Thumb Code   384  fdiv.o(x$fpl$fdiv)
    __aeabi_f2iz                             0x000056a9   Thumb Code     0  ffix.o(x$fpl$ffix)
    _ffix                                    0x000056a9   Thumb Code    54  ffix.o(x$fpl$ffix)
    __aeabi_f2uiz                            0x000056e1   Thumb Code     0  ffixu.o(x$fpl$ffixu)
    _ffixu                                   0x000056e1   Thumb Code    62  ffixu.o(x$fpl$ffixu)
    __aeabi_i2f                              0x00005721   Thumb Code     0  fflt_clz.o(x$fpl$fflt)
    _fflt                                    0x00005721   Thumb Code    48  fflt_clz.o(x$fpl$fflt)
    __aeabi_ui2f                             0x00005751   Thumb Code     0  fflt_clz.o(x$fpl$ffltu)
    _ffltu                                   0x00005751   Thumb Code    38  fflt_clz.o(x$fpl$ffltu)
    __aeabi_fmul                             0x00005779   Thumb Code     0  fmul.o(x$fpl$fmul)
    _fmul                                    0x00005779   Thumb Code   258  fmul.o(x$fpl$fmul)
    __fpl_fnaninf                            0x0000587b   Thumb Code   140  fnaninf.o(x$fpl$fnaninf)
    __fpl_fretinf                            0x00005907   Thumb Code    10  fretinf.o(x$fpl$fretinf)
    _printf_fp_dec                           0x00005911   Thumb Code     4  printf1.o(x$fpl$printf1)
    _printf_fp_hex                           0x00005915   Thumb Code     4  printf2.o(x$fpl$printf2)
    __I$use$fp                               0x00005918   Number         0  usenofp.o(x$fpl$usenofp)
    __stdin_name                             0x00005918   Data           7  retarget.o(.constdata)
    __stdout_name                            0x0000591f   Data           8  retarget.o(.constdata)
    __stderr_name                            0x00005927   Data           8  retarget.o(.constdata)
    vtable for mbed::FileHandle              0x00005c20   Data          44  retarget.o(.constdata__ZTVN4mbed10FileHandleE)
    vtable for mbed::SerialBase              0x00005c4c   Data          16  SerialBase.o(.constdata__ZTVN4mbed10SerialBaseE)
    vtable for mbed::TimerEvent              0x00005c5c   Data          20  TimerEvent.o(.constdata__ZTVN4mbed10TimerEventE)
    vtable for mbed::Serial                  0x00005c70   Data          92  Serial.o(.constdata__ZTVN4mbed6SerialE)
    vtable for mbed::Stream                  0x00005ccc   Data          68  Stream.o(.constdata__ZTVN4mbed6StreamE)
    vtable for mbed::Ticker                  0x00005d10   Data          20  Ticker.o(.constdata__ZTVN4mbed6TickerE)
    vtable for mbed::Timeout                 0x00005d24   Data          20  Timeout.o(.constdata__ZTVN4mbed7TimeoutE)
    vtable for mbed::FileBase                0x00005d38   Data          16  FileBase.o(.constdata__ZTVN4mbed8FileBaseE)
    vtable for mbed::FileLike                0x00005d48   Data          60  FileLike.o(.constdata__ZTVN4mbed8FileLikeE)
    Region$$Table$$Base                      0x00005f88   Number         0  anon$$obj.o(Region$$Table)
    Region$$Table$$Limit                     0x00005fa8   Number         0  anon$$obj.o(Region$$Table)
    __ctype                                  0x00005fd1   Data           0  lc_ctype_c.o(locale$$data)
    SHT$$INIT_ARRAY$$Base                    0x000060d4   Number         0  main.o(.init_array)
    SHT$$INIT_ARRAY$$Limit                   0x000060d8   Number         0  init_aeabi.o(.init_array)
    _Apwm                                    0x100000c8   Data           8  main.o(.data)
    _Bpwm                                    0x100000d0   Data           8  main.o(.data)
    Data::xAcc                               0x100000d8   Data           4  main.o(.data)
    Data::yAcc                               0x100000dc   Data           4  main.o(.data)
    Data::zAcc                               0x100000e0   Data           4  main.o(.data)
    Data::xAngleSpeed                        0x100000e4   Data           4  main.o(.data)
    Data::yAngleSpeed                        0x100000e8   Data           4  main.o(.data)
    Data::zAngleSpeed                        0x100000ec   Data           4  main.o(.data)
    Data::xAngle                             0x100000f0   Data           4  main.o(.data)
    Data::yAngle                             0x100000f4   Data           4  main.o(.data)
    Data::zAngle                             0x100000f8   Data           4  main.o(.data)
    Data::Temp                               0x100000fc   Data           4  main.o(.data)
    SystemCoreClock                          0x10000100   Data           4  system_LPC17xx.o(.data)
    PWM_MATCH                                0x10000108   Data          28  pwmout_api.o(.data)
    stdio_uart_inited                        0x10000124   Data           4  serial_api.o(.data)
    stdio_uart                               0x1000012c   Data           8  serial_api.o(.data)
    us_ticker_inited                         0x10000134   Data           4  us_ticker.o(.data)
    mbed::FileBase::_head                    0x10000138   Data           4  FileBase.o(.data)
    __aeabi_stdin                            0x10000144   Data           4  stdio_streams.o(.data)
    __aeabi_stdout                           0x10000148   Data           4  stdio_streams.o(.data)
    __aeabi_stderr                           0x1000014c   Data           4  stdio_streams.o(.data)
    PC                                       0x10000154   Data          88  main.o(.bss)
    MPU6050_Serial                           0x100001ac   Data          88  main.o(.bss)
    LEDS                                     0x10000204   Data          96  main.o(.bss)
    timeoutStop                              0x10000264   Data          48  main.o(.bss)
    _A1                                      0x10000294   Data          24  main.o(.bss)
    _A2                                      0x100002ac   Data          24  main.o(.bss)
    _B1                                      0x100002c4   Data          24  main.o(.bss)
    _B2                                      0x100002dc   Data          24  main.o(.bss)
    _stby                                    0x100002f4   Data          24  main.o(.bss)
    __stdin                                  0x1000042c   Data          84  stdio_streams.o(.bss)
    __stdout                                 0x10000480   Data          84  stdio_streams.o(.bss)
    __stderr                                 0x100004d4   Data          84  stdio_streams.o(.bss)
    Image$$RW_IRAM1$$ZI$$Limit               0x10000548   Number         0  anon$$obj.o ABSOLUTE



==============================================================================

Memory Map of the image

  Image Entry point : 0x000000c5

  Load Region LR_IROM1 (Base: 0x00000000, Size: 0x00006164, Max: 0x00080000, ABSOLUTE)

    Execution Region ER_IROM1 (Base: 0x00000000, Size: 0x000060d8, Max: 0x00080000, ABSOLUTE)

    Base Addr    Size         Type   Attr      Idx    E Section Name        Object

    0x00000000   0x000000c4   Data   RO          367    RESET               startup_LPC17xx.o
    0x000000c4   0x00000008   Code   RO         1232  * !!!main             c_w.l(__main.o)
    0x000000cc   0x00000034   Code   RO         2054    !!!scatter          c_w.l(__scatter.o)
    0x00000100   0x0000001a   Code   RO         2056    !!handler_copy      c_w.l(__scatter_copy.o)
    0x0000011a   0x00000002   PAD
    0x0000011c   0x0000001c   Code   RO         2058    !!handler_zi        c_w.l(__scatter_zi.o)
    0x00000138   0x00000000   Code   RO         1174    .ARM.Collect$$_printf_percent$$00000000  c_w.l(_printf_percent.o)
    0x00000138   0x00000006   Code   RO         1504    .ARM.Collect$$_printf_percent$$00000001  c_w.l(_printf_n.o)
    0x0000013e   0x00000006   Code   RO         1173    .ARM.Collect$$_printf_percent$$00000002  c_w.l(_printf_p.o)
    0x00000144   0x00000006   Code   RO         1510    .ARM.Collect$$_printf_percent$$00000003  c_w.l(_printf_f.o)
    0x0000014a   0x00000006   Code   RO         1511    .ARM.Collect$$_printf_percent$$00000004  c_w.l(_printf_e.o)
    0x00000150   0x00000006   Code   RO         1512    .ARM.Collect$$_printf_percent$$00000005  c_w.l(_printf_g.o)
    0x00000156   0x00000006   Code   RO         1513    .ARM.Collect$$_printf_percent$$00000006  c_w.l(_printf_a.o)
    0x0000015c   0x0000000a   Code   RO         1518    .ARM.Collect$$_printf_percent$$00000007  c_w.l(_printf_ll.o)
    0x00000166   0x00000006   Code   RO         1507    .ARM.Collect$$_printf_percent$$00000008  c_w.l(_printf_i.o)
    0x0000016c   0x00000006   Code   RO         1508    .ARM.Collect$$_printf_percent$$00000009  c_w.l(_printf_d.o)
    0x00000172   0x00000006   Code   RO         1509    .ARM.Collect$$_printf_percent$$0000000A  c_w.l(_printf_u.o)
    0x00000178   0x00000006   Code   RO         1506    .ARM.Collect$$_printf_percent$$0000000B  c_w.l(_printf_o.o)
    0x0000017e   0x00000006   Code   RO         1505    .ARM.Collect$$_printf_percent$$0000000C  c_w.l(_printf_x.o)
    0x00000184   0x00000006   Code   RO         1515    .ARM.Collect$$_printf_percent$$0000000D  c_w.l(_printf_lli.o)
    0x0000018a   0x00000006   Code   RO         1516    .ARM.Collect$$_printf_percent$$0000000E  c_w.l(_printf_lld.o)
    0x00000190   0x00000006   Code   RO         1517    .ARM.Collect$$_printf_percent$$0000000F  c_w.l(_printf_llu.o)
    0x00000196   0x00000006   Code   RO         1522    .ARM.Collect$$_printf_percent$$00000010  c_w.l(_printf_llo.o)
    0x0000019c   0x00000006   Code   RO         1523    .ARM.Collect$$_printf_percent$$00000011  c_w.l(_printf_llx.o)
    0x000001a2   0x0000000a   Code   RO         1519    .ARM.Collect$$_printf_percent$$00000012  c_w.l(_printf_l.o)
    0x000001ac   0x00000006   Code   RO         1502    .ARM.Collect$$_printf_percent$$00000013  c_w.l(_printf_c.o)
    0x000001b2   0x00000006   Code   RO         1503    .ARM.Collect$$_printf_percent$$00000014  c_w.l(_printf_s.o)
    0x000001b8   0x00000006   Code   RO         1520    .ARM.Collect$$_printf_percent$$00000015  c_w.l(_printf_lc.o)
    0x000001be   0x00000006   Code   RO         1521    .ARM.Collect$$_printf_percent$$00000016  c_w.l(_printf_ls.o)
    0x000001c4   0x00000004   Code   RO         1514    .ARM.Collect$$_printf_percent$$00000017  c_w.l(_printf_percent_end.o)
    0x000001c8   0x00000002   Code   RO         1926    .ARM.Collect$$libinit$$00000000  c_w.l(libinit.o)
    0x000001ca   0x00000000   Code   RO         1570    .ARM.Collect$$libinit$$00000002  c_w.l(libinit2.o)
    0x000001ca   0x00000000   Code   RO         1572    .ARM.Collect$$libinit$$00000004  c_w.l(libinit2.o)
    0x000001ca   0x00000008   Code   RO         1573    .ARM.Collect$$libinit$$00000005  c_w.l(libinit2.o)
    0x000001d2   0x00000000   Code   RO         1575    .ARM.Collect$$libinit$$0000000A  c_w.l(libinit2.o)
    0x000001d2   0x00000000   Code   RO         1577    .ARM.Collect$$libinit$$0000000C  c_w.l(libinit2.o)
    0x000001d2   0x00000000   Code   RO         1579    .ARM.Collect$$libinit$$0000000E  c_w.l(libinit2.o)
    0x000001d2   0x00000006   Code   RO         1580    .ARM.Collect$$libinit$$0000000F  c_w.l(libinit2.o)
    0x000001d8   0x00000000   Code   RO         1582    .ARM.Collect$$libinit$$00000011  c_w.l(libinit2.o)
    0x000001d8   0x0000000c   Code   RO         1583    .ARM.Collect$$libinit$$00000012  c_w.l(libinit2.o)
    0x000001e4   0x00000000   Code   RO         1584    .ARM.Collect$$libinit$$00000013  c_w.l(libinit2.o)
    0x000001e4   0x00000000   Code   RO         1586    .ARM.Collect$$libinit$$00000015  c_w.l(libinit2.o)
    0x000001e4   0x0000000a   Code   RO         1587    .ARM.Collect$$libinit$$00000016  c_w.l(libinit2.o)
    0x000001ee   0x00000000   Code   RO         1588    .ARM.Collect$$libinit$$00000017  c_w.l(libinit2.o)
    0x000001ee   0x00000000   Code   RO         1590    .ARM.Collect$$libinit$$00000019  c_w.l(libinit2.o)
    0x000001ee   0x00000000   Code   RO         1592    .ARM.Collect$$libinit$$0000001B  c_w.l(libinit2.o)
    0x000001ee   0x00000000   Code   RO         1594    .ARM.Collect$$libinit$$0000001D  c_w.l(libinit2.o)
    0x000001ee   0x00000000   Code   RO         1596    .ARM.Collect$$libinit$$0000001F  c_w.l(libinit2.o)
    0x000001ee   0x00000000   Code   RO         1598    .ARM.Collect$$libinit$$00000021  c_w.l(libinit2.o)
    0x000001ee   0x00000000   Code   RO         1600    .ARM.Collect$$libinit$$00000023  c_w.l(libinit2.o)
    0x000001ee   0x00000004   Code   RO         1601    .ARM.Collect$$libinit$$00000024  c_w.l(libinit2.o)
    0x000001f2   0x00000000   Code   RO         1602    .ARM.Collect$$libinit$$00000025  c_w.l(libinit2.o)
    0x000001f2   0x00000000   Code   RO         1606    .ARM.Collect$$libinit$$0000002C  c_w.l(libinit2.o)
    0x000001f2   0x00000000   Code   RO         1608    .ARM.Collect$$libinit$$0000002E  c_w.l(libinit2.o)
    0x000001f2   0x00000000   Code   RO         1610    .ARM.Collect$$libinit$$00000030  c_w.l(libinit2.o)
    0x000001f2   0x00000004   Code   RO         1611    .ARM.Collect$$libinit$$00000031  c_w.l(libinit2.o)
    0x000001f6   0x00000000   Code   RO         1612    .ARM.Collect$$libinit$$00000032  c_w.l(libinit2.o)
    0x000001f6   0x00000002   Code   RO         1613    .ARM.Collect$$libinit$$00000033  c_w.l(libinit2.o)
    0x000001f8   0x00000006   Code   RO         1614    .ARM.Collect$$libshutdown$$00000001  c_w.l(libshutdown2.o)
    0x000001fe   0x00000000   Code   RO         1616    .ARM.Collect$$libshutdown$$00000003  c_w.l(libshutdown2.o)
    0x000001fe   0x00000000   Code   RO         1396    .ARM.Collect$$rtentry$$00000000  c_w.l(__rtentry.o)
    0x000001fe   0x00000000   Code   RO         1693    .ARM.Collect$$rtentry$$00000002  c_w.l(__rtentry2.o)
    0x000001fe   0x00000006   Code   RO         1705    .ARM.Collect$$rtentry$$00000004  c_w.l(__rtentry4.o)
    0x00000204   0x00000000   Code   RO         1695    .ARM.Collect$$rtentry$$00000009  c_w.l(__rtentry2.o)
    0x00000204   0x00000004   Code   RO         1696    .ARM.Collect$$rtentry$$0000000A  c_w.l(__rtentry2.o)
    0x00000208   0x00000000   Code   RO         1698    .ARM.Collect$$rtentry$$0000000C  c_w.l(__rtentry2.o)
    0x00000208   0x00000008   Code   RO         1699    .ARM.Collect$$rtentry$$0000000D  c_w.l(__rtentry2.o)
    0x00000210   0x00000000   Code   RO         1856    .emb_text           c_w.l(maybetermalloc1.o)
    0x00000210   0x00000024   Code   RO          369    .text               startup_LPC17xx.o
    0x00000234   0x0000000a   Code   RO         1122    .text               c_w.l(vfprintf.o)
    0x0000023e   0x00000002   PAD
    0x00000240   0x0000002c   Code   RO         1126    .text               c_w.l(__2sprintf.o)
    0x0000026c   0x0000003c   Code   RO         1177    .text               c_w.l(__0sscanf.o)
    0x000002a8   0x00000014   Code   RO         1197    .text               c_w.l(setbuf.o)
    0x000002bc   0x0000003e   Code   RO         1220    .text               c_w.l(strlen.o)
    0x000002fa   0x00000002   Code   RO         1960    .text               c_w.l(use_no_semi.o)
    0x000002fc   0x00000004   Code   RO          368    .ARM.__at_0x02FC    startup_LPC17xx.o
    0x00000300   0x000006cc   Code   RO            3    .text               main.o
    0x000009cc   0x00000094   Code   RO         1150    .text               c_w.l(_printf_hex_int_ll_ptr.o)
    0x00000a60   0x00000188   Code   RO         1170    .text               c_w.l(__printf_flags_ss_wp.o)
    0x00000be8   0x0000014c   Code   RO         1179    .text               c_w.l(_scanf_int.o)
    0x00000d34   0x00000064   Code   RO         1181    .text               c_w.l(fflush.o)
    0x00000d98   0x000000ec   Code   RO         1195    .text               c_w.l(fopen.o)
    0x00000e84   0x0000004c   Code   RO         1205    .text               c_w.l(fclose.o)
    0x00000ed0   0x00000096   Code   RO         1222    .text               c_w.l(strncmp.o)
    0x00000f66   0x00000064   Code   RO         1224    .text               c_w.l(rt_memcpy_w.o)
    0x00000fca   0x0000004e   Code   RO         1226    .text               c_w.l(rt_memclr_w.o)
    0x00001018   0x00000080   Code   RO         1230    .text               c_w.l(strcmpv7m.o)
    0x00001098   0x00000024   Code   RO         1237    .text               c_w.l(init_aeabi.o)
    0x000010bc   0x00000008   Code   RO         1406    .text               c_w.l(rt_ddtor_pointer_addr.o)
    0x000010c4   0x0000005e   Code   RO         1415    .text               c_w.l(h1_alloc.o)
    0x00001122   0x0000004e   Code   RO         1417    .text               c_w.l(h1_free.o)
    0x00001170   0x0000004e   Code   RO         1473    .text               c_w.l(_printf_pad.o)
    0x000011be   0x00000024   Code   RO         1475    .text               c_w.l(_printf_truncate.o)
    0x000011e2   0x00000052   Code   RO         1477    .text               c_w.l(_printf_str.o)
    0x00001234   0x000000b2   Code   RO         1479    .text               c_w.l(_printf_intcommon.o)
    0x000012e6   0x00000002   PAD
    0x000012e8   0x00000078   Code   RO         1481    .text               c_w.l(_printf_dec.o)
    0x00001360   0x00000028   Code   RO         1483    .text               c_w.l(_printf_charcount.o)
    0x00001388   0x00000030   Code   RO         1485    .text               c_w.l(_printf_char_common.o)
    0x000013b8   0x0000000a   Code   RO         1487    .text               c_w.l(_sputc.o)
    0x000013c2   0x00000002   PAD
    0x000013c4   0x00000024   Code   RO         1489    .text               c_w.l(_printf_char_file.o)
    0x000013e8   0x000000bc   Code   RO         1491    .text               c_w.l(_printf_wctomb.o)
    0x000014a4   0x0000007c   Code   RO         1494    .text               c_w.l(_printf_longlong_dec.o)
    0x00001520   0x00000070   Code   RO         1500    .text               c_w.l(_printf_oct_int_ll.o)
    0x00001590   0x0000001c   Code   RO         1524    .text               c_w.l(_chval.o)
    0x000015ac   0x0000002c   Code   RO         1530    .text               c_w.l(scanf_char.o)
    0x000015d8   0x00000040   Code   RO         1532    .text               c_w.l(_sgetc.o)
    0x00001618   0x00000008   Code   RO         1542    .text               c_w.l(ferror.o)
    0x00001620   0x0000023a   Code   RO         1544    .text               c_w.l(filbuf.o)
    0x0000185a   0x000001d6   Code   RO         1546    .text               c_w.l(flsbuf.o)
    0x00001a30   0x000000f8   Code   RO         1548    .text               c_w.l(fseek.o)
    0x00001b28   0x00000046   Code   RO         1550    .text               c_w.l(setvbuf.o)
    0x00001b6e   0x00000002   PAD
    0x00001b70   0x000000f0   Code   RO         1552    .text               c_w.l(stdio.o)
    0x00001c60   0x00000138   Code   RO         1555    .text               c_w.l(initio.o)
    0x00001d98   0x0000000e   Code   RO         1563    .text               c_w.l(defsig_pvfn_outer.o)
    0x00001da6   0x00000002   PAD
    0x00001da8   0x00000008   Code   RO         1711    .text               c_w.l(rt_heap_descriptor.o)
    0x00001db0   0x00000004   Code   RO         1716    .text               c_w.l(hguard.o)
    0x00001db4   0x0000008a   Code   RO         1718    .text               c_w.l(init_alloc.o)
    0x00001e3e   0x0000000e   Code   RO         1722    .text               c_w.l(h1_init.o)
    0x00001e4c   0x0000008a   Code   RO         1736    .text               c_w.l(lludiv10.o)
    0x00001ed6   0x00000012   Code   RO         1738    .text               c_w.l(isspace.o)
    0x00001ee8   0x0000041a   Code   RO         1740    .text               c_w.l(_printf_fp_dec.o)
    0x00002302   0x00000002   PAD
    0x00002304   0x000002fc   Code   RO         1742    .text               c_w.l(_printf_fp_hex.o)
    0x00002600   0x0000002c   Code   RO         1747    .text               c_w.l(_printf_char.o)
    0x0000262c   0x0000002c   Code   RO         1751    .text               c_w.l(_printf_wchar.o)
    0x00002658   0x00000374   Code   RO         1753    .text               c_w.l(_scanf.o)
    0x000029cc   0x00000042   Code   RO         1763    .text               c_w.l(ftell.o)
    0x00002a0e   0x00000002   PAD
    0x00002a10   0x00000038   Code   RO         1771    .text               c_w.l(flushlinebuffered.o)
    0x00002a48   0x00000040   Code   RO         1789    .text               c_w.l(_wcrtomb.o)
    0x00002a88   0x0000000a   Code   RO         1791    .text               c_w.l(defsig_exit.o)
    0x00002a92   0x0000000e   Code   RO         1793    .text               c_w.l(defsig_rtred_outer.o)
    0x00002aa0   0x00000030   Code   RO         1797    .text               c_w.l(defsig_pvfn_inner.o)
    0x00002ad0   0x0000000c   Code   RO         1835    .text               c_w.l(sys_exit.o)
    0x00002adc   0x00000010   Code   RO         1837    .text               c_w.l(rt_ctype_table.o)
    0x00002aec   0x00000008   Code   RO         1839    .text               c_w.l(rt_locale.o)
    0x00002af4   0x00000008   Code   RO         1849    .text               c_w.l(rt_errno_addr.o)
    0x00002afc   0x00000034   Code   RO         1858    .text               c_w.l(h1_extend.o)
    0x00002b30   0x00000080   Code   RO         1862    .text               c_w.l(_printf_fp_infnan.o)
    0x00002bb0   0x000000dc   Code   RO         1864    .text               c_w.l(bigflt0.o)
    0x00002c8c   0x00000032   Code   RO         1898    .text               c_w.l(defsig_general.o)
    0x00002cbe   0x00000002   PAD
    0x00002cc0   0x00000034   Code   RO         1904    .text               c_w.l(defsig_rtred_inner.o)
    0x00002cf4   0x0000000e   Code   RO         1906    .text               c_w.l(defsig_rtmem_outer.o)
    0x00002d02   0x00000002   PAD
    0x00002d04   0x00000050   Code   RO         1912    .text               c_w.l(heapauxa.o)
    0x00002d54   0x0000000e   Code   RO         1958    .text               c_w.l(sys_wrch.o)
    0x00002d62   0x00000000   Code   RO         1962    .text               c_w.l(indicate_semi.o)
    0x00002d62   0x00000002   PAD
    0x00002d64   0x00000050   Code   RO         1982    .text               c_w.l(defsig_rtmem_inner.o)
    0x00002db4   0x0000003e   Code   RO         1867    CL$$btod_d2e        c_w.l(btod.o)
    0x00002df2   0x00000046   Code   RO         1869    CL$$btod_d2e_denorm_low  c_w.l(btod.o)
    0x00002e38   0x00000060   Code   RO         1868    CL$$btod_d2e_norm_op1  c_w.l(btod.o)
    0x00002e98   0x00000338   Code   RO         1877    CL$$btod_div_common  c_w.l(btod.o)
    0x000031d0   0x000000c6   Code   RO         1874    CL$$btod_e2e        c_w.l(btod.o)
    0x00003296   0x00000028   Code   RO         1871    CL$$btod_ediv       c_w.l(btod.o)
    0x000032be   0x00000028   Code   RO         1870    CL$$btod_emul       c_w.l(btod.o)
    0x000032e6   0x00000244   Code   RO         1876    CL$$btod_mult_common  c_w.l(btod.o)
    0x0000352a   0x00000012   Code   RO          381    i.$Sub$$main        retarget.o
    0x0000353c   0x00000008   Code   RO          670    i.<Func1>           mbed.ar(SerialBase.o)
    0x00003544   0x00000034   Code   RO          374    i.NVIC_SetVector    cmsis_nvic.o
    0x00003578   0x000000a0   Code   RO          500    i.SystemInit        system_LPC17xx.o
    0x00003618   0x00000088   Code   RO           61    i._ZN4mbed10DigitalOut5writeEi  main.o
    0x000036a0   0x0000001a   Code   RO           43    i._ZN4mbed10DigitalOutC1E7PinName  main.o
    0x000036ba   0x00000012   Code   RO           25    i._ZN4mbed10DigitalOutaSEi  main.o
    0x000036cc   0x0000003c   Code   RO          491    i._ZN4mbed10FileHandle4flenEv  retarget.o
    0x00003708   0x00000030   Code   RO          383    i._ZN4mbed10FileHandleD2Ev  retarget.o
    0x00003738   0x00000006   Code   RO          671    i._ZN4mbed10SerialBase10_base_getcEv  mbed.ar(SerialBase.o)
    0x0000373e   0x0000000e   Code   RO          672    i._ZN4mbed10SerialBase10_base_putcEi  mbed.ar(SerialBase.o)
    0x0000374c   0x0000002a   Code   RO          674    i._ZN4mbed10SerialBase12_irq_handlerEj9SerialIrq  mbed.ar(SerialBase.o)
    0x00003776   0x00000010   Code   RO          676    i._ZN4mbed10SerialBase4baudEi  mbed.ar(SerialBase.o)
    0x00003786   0x00000026   Code   RO          677    i._ZN4mbed10SerialBase6attachEPFvvENS0_7IrqTypeE  mbed.ar(SerialBase.o)
    0x000037ac   0x00000006   Code   RO          679    i._ZN4mbed10SerialBase8readableEv  mbed.ar(SerialBase.o)
    0x000037b2   0x00000002   PAD
    0x000037b4   0x00000050   Code   RO          681    i._ZN4mbed10SerialBaseC1E7PinNameS1_  mbed.ar(SerialBase.o)
    0x00003804   0x00000006   Code   RO          868    i._ZN4mbed10TimerEvent3irqEj  mbed.ar(TimerEvent.o)
    0x0000380a   0x00000010   Code   RO          869    i._ZN4mbed10TimerEvent6insertEj  mbed.ar(TimerEvent.o)
    0x0000381a   0x0000000a   Code   RO          870    i._ZN4mbed10TimerEvent6removeEv  mbed.ar(TimerEvent.o)
    0x00003824   0x00000028   Code   RO          872    i._ZN4mbed10TimerEventC2Ev  mbed.ar(TimerEvent.o)
    0x0000384c   0x00000018   Code   RO          874    i._ZN4mbed10TimerEventD2Ev  mbed.ar(TimerEvent.o)
    0x00003864   0x00000006   Code   RO          384    i._ZN4mbed26mbed_set_unbuffered_streamEPSt6__FILE  retarget.o
    0x0000386a   0x00000012   Code   RO           49    i._ZN4mbed6PwmOutC1E7PinName  main.o
    0x0000387c   0x00000016   Code   RO           31    i._ZN4mbed6PwmOutaSEf  main.o
    0x00003892   0x00000002   PAD
    0x00003894   0x00000024   Code   RO          722    i._ZN4mbed6SerialC1E7PinNameS1_PKc  mbed.ar(Serial.o)
    0x000038b8   0x0000000c   Code   RO          740    i._ZN4mbed6SerialD1Ev  mbed.ar(Serial.o)
    0x000038c4   0x00000004   Code   RO          762    i._ZN4mbed6Stream4flenEv  mbed.ar(Stream.o)
    0x000038c8   0x00000014   Code   RO          763    i._ZN4mbed6Stream4getcEv  mbed.ar(Stream.o)
    0x000038dc   0x0000002c   Code   RO          767    i._ZN4mbed6Stream4readEPvj  mbed.ar(Stream.o)
    0x00003908   0x00000004   Code   RO          768    i._ZN4mbed6Stream5closeEv  mbed.ar(Stream.o)
    0x0000390c   0x00000004   Code   RO          770    i._ZN4mbed6Stream5lseekEli  mbed.ar(Stream.o)
    0x00003910   0x0000002c   Code   RO          772    i._ZN4mbed6Stream5writeEPKvj  mbed.ar(Stream.o)
    0x0000393c   0x00000004   Code   RO          773    i._ZN4mbed6Stream6isattyEv  mbed.ar(Stream.o)
    0x00003940   0x00000040   Code   RO          775    i._ZN4mbed6StreamC2EPKc  mbed.ar(Stream.o)
    0x00003980   0x00000020   Code   RO          777    i._ZN4mbed6StreamD2Ev  mbed.ar(Stream.o)
    0x000039a0   0x00000020   Code   RO          843    i._ZN4mbed6Ticker5setupEj  mbed.ar(Ticker.o)
    0x000039c0   0x00000010   Code   RO          844    i._ZN4mbed6Ticker6detachEv  mbed.ar(Ticker.o)
    0x000039d0   0x00000034   Code   RO          845    i._ZN4mbed6Ticker7handlerEv  mbed.ar(Ticker.o)
    0x00003a04   0x0000001c   Code   RO          826    i._ZN4mbed7Timeout7handlerEv  mbed.ar(Timeout.o)
    0x00003a20   0x0000001c   Code   RO          833    i._ZN4mbed7TimeoutD1Ev  mbed.ar(Timeout.o)
    0x00003a3c   0x00000004   Code   RO         1018    i._ZN4mbed8FileBase11getPathTypeEv  mbed.ar(FileBase.o)
    0x00003a40   0x00000038   Code   RO         1020    i._ZN4mbed8FileBase6lookupEPKcj  mbed.ar(FileBase.o)
    0x00003a78   0x00000024   Code   RO         1022    i._ZN4mbed8FileBaseC1EPKcNS_8PathTypeE  mbed.ar(FileBase.o)
    0x00003a9c   0x00000038   Code   RO         1024    i._ZN4mbed8FileBaseD1Ev  mbed.ar(FileBase.o)
    0x00003ad4   0x00000024   Code   RO         1048    i._ZN4mbed8FileLikeC2EPKc  mbed.ar(FileLike.o)
    0x00003af8   0x00000012   Code   RO         1050    i._ZN4mbed8FileLikeD2Ev  mbed.ar(FileLike.o)
    0x00003b0a   0x00000018   Code   RO          585    i._ZN4mbed8FilePath10fileSystemEv  mbed.ar(FilePath.o)
    0x00003b22   0x0000001c   Code   RO          587    i._ZN4mbed8FilePath4fileEv  mbed.ar(FilePath.o)
    0x00003b3e   0x0000000a   Code   RO          588    i._ZN4mbed8FilePath6existsEv  mbed.ar(FilePath.o)
    0x00003b48   0x00000018   Code   RO          589    i._ZN4mbed8FilePath6isFileEv  mbed.ar(FilePath.o)
    0x00003b60   0x00000004   Code   RO          590    i._ZN4mbed8FilePath8fileNameEv  mbed.ar(FilePath.o)
    0x00003b64   0x00000040   Code   RO          591    i._ZN4mbed8FilePathC1EPKc  mbed.ar(FilePath.o)
    0x00003ba4   0x00000004   Code   RO          385    i._ZN4mbed9mbed_getcEPSt6__FILE  retarget.o
    0x00003ba8   0x00000006   Code   RO          723    i._ZThn64_N4mbed6Serial5_getcEv  mbed.ar(Serial.o)
    0x00003bae   0x00000006   Code   RO          724    i._ZThn64_N4mbed6Serial5_putcEi  mbed.ar(Serial.o)
    0x00003bb4   0x00000028   Code   RO         1950    i.__ARM_fpclassify  m_ws.l(fpclassify.o)
    0x00003bdc   0x00000032   Code   RO         1356    i.__aeabi_atexit    cpprt_w.l(aeabi_atexit.o)
    0x00003c0e   0x00000024   Code   RO         1359    i.__aeabi_vec_ctor_nocookie_nodtor  cpprt_w.l(aeabi_vec_ctor_nocookie_nodtor.o)
    0x00003c32   0x00000042   Code   RO         1654    i.__cxa_finalize    cpprt_w.l(cxa_finalize.o)
    0x00003c74   0x00000006   Code   RO         1247    i.__cxa_pure_virtual  cpprt_w.l(pure_virt.o)
    0x00003c7a   0x00000002   PAD
    0x00003c7c   0x00000010   Code   RO          357    i.__user_setup_stackheap  sys.o
    0x00003c8c   0x0000000e   Code   RO         1163    i._is_digit         c_w.l(__printf_wp.o)
    0x00003c9a   0x00000002   PAD
    0x00003c9c   0x0000002c   Code   RO          387    i._sys_close        retarget.o
    0x00003cc8   0x00000028   Code   RO          390    i._sys_flen         retarget.o
    0x00003cf0   0x00000028   Code   RO          391    i._sys_istty        retarget.o
    0x00003d18   0x0000014c   Code   RO          392    i._sys_open         retarget.o
    0x00003e64   0x00000058   Code   RO          393    i._sys_read         retarget.o
    0x00003ebc   0x00000028   Code   RO          394    i._sys_seek         retarget.o
    0x00003ee4   0x00000064   Code   RO          395    i._sys_write        retarget.o
    0x00003f48   0x00000018   Code   RO         1071    i.error             mbed.ar(error.o)
    0x00003f60   0x0000002c   Code   RO          397    i.exit              retarget.o
    0x00003f8c   0x00000018   Code   RO         1184    i.fgetc             c_w.l(fgetc.o)
    0x00003fa4   0x0000001a   Code   RO         1190    i.fputc             c_w.l(fputc.o)
    0x00003fbe   0x00000002   PAD
    0x00003fc0   0x00000008   Code   RO         1109    i.get_us_ticker_data  mbed.ar(us_ticker_api.o)
    0x00003fc8   0x00000054   Code   RO          981    i.gpio_dir          mbed.ar(gpio_api.o)
    0x0000401c   0x0000003a   Code   RO          982    i.gpio_init         mbed.ar(gpio_api.o)
    0x00004056   0x00000028   Code   RO          898    i.gpio_init_in      mbed.ar(gpio.o)
    0x0000407e   0x00000002   PAD
    0x00004080   0x00000048   Code   RO          901    i.gpio_init_out     mbed.ar(gpio.o)
    0x000040c8   0x00000068   Code   RO          902    i.gpio_init_out_ex  mbed.ar(gpio.o)
    0x00004130   0x00000006   Code   RO          983    i.gpio_mode         mbed.ar(gpio_api.o)
    0x00004136   0x00000002   PAD
    0x00004138   0x00000040   Code   RO          864    i.mbed_assert_internal  mbed.ar(assert.o)
    0x00004178   0x00000120   Code   RO          362    i.mbed_die          board.o
    0x00004298   0x00000004   Code   RO          913    i.mbed_interface_connected  mbed.ar(mbed_interface.o)
    0x0000429c   0x00000002   Code   RO          398    i.mbed_main         retarget.o
    0x0000429e   0x00000002   Code   RO          399    i.mbed_sdk_init     retarget.o
    0x000042a0   0x0000005c   Code   RO          994    i.pin_function      mbed.ar(pinmap.o)
    0x000042fc   0x00000090   Code   RO          995    i.pin_mode          mbed.ar(pinmap.o)
    0x0000438c   0x00000022   Code   RO         1078    i.pinmap_find_peripheral  mbed.ar(pinmap_common.o)
    0x000043ae   0x00000002   PAD
    0x000043b0   0x0000003c   Code   RO         1080    i.pinmap_merge      mbed.ar(pinmap_common.o)
    0x000043ec   0x0000005c   Code   RO         1081    i.pinmap_peripheral  mbed.ar(pinmap_common.o)
    0x00004448   0x00000058   Code   RO         1082    i.pinmap_pinout     mbed.ar(pinmap_common.o)
    0x000044a0   0x00000100   Code   RO          509    i.pwmout_init       mbed.ar(pwmout_api.o)
    0x000045a0   0x00000050   Code   RO          517    i.pwmout_write      mbed.ar(pwmout_api.o)
    0x000045f0   0x00000010   Code   RO          934    i.semihost_connected  mbed.ar(semihost_api.o)
    0x00004600   0x0000000c   Code   RO          937    i.semihost_exit     mbed.ar(semihost_api.o)
    0x0000460c   0x000001c4   Code   RO          535    i.serial_baud       mbed.ar(serial_api.o)
    0x000047d0   0x00000038   Code   RO          541    i.serial_getc       mbed.ar(serial_api.o)
    0x00004808   0x00000180   Code   RO          542    i.serial_init       mbed.ar(serial_api.o)
    0x00004988   0x0000001c   Code   RO          543    i.serial_irq_handler  mbed.ar(serial_api.o)
    0x000049a4   0x0000001c   Code   RO          544    i.serial_irq_set    mbed.ar(serial_api.o)
    0x000049c0   0x000000cc   Code   RO          545    i.serial_irq_set_internal  mbed.ar(serial_api.o)
    0x00004a8c   0x00000068   Code   RO          547    i.serial_putc       mbed.ar(serial_api.o)
    0x00004af4   0x0000000a   Code   RO          548    i.serial_readable   mbed.ar(serial_api.o)
    0x00004afe   0x00000002   PAD
    0x00004b00   0x0000010c   Code   RO          549    i.serial_set_flow_control  mbed.ar(serial_api.o)
    0x00004c0c   0x0000003e   Code   RO         1094    i.ticker_insert_event  mbed.ar(ticker_api.o)
    0x00004c4a   0x0000004e   Code   RO         1095    i.ticker_irq_handler  mbed.ar(ticker_api.o)
    0x00004c98   0x00000006   Code   RO         1096    i.ticker_read       mbed.ar(ticker_api.o)
    0x00004c9e   0x0000003c   Code   RO         1097    i.ticker_remove_event  mbed.ar(ticker_api.o)
    0x00004cda   0x00000012   Code   RO         1098    i.ticker_set_handler  mbed.ar(ticker_api.o)
    0x00004cec   0x00000014   Code   RO          551    i.uart0_irq         mbed.ar(serial_api.o)
    0x00004d00   0x00000014   Code   RO          552    i.uart1_irq         mbed.ar(serial_api.o)
    0x00004d14   0x00000014   Code   RO          553    i.uart2_irq         mbed.ar(serial_api.o)
    0x00004d28   0x00000014   Code   RO          554    i.uart3_irq         mbed.ar(serial_api.o)
    0x00004d3c   0x00000068   Code   RO          555    i.uart_irq          mbed.ar(serial_api.o)
    0x00004da4   0x0000000c   Code   RO         1003    i.us_ticker_clear_interrupt  mbed.ar(us_ticker.o)
    0x00004db0   0x00000010   Code   RO         1004    i.us_ticker_disable_interrupt  mbed.ar(us_ticker.o)
    0x00004dc0   0x00000064   Code   RO         1005    i.us_ticker_init    mbed.ar(us_ticker.o)
    0x00004e24   0x0000000c   Code   RO         1110    i.us_ticker_irq_handler  mbed.ar(us_ticker_api.o)
    0x00004e30   0x00000064   Code   RO         1006    i.us_ticker_read    mbed.ar(us_ticker.o)
    0x00004e94   0x00000014   Code   RO         1007    i.us_ticker_set_interrupt  mbed.ar(us_ticker.o)
    0x00004ea8   0x00000024   Code   RO          971    i.wait              mbed.ar(wait_api.o)
    0x00004ecc   0x0000001c   Code   RO          972    i.wait_ms           mbed.ar(wait_api.o)
    0x00004ee8   0x0000002c   Code   RO         1892    locale$$code        c_w.l(lc_numeric_c.o)
    0x00004f14   0x0000002c   Code   RO         1972    locale$$code        c_w.l(lc_ctype_c.o)
    0x00004f40   0x00000008   Code   RO           37    t._ZN4mbed19FunctionPointerArg1IvvE6attachEPFvvE  main.o
    0x00004f48   0x00000062   Code   RO         1362    x$fpl$d2f           fz_ws.l(d2f.o)
    0x00004faa   0x00000002   PAD
    0x00004fac   0x00000150   Code   RO         1364    x$fpl$dadd          fz_ws.l(daddsub_clz.o)
    0x000050fc   0x00000154   Code   RO         1370    x$fpl$dmul          fz_ws.l(dmul.o)
    0x00005250   0x0000009c   Code   RO         1670    x$fpl$dnaninf       fz_ws.l(dnaninf.o)
    0x000052ec   0x0000000c   Code   RO         1672    x$fpl$dretinf       fz_ws.l(dretinf.o)
    0x000052f8   0x000001d4   Code   RO         1366    x$fpl$dsub          fz_ws.l(daddsub_clz.o)
    0x000054cc   0x00000056   Code   RO         1372    x$fpl$f2d           fz_ws.l(f2d.o)
    0x00005522   0x00000002   PAD
    0x00005524   0x00000184   Code   RO         1375    x$fpl$fdiv          fz_ws.l(fdiv.o)
    0x000056a8   0x00000036   Code   RO         1378    x$fpl$ffix          fz_ws.l(ffix.o)
    0x000056de   0x00000002   PAD
    0x000056e0   0x0000003e   Code   RO         1382    x$fpl$ffixu         fz_ws.l(ffixu.o)
    0x0000571e   0x00000002   PAD
    0x00005720   0x00000030   Code   RO         1387    x$fpl$fflt          fz_ws.l(fflt_clz.o)
    0x00005750   0x00000026   Code   RO         1386    x$fpl$ffltu         fz_ws.l(fflt_clz.o)
    0x00005776   0x00000002   PAD
    0x00005778   0x00000102   Code   RO         1392    x$fpl$fmul          fz_ws.l(fmul.o)
    0x0000587a   0x0000008c   Code   RO         1674    x$fpl$fnaninf       fz_ws.l(fnaninf.o)
    0x00005906   0x0000000a   Code   RO         1676    x$fpl$fretinf       fz_ws.l(fretinf.o)
    0x00005910   0x00000004   Code   RO         1678    x$fpl$printf1       fz_ws.l(printf1.o)
    0x00005914   0x00000004   Code   RO         1680    x$fpl$printf2       fz_ws.l(printf2.o)
    0x00005918   0x00000000   Code   RO         1688    x$fpl$usenofp       fz_ws.l(usenofp.o)
    0x00005918   0x00000017   Data   RO          440    .constdata          retarget.o
    0x0000592f   0x00000001   PAD
    0x00005930   0x000000b4   Data   RO          518    .constdata          mbed.ar(pwmout_api.o)
    0x000059e4   0x00000120   Data   RO          557    .constdata          mbed.ar(serial_api.o)
    0x00005b04   0x00000014   Data   RO         1111    .constdata          mbed.ar(us_ticker_api.o)
    0x00005b18   0x00000008   Data   RO         1112    .constdata          mbed.ar(us_ticker_api.o)
    0x00005b20   0x00000028   Data   RO         1151    .constdata          c_w.l(_printf_hex_int_ll_ptr.o)
    0x00005b48   0x00000011   Data   RO         1171    .constdata          c_w.l(__printf_flags_ss_wp.o)
    0x00005b59   0x00000003   PAD
    0x00005b5c   0x00000008   Data   RO         1492    .constdata          c_w.l(_printf_wctomb.o)
    0x00005b64   0x00000026   Data   RO         1743    .constdata          c_w.l(_printf_fp_hex.o)
    0x00005b8a   0x00000002   PAD
    0x00005b8c   0x00000094   Data   RO         1865    .constdata          c_w.l(bigflt0.o)
    0x00005c20   0x0000002c   Data   RO          490    .constdata__ZTVN4mbed10FileHandleE  retarget.o
    0x00005c4c   0x00000010   Data   RO          709    .constdata__ZTVN4mbed10SerialBaseE  mbed.ar(SerialBase.o)
    0x00005c5c   0x00000014   Data   RO          893    .constdata__ZTVN4mbed10TimerEventE  mbed.ar(TimerEvent.o)
    0x00005c70   0x0000005c   Data   RO          738    .constdata__ZTVN4mbed6SerialE  mbed.ar(Serial.o)
    0x00005ccc   0x00000044   Data   RO          821    .constdata__ZTVN4mbed6StreamE  mbed.ar(Stream.o)
    0x00005d10   0x00000014   Data   RO          855    .constdata__ZTVN4mbed6TickerE  mbed.ar(Ticker.o)
    0x00005d24   0x00000014   Data   RO          832    .constdata__ZTVN4mbed7TimeoutE  mbed.ar(Timeout.o)
    0x00005d38   0x00000010   Data   RO         1043    .constdata__ZTVN4mbed8FileBaseE  mbed.ar(FileBase.o)
    0x00005d48   0x0000003c   Data   RO         1066    .constdata__ZTVN4mbed8FileLikeE  mbed.ar(FileLike.o)
    0x00005d84   0x00000068   Data   RO          363    .conststring        board.o
    0x00005dec   0x00000068   Data   RO          519    .conststring        mbed.ar(pwmout_api.o)
    0x00005e54   0x00000068   Data   RO          558    .conststring        mbed.ar(serial_api.o)
    0x00005ebc   0x00000066   Data   RO          985    .conststring        mbed.ar(gpio_api.o)
    0x00005f22   0x00000002   PAD
    0x00005f24   0x00000064   Data   RO          996    .conststring        mbed.ar(pinmap.o)
    0x00005f88   0x00000020   Data   RO         2053    Region$$Table       anon$$obj.o
    0x00005fa8   0x0000001c   Data   RO         1891    locale$$data        c_w.l(lc_numeric_c.o)
    0x00005fc4   0x00000110   Data   RO         1971    locale$$data        c_w.l(lc_ctype_c.o)
    0x000060d4   0x00000004   Data   RO            7    .init_array         main.o
    0x000060d8   0x00000000   Data   RO         1235    .init_array         c_w.l(init_aeabi.o)


    Execution Region RW_IRAM1 (Base: 0x100000c8, Size: 0x00000480, Max: 0x00007f38, ABSOLUTE)

    Base Addr    Size         Type   Attr      Idx    E Section Name        Object

    0x100000c8   0x00000038   Data   RW            6    .data               main.o
    0x10000100   0x00000004   Data   RW          501    .data               system_LPC17xx.o
    0x10000104   0x00000020   Data   RW          520    .data               mbed.ar(pwmout_api.o)
    0x10000124   0x00000010   Data   RW          559    .data               mbed.ar(serial_api.o)
    0x10000134   0x00000004   Data   RW         1008    .data               mbed.ar(us_ticker.o)
    0x10000138   0x00000004   Data   RW         1032    .data               mbed.ar(FileBase.o)
    0x1000013c   0x00000008   Data   RW         1113    .data               mbed.ar(us_ticker_api.o)
    0x10000144   0x00000004   Data   RW         1202    .data               c_w.l(stdio_streams.o)
    0x10000148   0x00000004   Data   RW         1203    .data               c_w.l(stdio_streams.o)
    0x1000014c   0x00000004   Data   RW         1204    .data               c_w.l(stdio_streams.o)
    0x10000150   0x00000004   Data   RW         1913    .data               c_w.l(heapauxa.o)
    0x10000154   0x000001b8   Zero   RW            5    .bss                main.o
    0x1000030c   0x00000040   Zero   RW          439    .bss                retarget.o
    0x1000034c   0x000000e0   Zero   RW          556    .bss                mbed.ar(serial_api.o)
    0x1000042c   0x00000054   Zero   RW         1199    .bss                c_w.l(stdio_streams.o)
    0x10000480   0x00000054   Zero   RW         1200    .bss                c_w.l(stdio_streams.o)
    0x100004d4   0x00000054   Zero   RW         1201    .bss                c_w.l(stdio_streams.o)
    0x10000528   0x00000004   Zero   RW         1407    .bss                c_w.l(rt_ddtor_pointer_addr.o)
    0x1000052c   0x00000004   Zero   RW         1712    .bss                c_w.l(rt_heap_descriptor.o)
    0x10000530   0x00000014   Zero   RW         1840    .bss                c_w.l(rt_locale.o)
    0x10000544   0x00000004   Zero   RW         1850    .bss                c_w.l(rt_errno_addr.o)


    Execution Region RW_IRAM2 (Base: 0x2007c000, Size: 0x00000000, Max: 0x00004000, ABSOLUTE)

    **** No section assigned to this execution region ****


    Execution Region RW_IRAM3 (Base: 0x20080000, Size: 0x00000000, Max: 0x00004000, ABSOLUTE)

    **** No section assigned to this execution region ****


    Execution Region RW_IRAM4 (Base: 0x40038000, Size: 0x00000000, Max: 0x00000800, ABSOLUTE)

    **** No section assigned to this execution region ****


==============================================================================

Image component sizes


      Code (inc. data)   RO Data    RW Data    ZI Data      Debug   Object Name

       288         46        104          0          0         76   board.o
        52          6          0          0          0         84   cmsis_nvic.o
      1968        300          4         56        440      50432   main.o
       868        106         67          0         64       1136   retarget.o
        40         12        196          0          0        228   startup_LPC17xx.o
        16          6          0          0          0         68   sys.o
       160         10          0          4          0         68   system_LPC17xx.o

    ----------------------------------------------------------------------
      3394        486        404         60        504      52092   Object Totals
         0          0         32          0          0          0   (incl. Generated)
         2          0          1          0          0          0   (incl. Padding)

    ----------------------------------------------------------------------

      Code (inc. data)   RO Data    RW Data    ZI Data      Debug   Library Member Name

        60          8          0          0          0         84   __0sscanf.o
        44          6          0          0          0         84   __2sprintf.o
         8          0          0          0          0         68   __main.o
       392          4         17          0          0         92   __printf_flags_ss_wp.o
        14          0          0          0          0         68   __printf_wp.o
         0          0          0          0          0          0   __rtentry.o
        12          0          0          0          0          0   __rtentry2.o
         6          0          0          0          0          0   __rtentry4.o
        52          8          0          0          0          0   __scatter.o
        26          0          0          0          0          0   __scatter_copy.o
        28          0          0          0          0          0   __scatter_zi.o
        28          0          0          0          0         68   _chval.o
         6          0          0          0          0          0   _printf_a.o
         6          0          0          0          0          0   _printf_c.o
        44          0          0          0          0        108   _printf_char.o
        48          6          0          0          0         96   _printf_char_common.o
        36          4          0          0          0         80   _printf_char_file.o
        40          0          0          0          0         68   _printf_charcount.o
         6          0          0          0          0          0   _printf_d.o
       120         16          0          0          0         92   _printf_dec.o
         6          0          0          0          0          0   _printf_e.o
         6          0          0          0          0          0   _printf_f.o
      1050          0          0          0          0        216   _printf_fp_dec.o
       764         10         38          0          0        100   _printf_fp_hex.o
       128         16          0          0          0         84   _printf_fp_infnan.o
         6          0          0          0          0          0   _printf_g.o
       148          4         40          0          0        160   _printf_hex_int_ll_ptr.o
         6          0          0          0          0          0   _printf_i.o
       178          0          0          0          0         88   _printf_intcommon.o
        10          0          0          0          0          0   _printf_l.o
         6          0          0          0          0          0   _printf_lc.o
        10          0          0          0          0          0   _printf_ll.o
         6          0          0          0          0          0   _printf_lld.o
         6          0          0          0          0          0   _printf_lli.o
         6          0          0          0          0          0   _printf_llo.o
         6          0          0          0          0          0   _printf_llu.o
         6          0          0          0          0          0   _printf_llx.o
       124         16          0          0          0         92   _printf_longlong_dec.o
         6          0          0          0          0          0   _printf_ls.o
         6          0          0          0          0          0   _printf_n.o
         6          0          0          0          0          0   _printf_o.o
       112          8          0          0          0        124   _printf_oct_int_ll.o
         6          0          0          0          0          0   _printf_p.o
        78          0          0          0          0        108   _printf_pad.o
         0          0          0          0          0          0   _printf_percent.o
         4          0          0          0          0          0   _printf_percent_end.o
         6          0          0          0          0          0   _printf_s.o
        82          0          0          0          0         80   _printf_str.o
        36          0          0          0          0         84   _printf_truncate.o
         6          0          0          0          0          0   _printf_u.o
        44          0          0          0          0        108   _printf_wchar.o
       188          6          8          0          0         92   _printf_wctomb.o
         6          0          0          0          0          0   _printf_x.o
       884          6          0          0          0        100   _scanf.o
       332          0          0          0          0         96   _scanf_int.o
        64          0          0          0          0         84   _sgetc.o
        10          0          0          0          0         68   _sputc.o
        64          0          0          0          0         92   _wcrtomb.o
       220          4        148          0          0         96   bigflt0.o
      1910        128          0          0          0        672   btod.o
        10          0          0          0          0         68   defsig_exit.o
        50          0          0          0          0         88   defsig_general.o
        48         34          0          0          0         76   defsig_pvfn_inner.o
        14          0          0          0          0         80   defsig_pvfn_outer.o
        80         58          0          0          0         76   defsig_rtmem_inner.o
        14          0          0          0          0         80   defsig_rtmem_outer.o
        52         38          0          0          0         76   defsig_rtred_inner.o
        14          0          0          0          0         80   defsig_rtred_outer.o
        76          0          0          0          0         88   fclose.o
         8          0          0          0          0         68   ferror.o
       100          4          0          0          0        120   fflush.o
        24          0          0          0          0         68   fgetc.o
       570          0          0          0          0        132   filbuf.o
       470          0          0          0          0         88   flsbuf.o
        56          6          0          0          0         80   flushlinebuffered.o
       236          4          0          0          0        128   fopen.o
        26          0          0          0          0         68   fputc.o
       248          6          0          0          0         84   fseek.o
        66          0          0          0          0         76   ftell.o
        94          0          0          0          0         80   h1_alloc.o
        52          0          0          0          0         68   h1_extend.o
        78          0          0          0          0         80   h1_free.o
        14          0          0          0          0         84   h1_init.o
        80          6          0          4          0         96   heapauxa.o
         4          0          0          0          0        136   hguard.o
         0          0          0          0          0          0   indicate_semi.o
        36         10          0          0          0         80   init_aeabi.o
       138          0          0          0          0        168   init_alloc.o
       312         46          0          0          0        112   initio.o
        18          0          0          0          0         76   isspace.o
        44         10        272          0          0         76   lc_ctype_c.o
        44         10         28          0          0         76   lc_numeric_c.o
         2          0          0          0          0          0   libinit.o
        46          0          0          0          0          0   libinit2.o
         6          0          0          0          0          0   libshutdown2.o
       138          0          0          0          0         80   lludiv10.o
         0          0          0          0          0          0   maybetermalloc1.o
        16          4          0          0          0         76   rt_ctype_table.o
         8          4          0          0          4         68   rt_ddtor_pointer_addr.o
         8          4          0          0          4         68   rt_errno_addr.o
         8          4          0          0          4         68   rt_heap_descriptor.o
         8          4          0          0         20         68   rt_locale.o
        78          0          0          0          0         80   rt_memclr_w.o
       100          0          0          0          0         80   rt_memcpy_w.o
        44          8          0          0          0         84   scanf_char.o
        20          0          0          0          0         68   setbuf.o
        70          0          0          0          0         80   setvbuf.o
       240          6          0          0          0        156   stdio.o
         0          0          0         12        252          0   stdio_streams.o
       128          0          0          0          0         68   strcmpv7m.o
        62          0          0          0          0         76   strlen.o
       150          0          0          0          0         80   strncmp.o
        12          4          0          0          0         68   sys_exit.o
        14          0          0          0          0         76   sys_wrch.o
         2          0          0          0          0         68   use_no_semi.o
        10          0          0          0          0         68   vfprintf.o
        50          0          0          0          0         84   aeabi_atexit.o
        36          0          0          0          0         84   aeabi_vec_ctor_nocookie_nodtor.o
        66          0          0          0          0         84   cxa_finalize.o
         6          0          0          0          0         68   pure_virt.o
        98          4          0          0          0         92   d2f.o
       804         16          0          0          0        272   daddsub_clz.o
       340         12          0          0          0        104   dmul.o
       156          4          0          0          0         92   dnaninf.o
        12          0          0          0          0         68   dretinf.o
        86          4          0          0          0         84   f2d.o
       388         76          0          0          0         96   fdiv.o
        54          4          0          0          0         84   ffix.o
        62          4          0          0          0         84   ffixu.o
        86          0          0          0          0        136   fflt_clz.o
       258          4          0          0          0         84   fmul.o
       140          4          0          0          0         84   fnaninf.o
        10          0          0          0          0         68   fretinf.o
         4          0          0          0          0         68   printf1.o
         4          0          0          0          0         68   printf2.o
         0          0          0          0          0          0   usenofp.o
        40          0          0          0          0         68   fpclassify.o
       152         24         16          4          0        284   FileBase.o
        54         10         60          0          0        156   FileLike.o
       154          0          0          0          0        440   FilePath.o
        60          4         92          0          0        288   Serial.o
       210         14         16          0          0        576   SerialBase.o
       220         16         68          0          0        684   Stream.o
       100          0         20          0          0        252   Ticker.o
        56          4         20          0          0        148   Timeout.o
        96         12         20          0          0        356   TimerEvent.o
        64         52          0          0          0         68   assert.o
        24          4          0          0          0         80   error.o
       216         36          0          0          0        268   gpio.o
       148         30        102          0          0        228   gpio_api.o
         4          0          0          0          0         68   mbed_interface.o
       236         48        100          0          0        160   pinmap.o
       274         78          0          0          0        308   pinmap_common.o
       336         60        284         32          0        176   pwmout_api.o
        28          6          0          0          0        144   semihost_api.o
      1718        178        392         16        224       1112   serial_api.o
       224          0          0          0          0        392   ticker_api.o
       248         64          0          4          0        356   us_ticker.o
        20         10         28          8          0        136   us_ticker_api.o
        64          4          0          0          0        160   wait_api.o

    ----------------------------------------------------------------------
     19218       1306       1776         80        508      16400   Library Totals
        48          0          7          0          0          0   (incl. Padding)

    ----------------------------------------------------------------------

      Code (inc. data)   RO Data    RW Data    ZI Data      Debug   Library Name

     11764        520        551         16        284       7688   c_w.l
       158          0          0          0          0        320   cpprt_w.l
      2502        132          0          0          0       1484   fz_ws.l
        40          0          0          0          0         68   m_ws.l
      4706        654       1218         64        224       6840   mbed.ar

    ----------------------------------------------------------------------
     19218       1306       1776         80        508      16400   Library Totals

    ----------------------------------------------------------------------

==============================================================================


      Code (inc. data)   RO Data    RW Data    ZI Data      Debug   

     22612       1792       2180        140       1012      57204   Grand Totals
     22612       1792       2180        140       1012      57204   ELF Image Totals
     22612       1792       2180        140          0          0   ROM Totals

==============================================================================

    Total RO  Size (Code + RO Data)                24792 (  24.21kB)
    Total RW  Size (RW Data + ZI Data)              1152 (   1.13kB)
    Total ROM Size (Code + RO Data + RW Data)      24932 (  24.35kB)

==============================================================================

