Component: ARM Compiler 5.05 update 2 (build 169) Tool: armlink [4d0f33]

==============================================================================

Section Cross References

    main.o(.text) refers to main.o(i._ZN4mbed10DigitalOutaSEi) for mbed::DigitalOut::operator =(int)
    main.o(.text) refers to wait_api.o(i.wait) for wait
    main.o(.text) refers to main.o(i._ZN4mbed6PwmOutaSEf) for mbed::PwmOut::operator =(float)
    main.o(.text) refers to fflt_clz.o(x$fpl$ffltu) for __aeabi_ui2f
    main.o(.text) refers to fdiv.o(x$fpl$fdiv) for __aeabi_fdiv
    main.o(.text) refers to fmul.o(x$fpl$fmul) for __aeabi_fmul
    main.o(.text) refers to ffixu.o(x$fpl$ffixu) for __aeabi_f2uiz
    main.o(.text) refers to main.o(t._ZN4mbed19FunctionPointerArg1IvvE6attachEPFvvE) for mbed::FunctionPointerArg1<void, void>::attach(void(*)())
    main.o(.text) refers to Ticker.o(i._ZN4mbed6Ticker5setupEj) for mbed::Ticker::setup(unsigned)
    main.o(.text) refers to Timer.o(i._ZN4mbed5Timer5resetEv) for mbed::Timer::reset()
    main.o(.text) refers to Timer.o(i._ZN4mbed5Timer5startEv) for mbed::Timer::start()
    main.o(.text) refers to Timer.o(i._ZN4mbed5Timer4readEv) for mbed::Timer::read()
    main.o(.text) refers to Timer.o(i._ZN4mbed5Timer4stopEv) for mbed::Timer::stop()
    main.o(.text) refers to f2d.o(x$fpl$f2d) for __aeabi_f2d
    main.o(.text) refers to dleqf.o(x$fpl$dleqf) for __aeabi_cdcmple
    main.o(.text) refers to InterruptIn.o(i._ZN4mbed11InterruptIn4riseEPFvvE) for mbed::InterruptIn::rise(void(*)())
    main.o(.text) refers to InterruptIn.o(i._ZN4mbed11InterruptIn4fallEPFvvE) for mbed::InterruptIn::fall(void(*)())
    main.o(.text) refers to wait_api.o(i.wait_us) for wait_us
    main.o(.text) refers to wait_api.o(i.wait_ms) for wait_ms
    main.o(.text) refers to faddsub_clz.o(x$fpl$fsub) for __aeabi_fsub
    main.o(.text) refers to main.o(i._ZSt3absf) for std::abs(float)
    main.o(.text) refers to fleqf.o(x$fpl$fleqf) for __aeabi_cfcmple
    main.o(.text) refers to faddsub_clz.o(x$fpl$fadd) for __aeabi_fadd
    main.o(.text) refers to Stream.o(i._ZN4mbed6Stream4getcEv) for mbed::Stream::getc()
    main.o(.text) refers to SerialBase.o(i._ZN4mbed10SerialBase8readableEv) for mbed::SerialBase::readable()
    main.o(.text) refers to fflt_clz.o(x$fpl$fflt) for __aeabi_i2f
    main.o(.text) refers to dmul.o(x$fpl$dmul) for __aeabi_dmul
    main.o(.text) refers to d2f.o(x$fpl$d2f) for __aeabi_d2f
    main.o(.text) refers to daddsub_clz.o(x$fpl$dadd) for __aeabi_dadd
    main.o(.text) refers to main.o(.bss) for LEDS
    main.o(.text) refers to main.o(.data) for MOTOR_RunSign
    main.o(.text) refers to frleqf.o(x$fpl$frleqf) for __aeabi_cfrcmple
    main.o(.text) refers to pid.o(.text) for PID::setInputLimits(float, float)
    main.o(.text) refers to Stream.o(i._ZN4mbed6Stream6printfEPKcz) for mbed::Stream::printf(const char*, ...)
    main.o(.text) refers to faddsub_clz.o(x$fpl$frsb) for __aeabi_frsub
    main.o(.text) refers to SerialBase.o(i._ZN4mbed10SerialBase4baudEi) for mbed::SerialBase::baud(int)
    main.o(.text) refers to SerialBase.o(i._ZN4mbed10SerialBase6formatEiNS0_6ParityEi) for mbed::SerialBase::format(int, mbed::SerialBase::Parity, int)
    main.o(.text) refers to main.o(i._ZN4mbed10DigitalOutcviEv) for mbed::DigitalOut::operator int()
    main.o(.text) refers to ffix.o(x$fpl$ffix) for __aeabi_f2iz
    main.o(.text) refers to SerialBase.o(i._ZN4mbed10SerialBase6attachEPFvvENS0_7IrqTypeE) for mbed::SerialBase::attach(void(*)(), mbed::SerialBase::IrqType)
    main.o(.text) refers to Serial.o(i._ZN4mbed6SerialC1E7PinNameS1_PKc) for mbed::Serial::Serial(PinName, PinName, const char*)
    main.o(.text) refers to aeabi_atexit.o(i.__aeabi_atexit) for __aeabi_atexit
    main.o(.text) refers to main.o(i._ZN4mbed10DigitalOutC1E7PinName) for mbed::DigitalOut::DigitalOut(PinName)
    main.o(.text) refers to TimerEvent.o(i._ZN4mbed10TimerEventC2Ev) for mbed::TimerEvent::TimerEvent__sub_object()
    main.o(.text) refers to main.o(i._ZN4mbed6PwmOutC1E7PinName) for mbed::PwmOut::PwmOut(PinName)
    main.o(.text) refers to InterruptIn.o(i._ZN4mbed11InterruptInC1E7PinName) for mbed::InterruptIn::InterruptIn(PinName)
    main.o(.text) refers to Timer.o(i._ZN4mbed5TimerC1Ev) for mbed::Timer::Timer()
    main.o(.text) refers to rt_memclr_w.o(.text) for __aeabi_memclr4
    main.o(.text) refers to gpio.o(i.gpio_init_in) for gpio_init_in
    main.o(.text) refers to Serial.o(i._ZN4mbed6SerialD1Ev) for mbed::Serial::~Serial()
    main.o(.text) refers to Ticker.o(.constdata__ZTVN4mbed6TickerE) for vtable for mbed::Ticker
    main.o(.text) refers to Timeout.o(.constdata__ZTVN4mbed7TimeoutE) for vtable for mbed::Timeout
    main.o(.text) refers to Timeout.o(i._ZN4mbed7TimeoutD1Ev) for mbed::Timeout::~Timeout()
    main.o(.text) refers to InterruptIn.o(i._ZN4mbed11InterruptInD1Ev) for mbed::InterruptIn::~InterruptIn()
    main.o(.ARM.exidx) refers to main.o(.text) for .text
[...]
    _printf_wctomb                           0x0000230d   Thumb Code   182  _printf_wctomb.o(.text)
    _printf_longlong_dec                     0x000023c9   Thumb Code   108  _printf_longlong_dec.o(.text)
    _printf_longlong_oct                     0x00002445   Thumb Code    68  _printf_oct_int_ll.o(.text)
    _printf_int_oct                          0x00002489   Thumb Code    24  _printf_oct_int_ll.o(.text)
    _printf_ll_oct                           0x000024a1   Thumb Code    12  _printf_oct_int_ll.o(.text)
    _chval                                   0x000024b5   Thumb Code    28  _chval.o(.text)
    __vfscanf_char                           0x000024dd   Thumb Code    24  scanf_char.o(.text)
    _sgetc                                   0x000024fd   Thumb Code    30  _sgetc.o(.text)
    _sbackspace                              0x0000251b   Thumb Code    34  _sgetc.o(.text)
    ferror                                   0x0000253d   Thumb Code     8  ferror.o(.text)
    _readbuf                                 0x00002545   Thumb Code    54  filbuf.o(.text)
    _seteof                                  0x0000257b   Thumb Code    40  filbuf.o(.text)
    __filbuf                                 0x000025a3   Thumb Code   476  filbuf.o(.text)
    __filbuf_byte                            0x000025a3   Thumb Code     0  filbuf.o(.text)
    __filbuf_wide                            0x000025a3   Thumb Code     0  filbuf.o(.text)
    __flsbuf                                 0x0000277f   Thumb Code   470  flsbuf.o(.text)
    __flsbuf_byte                            0x0000277f   Thumb Code     0  flsbuf.o(.text)
    __flsbuf_wide                            0x0000277f   Thumb Code     0  flsbuf.o(.text)
    _fseek                                   0x00002955   Thumb Code   242  fseek.o(.text)
    fseek                                    0x00002955   Thumb Code     0  fseek.o(.text)
    setvbuf                                  0x00002a4d   Thumb Code    70  setvbuf.o(.text)
    _seterr                                  0x00002a95   Thumb Code    20  stdio.o(.text)
    _writebuf                                0x00002aa9   Thumb Code    84  stdio.o(.text)
    _fflush                                  0x00002afd   Thumb Code    70  stdio.o(.text)
    _deferredlazyseek                        0x00002b43   Thumb Code    60  stdio.o(.text)
    _initio                                  0x00002b85   Thumb Code   210  initio.o(.text)
    _terminateio                             0x00002c57   Thumb Code    56  initio.o(.text)
    __rt_SIGPVFN                             0x00002cbd   Thumb Code    14  defsig_pvfn_outer.o(.text)
    __rt_heap_descriptor                     0x00002ccd   Thumb Code     8  rt_heap_descriptor.o(.text)
    __use_no_heap                            0x00002cd5   Thumb Code     2  hguard.o(.text)
    __heap$guard                             0x00002cd7   Thumb Code     2  hguard.o(.text)
    _terminate_user_alloc                    0x00002cd9   Thumb Code     2  init_alloc.o(.text)
    _init_user_alloc                         0x00002cdb   Thumb Code     2  init_alloc.o(.text)
    __Heap_Full                              0x00002cdd   Thumb Code    34  init_alloc.o(.text)
    __Heap_Broken                            0x00002cff   Thumb Code     6  init_alloc.o(.text)
    _init_alloc                              0x00002d05   Thumb Code    94  init_alloc.o(.text)
    __Heap_Initialize                        0x00002d63   Thumb Code    10  h1_init.o(.text)
    __Heap_DescSize                          0x00002d6d   Thumb Code     4  h1_init.o(.text)
    _ll_udiv10                               0x00002d71   Thumb Code   138  lludiv10.o(.text)
    isspace                                  0x00002dfb   Thumb Code    18  isspace.o(.text)
    __lib_sel_fp_printf                      0x00002e0d   Thumb Code     2  _printf_fp_dec.o(.text)
    _printf_fp_dec_real                      0x00002fbb   Thumb Code   620  _printf_fp_dec.o(.text)
    _printf_fp_hex_real                      0x00003229   Thumb Code   754  _printf_fp_hex.o(.text)
    _printf_cs_common                        0x00003525   Thumb Code    20  _printf_char.o(.text)
    _printf_char                             0x00003539   Thumb Code    16  _printf_char.o(.text)
    _printf_string                           0x00003549   Thumb Code     8  _printf_char.o(.text)
    _printf_lcs_common                       0x00003551   Thumb Code    20  _printf_wchar.o(.text)
    _printf_wchar                            0x00003565   Thumb Code    16  _printf_wchar.o(.text)
    _printf_wstring                          0x00003575   Thumb Code     8  _printf_wchar.o(.text)
    __vfscanf                                0x0000357d   Thumb Code   878  _scanf.o(.text)
    _ftell_internal                          0x000038f1   Thumb Code    66  ftell.o(.text)
    ftell                                    0x000038f1   Thumb Code     0  ftell.o(.text)
    _flushlinebuffered                       0x00003935   Thumb Code    50  flushlinebuffered.o(.text)
    _wcrtomb                                 0x0000396d   Thumb Code    64  _wcrtomb.o(.text)
    __sig_exit                               0x000039ad   Thumb Code    10  defsig_exit.o(.text)
    __rt_SIGRTRED                            0x000039b7   Thumb Code    14  defsig_rtred_outer.o(.text)
    __rt_SIGPVFN_inner                       0x000039c5   Thumb Code    14  defsig_pvfn_inner.o(.text)
    _sys_exit                                0x000039f5   Thumb Code     8  sys_exit.o(.text)
    __rt_ctype_table                         0x00003a01   Thumb Code    16  rt_ctype_table.o(.text)
    __rt_locale                              0x00003a11   Thumb Code     8  rt_locale.o(.text)
    __aeabi_errno_addr                       0x00003a19   Thumb Code     8  rt_errno_addr.o(.text)
    __errno                                  0x00003a19   Thumb Code     0  rt_errno_addr.o(.text)
    __rt_errno_addr                          0x00003a19   Thumb Code     0  rt_errno_addr.o(.text)
    __Heap_ProvideMemory                     0x00003a21   Thumb Code    52  h1_extend.o(.text)
    _printf_fp_infnan                        0x00003a55   Thumb Code   112  _printf_fp_infnan.o(.text)
    _btod_etento                             0x00003ad5   Thumb Code   216  bigflt0.o(.text)
    __default_signal_display                 0x00003bb1   Thumb Code    50  defsig_general.o(.text)
    __rt_SIGRTRED_inner                      0x00003be5   Thumb Code    14  defsig_rtred_inner.o(.text)
    __rt_SIGRTMEM                            0x00003c19   Thumb Code    14  defsig_rtmem_outer.o(.text)
    __rt_heap_escrow                         0x00003c29   Thumb Code    22  heapauxa.o(.text)
    __rt_heap_expand                         0x00003c3f   Thumb Code    52  heapauxa.o(.text)
    _ttywrch                                 0x00003c79   Thumb Code    14  sys_wrch.o(.text)
    __semihosting_library_function           0x00003c87   Thumb Code     0  indicate_semi.o(.text)
    __rt_SIGRTMEM_inner                      0x00003c89   Thumb Code    22  defsig_rtmem_inner.o(.text)
    _btod_d2e                                0x00003cd9   Thumb Code    62  btod.o(CL$$btod_d2e)
    _d2e_denorm_low                          0x00003d17   Thumb Code    70  btod.o(CL$$btod_d2e_denorm_low)
    _d2e_norm_op1                            0x00003d5d   Thumb Code    96  btod.o(CL$$btod_d2e_norm_op1)
    __btod_div_common                        0x00003dbd   Thumb Code   696  btod.o(CL$$btod_div_common)
    _e2e                                     0x000040f5   Thumb Code   198  btod.o(CL$$btod_e2e)
    _btod_ediv                               0x000041bb   Thumb Code    40  btod.o(CL$$btod_ediv)
    _btod_emul                               0x000041e3   Thumb Code    40  btod.o(CL$$btod_emul)
    __btod_mult_common                       0x0000420b   Thumb Code   580  btod.o(CL$$btod_mult_common)
    main                                     0x0000444f   Thumb Code    18  retarget.o(i.$Sub$$main)
    NVIC_SetVector                           0x00004469   Thumb Code    46  cmsis_nvic.o(i.NVIC_SetVector)
    SystemInit                               0x0000449d   Thumb Code   150  system_LPC17xx.o(i.SystemInit)
    mbed::DigitalOut::write(int)             0x0000453d   Thumb Code    50  main.o(i._ZN4mbed10DigitalOut5writeEi)
    mbed::DigitalOut::DigitalOut(PinName)    0x000045c5   Thumb Code    26  main.o(i._ZN4mbed10DigitalOutC1E7PinName)
    mbed::DigitalOut::DigitalOut__sub_object(PinName) 0x000045c5   Thumb Code     0  main.o(i._ZN4mbed10DigitalOutC1E7PinName)
    mbed::DigitalOut::operator =(int)        0x000045df   Thumb Code    18  main.o(i._ZN4mbed10DigitalOutaSEi)
    mbed::DigitalOut::operator int()         0x000045f1   Thumb Code    50  main.o(i._ZN4mbed10DigitalOutcviEv)
    mbed::FileHandle::flen()                 0x00004679   Thumb Code    60  retarget.o(i._ZN4mbed10FileHandle4flenEv)
    mbed::FileHandle::~FileHandle()          0x000046b5   Thumb Code     0  retarget.o(i._ZN4mbed10FileHandleD2Ev)
    mbed::FileHandle::~FileHandle__sub_object() 0x000046b5   Thumb Code    38  retarget.o(i._ZN4mbed10FileHandleD2Ev)
    mbed::SerialBase::_base_getc()           0x000046e5   Thumb Code     6  SerialBase.o(i._ZN4mbed10SerialBase10_base_getcEv)
    mbed::SerialBase::_base_putc(int)        0x000046eb   Thumb Code    14  SerialBase.o(i._ZN4mbed10SerialBase10_base_putcEi)
    mbed::SerialBase::_irq_handler(unsigned, SerialIrq) 0x000046f9   Thumb Code    42  SerialBase.o(i._ZN4mbed10SerialBase12_irq_handlerEj9SerialIrq)
    mbed::SerialBase::baud(int)              0x00004723   Thumb Code    16  SerialBase.o(i._ZN4mbed10SerialBase4baudEi)
    mbed::SerialBase::attach(void(*)(), mbed::SerialBase::IrqType) 0x00004733   Thumb Code    38  SerialBase.o(i._ZN4mbed10SerialBase6attachEPFvvENS0_7IrqTypeE)
    mbed::SerialBase::format(int, mbed::SerialBase::Parity, int) 0x00004759   Thumb Code     6  SerialBase.o(i._ZN4mbed10SerialBase6formatEiNS0_6ParityEi)
    mbed::SerialBase::readable()             0x0000475f   Thumb Code     6  SerialBase.o(i._ZN4mbed10SerialBase8readableEv)
    mbed::SerialBase::SerialBase(PinName, PinName) 0x00004765   Thumb Code    66  SerialBase.o(i._ZN4mbed10SerialBaseC1E7PinNameS1_)
    mbed::SerialBase::SerialBase__sub_object(PinName, PinName) 0x00004765   Thumb Code     0  SerialBase.o(i._ZN4mbed10SerialBaseC1E7PinNameS1_)
    mbed::TimerEvent::irq(unsigned)          0x000047b5   Thumb Code     6  TimerEvent.o(i._ZN4mbed10TimerEvent3irqEj)
    mbed::TimerEvent::insert(unsigned)       0x000047bb   Thumb Code    16  TimerEvent.o(i._ZN4mbed10TimerEvent6insertEj)
    mbed::TimerEvent::remove()               0x000047cb   Thumb Code    10  TimerEvent.o(i._ZN4mbed10TimerEvent6removeEv)
    mbed::TimerEvent::TimerEvent__sub_object() 0x000047d5   Thumb Code    32  TimerEvent.o(i._ZN4mbed10TimerEventC2Ev)
    mbed::TimerEvent::~TimerEvent()          0x000047fd   Thumb Code     0  TimerEvent.o(i._ZN4mbed10TimerEventD2Ev)
    mbed::TimerEvent::~TimerEvent__sub_object() 0x000047fd   Thumb Code    20  TimerEvent.o(i._ZN4mbed10TimerEventD2Ev)
    mbed::InterruptIn::_irq_handler(unsigned, gpio_irq_event) 0x00004815   Thumb Code    66  InterruptIn.o(i._ZN4mbed11InterruptIn12_irq_handlerEj14gpio_irq_event)
    mbed::InterruptIn::fall(void(*)())       0x00004857   Thumb Code    28  InterruptIn.o(i._ZN4mbed11InterruptIn4fallEPFvvE)
    mbed::InterruptIn::rise(void(*)())       0x00004873   Thumb Code    28  InterruptIn.o(i._ZN4mbed11InterruptIn4riseEPFvvE)
    mbed::InterruptIn::InterruptIn(PinName)  0x00004891   Thumb Code    62  InterruptIn.o(i._ZN4mbed11InterruptInC1E7PinName)
    mbed::InterruptIn::InterruptIn__sub_object(PinName) 0x00004891   Thumb Code     0  InterruptIn.o(i._ZN4mbed11InterruptInC1E7PinName)
    mbed::InterruptIn::~InterruptIn()        0x000048d9   Thumb Code    20  InterruptIn.o(i._ZN4mbed11InterruptInD1Ev)
    mbed::InterruptIn::~InterruptIn__sub_object() 0x000048d9   Thumb Code     0  InterruptIn.o(i._ZN4mbed11InterruptInD1Ev)
    mbed::mbed_set_unbuffered_stream(std::__FILE*) 0x000048f1   Thumb Code     6  retarget.o(i._ZN4mbed26mbed_set_unbuffered_streamEPSt6__FILE)
    mbed::Timer::read()                      0x000048f9   Thumb Code    36  Timer.o(i._ZN4mbed5Timer4readEv)
    mbed::Timer::stop()                      0x00004921   Thumb Code    30  Timer.o(i._ZN4mbed5Timer4stopEv)
    mbed::Timer::reset()                     0x0000493f   Thumb Code    18  Timer.o(i._ZN4mbed5Timer5resetEv)
    mbed::Timer::start()                     0x00004951   Thumb Code    26  Timer.o(i._ZN4mbed5Timer5startEv)
    mbed::Timer::Timer()                     0x0000496b   Thumb Code    30  Timer.o(i._ZN4mbed5TimerC1Ev)
    mbed::Timer::Timer__sub_object()         0x0000496b   Thumb Code     0  Timer.o(i._ZN4mbed5TimerC1Ev)
    mbed::PwmOut::PwmOut(PinName)            0x00004989   Thumb Code    18  main.o(i._ZN4mbed6PwmOutC1E7PinName)
    mbed::PwmOut::PwmOut__sub_object(PinName) 0x00004989   Thumb Code     0  main.o(i._ZN4mbed6PwmOutC1E7PinName)
    mbed::PwmOut::operator =(float)          0x0000499b   Thumb Code    22  main.o(i._ZN4mbed6PwmOutaSEf)
    mbed::Serial::Serial(PinName, PinName, const char*) 0x000049b1   Thumb Code    32  Serial.o(i._ZN4mbed6SerialC1E7PinNameS1_PKc)
    mbed::Serial::Serial__sub_object(PinName, PinName, const char*) 0x000049b1   Thumb Code     0  Serial.o(i._ZN4mbed6SerialC1E7PinNameS1_PKc)
    mbed::Serial::~Serial()                  0x000049d5   Thumb Code    12  Serial.o(i._ZN4mbed6SerialD1Ev)
    mbed::Serial::~Serial__sub_object()      0x000049d5   Thumb Code     0  Serial.o(i._ZN4mbed6SerialD1Ev)
    mbed::Stream::flen()                     0x000049e1   Thumb Code     4  Stream.o(i._ZN4mbed6Stream4flenEv)
    mbed::Stream::getc()                     0x000049e5   Thumb Code    20  Stream.o(i._ZN4mbed6Stream4getcEv)
    mbed::Stream::read(void*, unsigned)      0x000049f9   Thumb Code    44  Stream.o(i._ZN4mbed6Stream4readEPvj)
    mbed::Stream::close()                    0x00004a25   Thumb Code     4  Stream.o(i._ZN4mbed6Stream5closeEv)
    mbed::Stream::lseek(long, int)           0x00004a29   Thumb Code     4  Stream.o(i._ZN4mbed6Stream5lseekEli)
    mbed::Stream::write(const void*, unsigned) 0x00004a2d   Thumb Code    44  Stream.o(i._ZN4mbed6Stream5writeEPKvj)
    mbed::Stream::isatty()                   0x00004a59   Thumb Code     4  Stream.o(i._ZN4mbed6Stream6isattyEv)
    mbed::Stream::printf(const char*, ...)   0x00004a5d   Thumb Code    30  Stream.o(i._ZN4mbed6Stream6printfEPKcz)
    mbed::Stream::Stream__sub_object(const char*) 0x00004a7d   Thumb Code    52  Stream.o(i._ZN4mbed6StreamC2EPKc)
    mbed::Stream::~Stream()                  0x00004abd   Thumb Code     0  Stream.o(i._ZN4mbed6StreamD2Ev)
    mbed::Stream::~Stream__sub_object()      0x00004abd   Thumb Code    28  Stream.o(i._ZN4mbed6StreamD2Ev)
    mbed::Ticker::setup(unsigned)            0x00004add   Thumb Code    32  Ticker.o(i._ZN4mbed6Ticker5setupEj)
    mbed::Ticker::detach()                   0x00004afd   Thumb Code    16  Ticker.o(i._ZN4mbed6Ticker6detachEv)
    mbed::Ticker::handler()                  0x00004b0d   Thumb Code    52  Ticker.o(i._ZN4mbed6Ticker7handlerEv)
    mbed::Timeout::handler()                 0x00004b41   Thumb Code    28  Timeout.o(i._ZN4mbed7Timeout7handlerEv)
    mbed::Timeout::~Timeout()                0x00004b5d   Thumb Code    24  Timeout.o(i._ZN4mbed7TimeoutD1Ev)
    mbed::Timeout::~Timeout__sub_object()    0x00004b5d   Thumb Code     0  Timeout.o(i._ZN4mbed7TimeoutD1Ev)
    mbed::FileBase::getPathType()            0x00004b79   Thumb Code     4  FileBase.o(i._ZN4mbed8FileBase11getPathTypeEv)
    mbed::FileBase::lookup(const char*, unsigned) 0x00004b7d   Thumb Code    50  FileBase.o(i._ZN4mbed8FileBase6lookupEPKcj)
    mbed::FileBase::FileBase(const char*, mbed::PathType) 0x00004bb5   Thumb Code    28  FileBase.o(i._ZN4mbed8FileBaseC1EPKcNS_8PathTypeE)
    mbed::FileBase::FileBase__sub_object(const char*, mbed::PathType) 0x00004bb5   Thumb Code     0  FileBase.o(i._ZN4mbed8FileBaseC1EPKcNS_8PathTypeE)
    mbed::FileBase::~FileBase()              0x00004bd9   Thumb Code    46  FileBase.o(i._ZN4mbed8FileBaseD1Ev)
    mbed::FileBase::~FileBase__sub_object()  0x00004bd9   Thumb Code     0  FileBase.o(i._ZN4mbed8FileBaseD1Ev)
    mbed::FileLike::FileLike__sub_object(const char*) 0x00004c11   Thumb Code    26  FileLike.o(i._ZN4mbed8FileLikeC2EPKc)
    mbed::FileLike::~FileLike()              0x00004c35   Thumb Code     0  FileLike.o(i._ZN4mbed8FileLikeD2Ev)
    mbed::FileLike::~FileLike__sub_object()  0x00004c35   Thumb Code    18  FileLike.o(i._ZN4mbed8FileLikeD2Ev)
    mbed::FilePath::fileSystem()             0x00004c47   Thumb Code    24  FilePath.o(i._ZN4mbed8FilePath10fileSystemEv)
    mbed::FilePath::file()                   0x00004c5f   Thumb Code    28  FilePath.o(i._ZN4mbed8FilePath4fileEv)
    mbed::FilePath::exists()                 0x00004c7b   Thumb Code    10  FilePath.o(i._ZN4mbed8FilePath6existsEv)
    mbed::FilePath::isFile()                 0x00004c85   Thumb Code    24  FilePath.o(i._ZN4mbed8FilePath6isFileEv)
    mbed::FilePath::fileName()               0x00004c9d   Thumb Code     4  FilePath.o(i._ZN4mbed8FilePath8fileNameEv)
    mbed::FilePath::FilePath(const char*)    0x00004ca1   Thumb Code    64  FilePath.o(i._ZN4mbed8FilePathC1EPKc)
    mbed::FilePath::FilePath__sub_object(const char*) 0x00004ca1   Thumb Code     0  FilePath.o(i._ZN4mbed8FilePathC1EPKc)
    mbed::mbed_getc(std::__FILE*)            0x00004ce1   Thumb Code     4  retarget.o(i._ZN4mbed9mbed_getcEPSt6__FILE)
    std::abs(float)                          0x00004ce5   Thumb Code    10  main.o(i._ZSt3absf)
    thunk{-64} to mbed::Serial::_getc()      0x00004cef   Thumb Code     6  Serial.o(i._ZThn64_N4mbed6Serial5_getcEv)
    thunk{-64} to mbed::Serial::_putc(int)   0x00004cf5   Thumb Code     6  Serial.o(i._ZThn64_N4mbed6Serial5_putcEi)
    __ARM_fpclassify                         0x00004cfb   Thumb Code    40  fpclassify.o(i.__ARM_fpclassify)
    __aeabi_atexit                           0x00004d23   Thumb Code    50  aeabi_atexit.o(i.__aeabi_atexit)
    __aeabi_vec_ctor_nocookie_nodtor         0x00004d55   Thumb Code    36  aeabi_vec_ctor_nocookie_nodtor.o(i.__aeabi_vec_ctor_nocookie_nodtor)
    __cxa_finalize                           0x00004d79   Thumb Code    66  cxa_finalize.o(i.__cxa_finalize)
    __cxa_pure_virtual                       0x00004dbb   Thumb Code     6  pure_virt.o(i.__cxa_pure_virtual)
    __user_setup_stackheap                   0x00004dc1   Thumb Code    10  sys.o(i.__user_setup_stackheap)
    _is_digit                                0x00004dd1   Thumb Code    14  __printf_wp.o(i._is_digit)
    _sys_close                               0x00004de1   Thumb Code    40  retarget.o(i._sys_close)
    _sys_flen                                0x00004e0d   Thumb Code    34  retarget.o(i._sys_flen)
    _sys_istty                               0x00004e35   Thumb Code    34  retarget.o(i._sys_istty)
    _sys_open                                0x00004e5d   Thumb Code   300  retarget.o(i._sys_open)
    _sys_read                                0x00004fa9   Thumb Code    70  retarget.o(i._sys_read)
    _sys_seek                                0x00005001   Thumb Code    36  retarget.o(i._sys_seek)
    _sys_write                               0x00005029   Thumb Code    82  retarget.o(i._sys_write)
    error                                    0x0000508d   Thumb Code    20  error.o(i.error)
    exit                                     0x000050a5   Thumb Code    36  retarget.o(i.exit)
    fgetc                                    0x000050d1   Thumb Code    24  fgetc.o(i.fgetc)
    fputc                                    0x000050e9   Thumb Code    26  fputc.o(i.fputc)
    get_us_ticker_data                       0x00005105   Thumb Code     4  us_ticker_api.o(i.get_us_ticker_data)
    gpio_dir                                 0x0000510d   Thumb Code    54  gpio_api.o(i.gpio_dir)
    gpio_init                                0x00005161   Thumb Code    58  gpio_api.o(i.gpio_init)
    gpio_init_in                             0x0000519b   Thumb Code    40  gpio.o(i.gpio_init_in)
    gpio_init_out                            0x000051c5   Thumb Code    64  gpio.o(i.gpio_init_out)
    gpio_init_out_ex                         0x0000520d   Thumb Code    76  gpio.o(i.gpio_init_out_ex)
    gpio_irq_free                            0x00005275   Thumb Code    12  gpio_irq_api.o(i.gpio_irq_free)
    gpio_irq_init                            0x00005285   Thumb Code    92  gpio_irq_api.o(i.gpio_irq_init)
    gpio_irq_set                             0x00005325   Thumb Code   196  gpio_irq_api.o(i.gpio_irq_set)
    gpio_mode                                0x000053ed   Thumb Code     6  gpio_api.o(i.gpio_mode)
    mbed_assert_internal                     0x000054e5   Thumb Code    12  assert.o(i.mbed_assert_internal)
    mbed_die                                 0x00005525   Thumb Code   242  board.o(i.mbed_die)
    mbed_interface_connected                 0x00005645   Thumb Code     4  mbed_interface.o(i.mbed_interface_connected)
    mbed_main                                0x00005649   Thumb Code     2  retarget.o(i.mbed_main)
    mbed_sdk_init                            0x0000564b   Thumb Code     2  retarget.o(i.mbed_sdk_init)
    pin_function                             0x0000564d   Thumb Code    68  pinmap.o(i.pin_function)
    pin_mode                                 0x000056a9   Thumb Code   120  pinmap.o(i.pin_mode)
    pinmap_find_peripheral                   0x00005739   Thumb Code    34  pinmap_common.o(i.pinmap_find_peripheral)
    pinmap_merge                             0x0000575d   Thumb Code    38  pinmap_common.o(i.pinmap_merge)
    pinmap_peripheral                        0x00005799   Thumb Code    58  pinmap_common.o(i.pinmap_peripheral)
    pinmap_pinout                            0x000057f5   Thumb Code    66  pinmap_common.o(i.pinmap_pinout)
    pwmout_init                              0x0000584d   Thumb Code   202  pwmout_api.o(i.pwmout_init)
    pwmout_write                             0x0000594d   Thumb Code    74  pwmout_api.o(i.pwmout_write)
    semihost_connected                       0x0000599d   Thumb Code    10  semihost_api.o(i.semihost_connected)
    semihost_exit                            0x000059ad   Thumb Code    12  semihost_api.o(i.semihost_exit)
    serial_baud                              0x000059b9   Thumb Code   408  serial_api.o(i.serial_baud)
    serial_format                            0x00005b7d   Thumb Code   146  serial_api.o(i.serial_format)
    serial_getc                              0x00005c65   Thumb Code    52  serial_api.o(i.serial_getc)
    serial_init                              0x00005c9d   Thumb Code   344  serial_api.o(i.serial_init)
    serial_irq_handler                       0x00005e1d   Thumb Code    18  serial_api.o(i.serial_irq_handler)
    serial_irq_set                           0x00005e39   Thumb Code    24  serial_api.o(i.serial_irq_set)
    serial_putc                              0x00005f21   Thumb Code   100  serial_api.o(i.serial_putc)
    serial_readable                          0x00005f89   Thumb Code    10  serial_api.o(i.serial_readable)
    serial_set_flow_control                  0x00005f95   Thumb Code   252  serial_api.o(i.serial_set_flow_control)
    ticker_insert_event                      0x000060a1   Thumb Code    62  ticker_api.o(i.ticker_insert_event)
    ticker_irq_handler                       0x000060df   Thumb Code    78  ticker_api.o(i.ticker_irq_handler)
    ticker_read                              0x0000612d   Thumb Code     6  ticker_api.o(i.ticker_read)
    ticker_remove_event                      0x00006133   Thumb Code    60  ticker_api.o(i.ticker_remove_event)
    ticker_set_handler                       0x0000616f   Thumb Code    18  ticker_api.o(i.ticker_set_handler)
    uart0_irq                                0x00006181   Thumb Code    14  serial_api.o(i.uart0_irq)
    uart1_irq                                0x00006195   Thumb Code    14  serial_api.o(i.uart1_irq)
    uart2_irq                                0x000061a9   Thumb Code    14  serial_api.o(i.uart2_irq)
    uart3_irq                                0x000061bd   Thumb Code    14  serial_api.o(i.uart3_irq)
    us_ticker_clear_interrupt                0x00006239   Thumb Code     8  us_ticker.o(i.us_ticker_clear_interrupt)
    us_ticker_disable_interrupt              0x00006245   Thumb Code    12  us_ticker.o(i.us_ticker_disable_interrupt)
    us_ticker_init                           0x00006255   Thumb Code    76  us_ticker.o(i.us_ticker_init)
    us_ticker_irq_handler                    0x000062b9   Thumb Code     6  us_ticker_api.o(i.us_ticker_irq_handler)
    us_ticker_read                           0x000062c5   Thumb Code    74  us_ticker.o(i.us_ticker_read)
    us_ticker_set_interrupt                  0x00006329   Thumb Code    14  us_ticker.o(i.us_ticker_set_interrupt)
    wait                                     0x0000633d   Thumb Code    32  wait_api.o(i.wait)
    wait_ms                                  0x00006361   Thumb Code    28  wait_api.o(i.wait_ms)
    wait_us                                  0x0000637d   Thumb Code    24  wait_api.o(i.wait_us)
    _get_lc_numeric                          0x00006395   Thumb Code    44  lc_numeric_c.o(locale$$code)
    _get_lc_ctype                            0x000063c1   Thumb Code    44  lc_ctype_c.o(locale$$code)
    mbed::FunctionPointerArg1<void, void>::attach(void(*)()) 0x000063ed   Thumb Code     8  main.o(t._ZN4mbed19FunctionPointerArg1IvvE6attachEPFvvE)
    __aeabi_d2f                              0x000063f5   Thumb Code     0  d2f.o(x$fpl$d2f)
    _d2f                                     0x000063f5   Thumb Code    98  d2f.o(x$fpl$d2f)
    __aeabi_dadd                             0x00006459   Thumb Code     0  daddsub_clz.o(x$fpl$dadd)
    _dadd                                    0x00006459   Thumb Code   332  daddsub_clz.o(x$fpl$dadd)
    __fpl_dcmp_Inf                           0x000065a9   Thumb Code    24  dcmpi.o(x$fpl$dcmpinf)
    __aeabi_ddiv                             0x000065c1   Thumb Code     0  ddiv.o(x$fpl$ddiv)
    _ddiv                                    0x000065c1   Thumb Code   552  ddiv.o(x$fpl$ddiv)
    __aeabi_cdcmpeq                          0x00006871   Thumb Code     0  deqf.o(x$fpl$deqf)
    _dcmpeq                                  0x00006871   Thumb Code   120  deqf.o(x$fpl$deqf)
    __aeabi_cdcmple                          0x000068e9   Thumb Code     0  dleqf.o(x$fpl$dleqf)
    _dcmple                                  0x000068e9   Thumb Code   120  dleqf.o(x$fpl$dleqf)
    __fpl_dcmple_InfNaN                      0x0000694b   Thumb Code     0  dleqf.o(x$fpl$dleqf)
    __aeabi_dmul                             0x00006961   Thumb Code     0  dmul.o(x$fpl$dmul)
    _dmul                                    0x00006961   Thumb Code   332  dmul.o(x$fpl$dmul)
    __fpl_dnaninf                            0x00006ab5   Thumb Code   156  dnaninf.o(x$fpl$dnaninf)
    __fpl_dretinf                            0x00006b51   Thumb Code    12  dretinf.o(x$fpl$dretinf)
    __aeabi_cdrcmple                         0x00006b5d   Thumb Code     0  drleqf.o(x$fpl$drleqf)
    _drcmple                                 0x00006b5d   Thumb Code   108  drleqf.o(x$fpl$drleqf)
    __aeabi_dsub                             0x00006bc9   Thumb Code     0  daddsub_clz.o(x$fpl$dsub)
    _dsub                                    0x00006bc9   Thumb Code   464  daddsub_clz.o(x$fpl$dsub)
    __aeabi_f2d                              0x00006d9d   Thumb Code     0  f2d.o(x$fpl$f2d)
    _f2d                                     0x00006d9d   Thumb Code    86  f2d.o(x$fpl$f2d)
    __aeabi_fadd                             0x00006df5   Thumb Code     0  faddsub_clz.o(x$fpl$fadd)
    _fadd                                    0x00006df5   Thumb Code   196  faddsub_clz.o(x$fpl$fadd)
    __fpl_fcmp_Inf                           0x00006eb9   Thumb Code    24  fcmpi.o(x$fpl$fcmpinf)
    __aeabi_fdiv                             0x00006ed1   Thumb Code     0  fdiv.o(x$fpl$fdiv)
    _fdiv                                    0x00006ed1   Thumb Code   384  fdiv.o(x$fpl$fdiv)
    __aeabi_f2iz                             0x00007055   Thumb Code     0  ffix.o(x$fpl$ffix)
    _ffix                                    0x00007055   Thumb Code    54  ffix.o(x$fpl$ffix)
    __aeabi_f2uiz                            0x0000708d   Thumb Code     0  ffixu.o(x$fpl$ffixu)
    _ffixu                                   0x0000708d   Thumb Code    62  ffixu.o(x$fpl$ffixu)
    __aeabi_i2f                              0x000070cd   Thumb Code     0  fflt_clz.o(x$fpl$fflt)
    _fflt                                    0x000070cd   Thumb Code    48  fflt_clz.o(x$fpl$fflt)
    __aeabi_ui2f                             0x000070fd   Thumb Code     0  fflt_clz.o(x$fpl$ffltu)
    _ffltu                                   0x000070fd   Thumb Code    38  fflt_clz.o(x$fpl$ffltu)
    __aeabi_cfcmple                          0x00007125   Thumb Code     0  fleqf.o(x$fpl$fleqf)
    _fcmple                                  0x00007125   Thumb Code   104  fleqf.o(x$fpl$fleqf)
    __fpl_fcmple_InfNaN                      0x00007177   Thumb Code     0  fleqf.o(x$fpl$fleqf)
    __aeabi_fmul                             0x0000718d   Thumb Code     0  fmul.o(x$fpl$fmul)
    _fmul                                    0x0000718d   Thumb Code   258  fmul.o(x$fpl$fmul)
    __fpl_fnaninf                            0x0000728f   Thumb Code   140  fnaninf.o(x$fpl$fnaninf)
    __fpl_fretinf                            0x0000731b   Thumb Code    10  fretinf.o(x$fpl$fretinf)
    __aeabi_cfrcmple                         0x00007325   Thumb Code     0  frleqf.o(x$fpl$frleqf)
    _frcmple                                 0x00007325   Thumb Code    98  frleqf.o(x$fpl$frleqf)
    __aeabi_frsub                            0x00007387   Thumb Code     0  faddsub_clz.o(x$fpl$frsb)
    _frsb                                    0x00007387   Thumb Code    20  faddsub_clz.o(x$fpl$frsb)
    __aeabi_fsub                             0x0000739d   Thumb Code     0  faddsub_clz.o(x$fpl$fsub)
    _fsub                                    0x0000739d   Thumb Code   234  faddsub_clz.o(x$fpl$fsub)
    _printf_fp_dec                           0x00007487   Thumb Code     4  printf1.o(x$fpl$printf1)
    _printf_fp_hex                           0x0000748b   Thumb Code     4  printf2.o(x$fpl$printf2)
    __I$use$fp                               0x0000748e   Number         0  usenofp.o(x$fpl$usenofp)
    __stdin_name                             0x0000748e   Data           7  retarget.o(.constdata)
    __stdout_name                            0x00007495   Data           8  retarget.o(.constdata)
    __stderr_name                            0x0000749d   Data           8  retarget.o(.constdata)
    vtable for mbed::FileHandle              0x00007798   Data          44  retarget.o(.constdata__ZTVN4mbed10FileHandleE)
    vtable for mbed::SerialBase              0x000077c4   Data          16  SerialBase.o(.constdata__ZTVN4mbed10SerialBaseE)
    vtable for mbed::TimerEvent              0x000077d4   Data          20  TimerEvent.o(.constdata__ZTVN4mbed10TimerEventE)
    vtable for mbed::InterruptIn             0x000077e8   Data          16  InterruptIn.o(.constdata__ZTVN4mbed11InterruptInE)
    vtable for mbed::Serial                  0x000077f8   Data          92  Serial.o(.constdata__ZTVN4mbed6SerialE)
    vtable for mbed::Stream                  0x00007854   Data          68  Stream.o(.constdata__ZTVN4mbed6StreamE)
    vtable for mbed::Ticker                  0x00007898   Data          20  Ticker.o(.constdata__ZTVN4mbed6TickerE)
    vtable for mbed::Timeout                 0x000078ac   Data          20  Timeout.o(.constdata__ZTVN4mbed7TimeoutE)
    vtable for mbed::FileBase                0x000078c0   Data          16  FileBase.o(.constdata__ZTVN4mbed8FileBaseE)
    vtable for mbed::FileLike                0x000078d0   Data          60  FileLike.o(.constdata__ZTVN4mbed8FileLikeE)
    Region$$Table$$Base                      0x00007b94   Number         0  anon$$obj.o(Region$$Table)
    Region$$Table$$Limit                     0x00007bb4   Number         0  anon$$obj.o(Region$$Table)
    __ctype                                  0x00007bdd   Data           0  lc_ctype_c.o(locale$$data)
    SHT$$INIT_ARRAY$$Base                    0x00007ce0   Number         0  main.o(.init_array)
    SHT$$INIT_ARRAY$$Limit                   0x00007ce4   Number         0  init_aeabi.o(.init_array)
    _Apwm                                    0x100000c8   Data           8  main.o(.data)
    _Bpwm                                    0x100000d0   Data           8  main.o(.data)
    MOTOR_RunSign                            0x100000d8   Data           1  main.o(.data)
    dis                                      0x100000dc   Data           4  main.o(.data)
    freshSign                                0x100000e0   Data           1  main.o(.data)
    sonicMeasureRunSign                      0x100000e1   Data           1  main.o(.data)
    bufferLoc                                0x100000e2   Data           1  main.o(.data)
    Data::xAcc                               0x100000e4   Data           4  main.o(.data)
    Data::yAcc                               0x100000e8   Data           4  main.o(.data)
    Data::zAcc                               0x100000ec   Data           4  main.o(.data)
    Data::xAngleSpeed                        0x100000f0   Data           4  main.o(.data)
    Data::yAngleSpeed                        0x100000f4   Data           4  main.o(.data)
    Data::zAngleSpeed                        0x100000f8   Data           4  main.o(.data)
    Data::xAngle                             0x100000fc   Data           4  main.o(.data)
    Data::yAngle                             0x10000100   Data           4  main.o(.data)
    Data::zAngle                             0x10000104   Data           4  main.o(.data)
    Data::zAngleTurns                        0x10000108   Data           4  main.o(.data)
    Data::zAnglePrevious                     0x1000010c   Data           4  main.o(.data)
    Data::Temp                               0x10000110   Data           4  main.o(.data)
    SystemCoreClock                          0x10000114   Data           4  system_LPC17xx.o(.data)
    PWM_MATCH                                0x1000011c   Data          28  pwmout_api.o(.data)
    stdio_uart_inited                        0x10000138   Data           4  serial_api.o(.data)
    stdio_uart                               0x10000140   Data           8  serial_api.o(.data)
    us_ticker_inited                         0x1000014c   Data           4  us_ticker.o(.data)
    mbed::FileBase::_head                    0x10000150   Data           4  FileBase.o(.data)
    __aeabi_stdin                            0x1000015c   Data           4  stdio_streams.o(.data)
    __aeabi_stdout                           0x10000160   Data           4  stdio_streams.o(.data)
    __aeabi_stderr                           0x10000164   Data           4  stdio_streams.o(.data)
    MicroUSB                                 0x1000016c   Data          88  main.o(.bss)
    PC                                       0x100001c4   Data          88  main.o(.bss)
    MPU6050_Serial                           0x1000021c   Data          88  main.o(.bss)
    HC12                                     0x10000274   Data          88  main.o(.bss)
    LEDS                                     0x100002cc   Data          96  main.o(.bss)
    timeoutStop                              0x1000032c   Data          48  main.o(.bss)
    _A1                                      0x1000035c   Data          24  main.o(.bss)
    _A2                                      0x10000374   Data          24  main.o(.bss)
    _B1                                      0x1000038c   Data          24  main.o(.bss)
    _B2                                      0x100003a4   Data          24  main.o(.bss)
    _stby                                    0x100003bc   Data          24  main.o(.bss)
    trig                                     0x100003d4   Data          24  main.o(.bss)
    echo                                     0x100003ec   Data          88  main.o(.bss)
    timerSonic                               0x10000444   Data          16  main.o(.bss)
    controller_turn                          0x10000454   Data          88  main.o(.bss)
    controller_straight                      0x100004ac   Data          88  main.o(.bss)
    fanPin                                   0x10000504   Data          24  main.o(.bss)
    noUsePin                                 0x1000051c   Data          24  main.o(.bss)
    buffer                                   0x10000534   Data          10  main.o(.bss)
    __stdin                                  0x10000720   Data          84  stdio_streams.o(.bss)
    __stdout                                 0x10000774   Data          84  stdio_streams.o(.bss)
    __stderr                                 0x100007c8   Data          84  stdio_streams.o(.bss)
    Image$$RW_IRAM1$$ZI$$Limit               0x1000083c   Number         0  anon$$obj.o ABSOLUTE



==============================================================================

Memory Map of the image

  Image Entry point : 0x000000c5

  Load Region LR_IROM1 (Base: 0x00000000, Size: 0x00007d88, Max: 0x00080000, ABSOLUTE)

    Execution Region ER_IROM1 (Base: 0x00000000, Size: 0x00007ce4, Max: 0x00080000, ABSOLUTE)

    Base Addr    Size         Type   Attr      Idx    E Section Name        Object

    0x00000000   0x000000c4   Data   RO          498    RESET               startup_LPC17xx.o
    0x000000c4   0x00000008   Code   RO         1457  * !!!main             c_w.l(__main.o)
    0x000000cc   0x00000034   Code   RO         2291    !!!scatter          c_w.l(__scatter.o)
    0x00000100   0x0000001a   Code   RO         2293    !!handler_copy      c_w.l(__scatter_copy.o)
    0x0000011a   0x00000002   PAD
    0x0000011c   0x0000001c   Code   RO         2295    !!handler_zi        c_w.l(__scatter_zi.o)
    0x00000138   0x00000000   Code   RO         1399    .ARM.Collect$$_printf_percent$$00000000  c_w.l(_printf_percent.o)
    0x00000138   0x00000006   Code   RO         1749    .ARM.Collect$$_printf_percent$$00000001  c_w.l(_printf_n.o)
    0x0000013e   0x00000006   Code   RO         1398    .ARM.Collect$$_printf_percent$$00000002  c_w.l(_printf_p.o)
    0x00000144   0x00000006   Code   RO         1755    .ARM.Collect$$_printf_percent$$00000003  c_w.l(_printf_f.o)
    0x0000014a   0x00000006   Code   RO         1756    .ARM.Collect$$_printf_percent$$00000004  c_w.l(_printf_e.o)
    0x00000150   0x00000006   Code   RO         1757    .ARM.Collect$$_printf_percent$$00000005  c_w.l(_printf_g.o)
    0x00000156   0x00000006   Code   RO         1758    .ARM.Collect$$_printf_percent$$00000006  c_w.l(_printf_a.o)
    0x0000015c   0x0000000a   Code   RO         1763    .ARM.Collect$$_printf_percent$$00000007  c_w.l(_printf_ll.o)
    0x00000166   0x00000006   Code   RO         1752    .ARM.Collect$$_printf_percent$$00000008  c_w.l(_printf_i.o)
    0x0000016c   0x00000006   Code   RO         1753    .ARM.Collect$$_printf_percent$$00000009  c_w.l(_printf_d.o)
    0x00000172   0x00000006   Code   RO         1754    .ARM.Collect$$_printf_percent$$0000000A  c_w.l(_printf_u.o)
    0x00000178   0x00000006   Code   RO         1751    .ARM.Collect$$_printf_percent$$0000000B  c_w.l(_printf_o.o)
    0x0000017e   0x00000006   Code   RO         1750    .ARM.Collect$$_printf_percent$$0000000C  c_w.l(_printf_x.o)
    0x00000184   0x00000006   Code   RO         1760    .ARM.Collect$$_printf_percent$$0000000D  c_w.l(_printf_lli.o)
    0x0000018a   0x00000006   Code   RO         1761    .ARM.Collect$$_printf_percent$$0000000E  c_w.l(_printf_lld.o)
    0x00000190   0x00000006   Code   RO         1762    .ARM.Collect$$_printf_percent$$0000000F  c_w.l(_printf_llu.o)
    0x00000196   0x00000006   Code   RO         1767    .ARM.Collect$$_printf_percent$$00000010  c_w.l(_printf_llo.o)
    0x0000019c   0x00000006   Code   RO         1768    .ARM.Collect$$_printf_percent$$00000011  c_w.l(_printf_llx.o)
    0x000001a2   0x0000000a   Code   RO         1764    .ARM.Collect$$_printf_percent$$00000012  c_w.l(_printf_l.o)
    0x000001ac   0x00000006   Code   RO         1747    .ARM.Collect$$_printf_percent$$00000013  c_w.l(_printf_c.o)
    0x000001b2   0x00000006   Code   RO         1748    .ARM.Collect$$_printf_percent$$00000014  c_w.l(_printf_s.o)
    0x000001b8   0x00000006   Code   RO         1765    .ARM.Collect$$_printf_percent$$00000015  c_w.l(_printf_lc.o)
    0x000001be   0x00000006   Code   RO         1766    .ARM.Collect$$_printf_percent$$00000016  c_w.l(_printf_ls.o)
    0x000001c4   0x00000004   Code   RO         1759    .ARM.Collect$$_printf_percent$$00000017  c_w.l(_printf_percent_end.o)
    0x000001c8   0x00000002   Code   RO         2175    .ARM.Collect$$libinit$$00000000  c_w.l(libinit.o)
    0x000001ca   0x00000000   Code   RO         1815    .ARM.Collect$$libinit$$00000002  c_w.l(libinit2.o)
    0x000001ca   0x00000000   Code   RO         1817    .ARM.Collect$$libinit$$00000004  c_w.l(libinit2.o)
    0x000001ca   0x00000008   Code   RO         1818    .ARM.Collect$$libinit$$00000005  c_w.l(libinit2.o)
    0x000001d2   0x00000000   Code   RO         1820    .ARM.Collect$$libinit$$0000000A  c_w.l(libinit2.o)
    0x000001d2   0x00000000   Code   RO         1822    .ARM.Collect$$libinit$$0000000C  c_w.l(libinit2.o)
    0x000001d2   0x00000000   Code   RO         1824    .ARM.Collect$$libinit$$0000000E  c_w.l(libinit2.o)
    0x000001d2   0x00000006   Code   RO         1825    .ARM.Collect$$libinit$$0000000F  c_w.l(libinit2.o)
    0x000001d8   0x00000000   Code   RO         1827    .ARM.Collect$$libinit$$00000011  c_w.l(libinit2.o)
    0x000001d8   0x0000000c   Code   RO         1828    .ARM.Collect$$libinit$$00000012  c_w.l(libinit2.o)
    0x000001e4   0x00000000   Code   RO         1829    .ARM.Collect$$libinit$$00000013  c_w.l(libinit2.o)
    0x000001e4   0x00000000   Code   RO         1831    .ARM.Collect$$libinit$$00000015  c_w.l(libinit2.o)
    0x000001e4   0x0000000a   Code   RO         1832    .ARM.Collect$$libinit$$00000016  c_w.l(libinit2.o)
    0x000001ee   0x00000000   Code   RO         1833    .ARM.Collect$$libinit$$00000017  c_w.l(libinit2.o)
    0x000001ee   0x00000000   Code   RO         1835    .ARM.Collect$$libinit$$00000019  c_w.l(libinit2.o)
    0x000001ee   0x00000000   Code   RO         1837    .ARM.Collect$$libinit$$0000001B  c_w.l(libinit2.o)
    0x000001ee   0x00000000   Code   RO         1839    .ARM.Collect$$libinit$$0000001D  c_w.l(libinit2.o)
    0x000001ee   0x00000000   Code   RO         1841    .ARM.Collect$$libinit$$0000001F  c_w.l(libinit2.o)
    0x000001ee   0x00000000   Code   RO         1843    .ARM.Collect$$libinit$$00000021  c_w.l(libinit2.o)
    0x000001ee   0x00000000   Code   RO         1845    .ARM.Collect$$libinit$$00000023  c_w.l(libinit2.o)
    0x000001ee   0x00000004   Code   RO         1846    .ARM.Collect$$libinit$$00000024  c_w.l(libinit2.o)
    0x000001f2   0x00000000   Code   RO         1847    .ARM.Collect$$libinit$$00000025  c_w.l(libinit2.o)
    0x000001f2   0x00000000   Code   RO         1851    .ARM.Collect$$libinit$$0000002C  c_w.l(libinit2.o)
    0x000001f2   0x00000000   Code   RO         1853    .ARM.Collect$$libinit$$0000002E  c_w.l(libinit2.o)
    0x000001f2   0x00000000   Code   RO         1855    .ARM.Collect$$libinit$$00000030  c_w.l(libinit2.o)
    0x000001f2   0x00000004   Code   RO         1856    .ARM.Collect$$libinit$$00000031  c_w.l(libinit2.o)
    0x000001f6   0x00000000   Code   RO         1857    .ARM.Collect$$libinit$$00000032  c_w.l(libinit2.o)
    0x000001f6   0x00000002   Code   RO         1858    .ARM.Collect$$libinit$$00000033  c_w.l(libinit2.o)
    0x000001f8   0x00000006   Code   RO         1859    .ARM.Collect$$libshutdown$$00000001  c_w.l(libshutdown2.o)
    0x000001fe   0x00000000   Code   RO         1861    .ARM.Collect$$libshutdown$$00000003  c_w.l(libshutdown2.o)
    0x000001fe   0x00000000   Code   RO         1641    .ARM.Collect$$rtentry$$00000000  c_w.l(__rtentry.o)
    0x000001fe   0x00000000   Code   RO         1942    .ARM.Collect$$rtentry$$00000002  c_w.l(__rtentry2.o)
    0x000001fe   0x00000006   Code   RO         1954    .ARM.Collect$$rtentry$$00000004  c_w.l(__rtentry4.o)
    0x00000204   0x00000000   Code   RO         1944    .ARM.Collect$$rtentry$$00000009  c_w.l(__rtentry2.o)
    0x00000204   0x00000004   Code   RO         1945    .ARM.Collect$$rtentry$$0000000A  c_w.l(__rtentry2.o)
    0x00000208   0x00000000   Code   RO         1947    .ARM.Collect$$rtentry$$0000000C  c_w.l(__rtentry2.o)
    0x00000208   0x00000008   Code   RO         1948    .ARM.Collect$$rtentry$$0000000D  c_w.l(__rtentry2.o)
    0x00000210   0x00000000   Code   RO         2105    .emb_text           c_w.l(maybetermalloc1.o)
    0x00000210   0x00000024   Code   RO          500    .text               startup_LPC17xx.o
    0x00000234   0x0000000a   Code   RO         1347    .text               c_w.l(vfprintf.o)
    0x0000023e   0x0000000a   Code   RO         1349    .text               c_w.l(c89vfprintf.o)
    0x00000248   0x0000002c   Code   RO         1351    .text               c_w.l(__2sprintf.o)
    0x00000274   0x0000003c   Code   RO         1402    .text               c_w.l(__0sscanf.o)
    0x000002b0   0x00000014   Code   RO         1422    .text               c_w.l(setbuf.o)
    0x000002c4   0x00000024   Code   RO         1462    .text               c_w.l(init_aeabi.o)
    0x000002e8   0x00000008   Code   RO         1651    .text               c_w.l(rt_ddtor_pointer_addr.o)
    0x000002f0   0x0000000a   Code   RO         1732    .text               c_w.l(_sputc.o)
    0x000002fa   0x00000002   Code   RO         2209    .text               c_w.l(use_no_semi.o)
    0x000002fc   0x00000004   Code   RO          499    .ARM.__at_0x02FC    startup_LPC17xx.o
    0x00000300   0x00001158   Code   RO            3    .text               main.o
    0x00001458   0x00000490   Code   RO          384    .text               pid.o
    0x000018e8   0x00000094   Code   RO         1375    .text               c_w.l(_printf_hex_int_ll_ptr.o)
    0x0000197c   0x00000188   Code   RO         1395    .text               c_w.l(__printf_flags_ss_wp.o)
    0x00001b04   0x0000014c   Code   RO         1404    .text               c_w.l(_scanf_int.o)
    0x00001c50   0x00000064   Code   RO         1406    .text               c_w.l(fflush.o)
    0x00001cb4   0x000000ec   Code   RO         1420    .text               c_w.l(fopen.o)
    0x00001da0   0x0000004c   Code   RO         1430    .text               c_w.l(fclose.o)
    0x00001dec   0x0000003e   Code   RO         1445    .text               c_w.l(strlen.o)
    0x00001e2a   0x00000096   Code   RO         1447    .text               c_w.l(strncmp.o)
    0x00001ec0   0x00000064   Code   RO         1449    .text               c_w.l(rt_memcpy_w.o)
    0x00001f24   0x0000004e   Code   RO         1451    .text               c_w.l(rt_memclr_w.o)
    0x00001f72   0x00000002   PAD
    0x00001f74   0x00000080   Code   RO         1455    .text               c_w.l(strcmpv7m.o)
    0x00001ff4   0x0000005e   Code   RO         1660    .text               c_w.l(h1_alloc.o)
    0x00002052   0x0000004e   Code   RO         1662    .text               c_w.l(h1_free.o)
    0x000020a0   0x0000004e   Code   RO         1718    .text               c_w.l(_printf_pad.o)
    0x000020ee   0x00000024   Code   RO         1720    .text               c_w.l(_printf_truncate.o)
    0x00002112   0x00000052   Code   RO         1722    .text               c_w.l(_printf_str.o)
    0x00002164   0x000000b2   Code   RO         1724    .text               c_w.l(_printf_intcommon.o)
    0x00002216   0x00000002   PAD
    0x00002218   0x00000078   Code   RO         1726    .text               c_w.l(_printf_dec.o)
    0x00002290   0x00000028   Code   RO         1728    .text               c_w.l(_printf_charcount.o)
    0x000022b8   0x00000030   Code   RO         1730    .text               c_w.l(_printf_char_common.o)
    0x000022e8   0x00000024   Code   RO         1734    .text               c_w.l(_printf_char_file.o)
    0x0000230c   0x000000bc   Code   RO         1736    .text               c_w.l(_printf_wctomb.o)
    0x000023c8   0x0000007c   Code   RO         1739    .text               c_w.l(_printf_longlong_dec.o)
    0x00002444   0x00000070   Code   RO         1745    .text               c_w.l(_printf_oct_int_ll.o)
    0x000024b4   0x0000001c   Code   RO         1769    .text               c_w.l(_chval.o)
    0x000024d0   0x0000002c   Code   RO         1775    .text               c_w.l(scanf_char.o)
    0x000024fc   0x00000040   Code   RO         1777    .text               c_w.l(_sgetc.o)
    0x0000253c   0x00000008   Code   RO         1787    .text               c_w.l(ferror.o)
    0x00002544   0x0000023a   Code   RO         1789    .text               c_w.l(filbuf.o)
    0x0000277e   0x000001d6   Code   RO         1791    .text               c_w.l(flsbuf.o)
    0x00002954   0x000000f8   Code   RO         1793    .text               c_w.l(fseek.o)
    0x00002a4c   0x00000046   Code   RO         1795    .text               c_w.l(setvbuf.o)
    0x00002a92   0x00000002   PAD
    0x00002a94   0x000000f0   Code   RO         1797    .text               c_w.l(stdio.o)
    0x00002b84   0x00000138   Code   RO         1800    .text               c_w.l(initio.o)
    0x00002cbc   0x0000000e   Code   RO         1808    .text               c_w.l(defsig_pvfn_outer.o)
    0x00002cca   0x00000002   PAD
    0x00002ccc   0x00000008   Code   RO         1960    .text               c_w.l(rt_heap_descriptor.o)
    0x00002cd4   0x00000004   Code   RO         1965    .text               c_w.l(hguard.o)
    0x00002cd8   0x0000008a   Code   RO         1967    .text               c_w.l(init_alloc.o)
    0x00002d62   0x0000000e   Code   RO         1971    .text               c_w.l(h1_init.o)
    0x00002d70   0x0000008a   Code   RO         1985    .text               c_w.l(lludiv10.o)
    0x00002dfa   0x00000012   Code   RO         1987    .text               c_w.l(isspace.o)
    0x00002e0c   0x0000041a   Code   RO         1989    .text               c_w.l(_printf_fp_dec.o)
    0x00003226   0x00000002   PAD
    0x00003228   0x000002fc   Code   RO         1991    .text               c_w.l(_printf_fp_hex.o)
    0x00003524   0x0000002c   Code   RO         1996    .text               c_w.l(_printf_char.o)
    0x00003550   0x0000002c   Code   RO         2000    .text               c_w.l(_printf_wchar.o)
    0x0000357c   0x00000374   Code   RO         2002    .text               c_w.l(_scanf.o)
    0x000038f0   0x00000042   Code   RO         2012    .text               c_w.l(ftell.o)
    0x00003932   0x00000002   PAD
    0x00003934   0x00000038   Code   RO         2020    .text               c_w.l(flushlinebuffered.o)
    0x0000396c   0x00000040   Code   RO         2038    .text               c_w.l(_wcrtomb.o)
    0x000039ac   0x0000000a   Code   RO         2040    .text               c_w.l(defsig_exit.o)
    0x000039b6   0x0000000e   Code   RO         2042    .text               c_w.l(defsig_rtred_outer.o)
    0x000039c4   0x00000030   Code   RO         2046    .text               c_w.l(defsig_pvfn_inner.o)
    0x000039f4   0x0000000c   Code   RO         2084    .text               c_w.l(sys_exit.o)
    0x00003a00   0x00000010   Code   RO         2086    .text               c_w.l(rt_ctype_table.o)
    0x00003a10   0x00000008   Code   RO         2088    .text               c_w.l(rt_locale.o)
    0x00003a18   0x00000008   Code   RO         2098    .text               c_w.l(rt_errno_addr.o)
    0x00003a20   0x00000034   Code   RO         2107    .text               c_w.l(h1_extend.o)
    0x00003a54   0x00000080   Code   RO         2111    .text               c_w.l(_printf_fp_infnan.o)
    0x00003ad4   0x000000dc   Code   RO         2113    .text               c_w.l(bigflt0.o)
    0x00003bb0   0x00000032   Code   RO         2147    .text               c_w.l(defsig_general.o)
    0x00003be2   0x00000002   PAD
    0x00003be4   0x00000034   Code   RO         2153    .text               c_w.l(defsig_rtred_inner.o)
    0x00003c18   0x0000000e   Code   RO         2155    .text               c_w.l(defsig_rtmem_outer.o)
    0x00003c26   0x00000002   PAD
    0x00003c28   0x00000050   Code   RO         2161    .text               c_w.l(heapauxa.o)
    0x00003c78   0x0000000e   Code   RO         2207    .text               c_w.l(sys_wrch.o)
    0x00003c86   0x00000000   Code   RO         2211    .text               c_w.l(indicate_semi.o)
    0x00003c86   0x00000002   PAD
    0x00003c88   0x00000050   Code   RO         2231    .text               c_w.l(defsig_rtmem_inner.o)
    0x00003cd8   0x0000003e   Code   RO         2116    CL$$btod_d2e        c_w.l(btod.o)
    0x00003d16   0x00000046   Code   RO         2118    CL$$btod_d2e_denorm_low  c_w.l(btod.o)
    0x00003d5c   0x00000060   Code   RO         2117    CL$$btod_d2e_norm_op1  c_w.l(btod.o)
    0x00003dbc   0x00000338   Code   RO         2126    CL$$btod_div_common  c_w.l(btod.o)
    0x000040f4   0x000000c6   Code   RO         2123    CL$$btod_e2e        c_w.l(btod.o)
    0x000041ba   0x00000028   Code   RO         2120    CL$$btod_ediv       c_w.l(btod.o)
    0x000041e2   0x00000028   Code   RO         2119    CL$$btod_emul       c_w.l(btod.o)
    0x0000420a   0x00000244   Code   RO         2125    CL$$btod_mult_common  c_w.l(btod.o)
    0x0000444e   0x00000012   Code   RO          512    i.$Sub$$main        retarget.o
    0x00004460   0x00000008   Code   RO          843    i.<Func1>           mbed.ar(SerialBase.o)
    0x00004468   0x00000034   Code   RO          505    i.NVIC_SetVector    cmsis_nvic.o
    0x0000449c   0x000000a0   Code   RO          631    i.SystemInit        system_LPC17xx.o
    0x0000453c   0x00000088   Code   RO           73    i._ZN4mbed10DigitalOut5writeEi  main.o
    0x000045c4   0x0000001a   Code   RO           55    i._ZN4mbed10DigitalOutC1E7PinName  main.o
    0x000045de   0x00000012   Code   RO           31    i._ZN4mbed10DigitalOutaSEi  main.o
    0x000045f0   0x00000088   Code   RO           25    i._ZN4mbed10DigitalOutcviEv  main.o
    0x00004678   0x0000003c   Code   RO          622    i._ZN4mbed10FileHandle4flenEv  retarget.o
    0x000046b4   0x00000030   Code   RO          514    i._ZN4mbed10FileHandleD2Ev  retarget.o
    0x000046e4   0x00000006   Code   RO          844    i._ZN4mbed10SerialBase10_base_getcEv  mbed.ar(SerialBase.o)
    0x000046ea   0x0000000e   Code   RO          845    i._ZN4mbed10SerialBase10_base_putcEi  mbed.ar(SerialBase.o)
    0x000046f8   0x0000002a   Code   RO          847    i._ZN4mbed10SerialBase12_irq_handlerEj9SerialIrq  mbed.ar(SerialBase.o)
    0x00004722   0x00000010   Code   RO          849    i._ZN4mbed10SerialBase4baudEi  mbed.ar(SerialBase.o)
    0x00004732   0x00000026   Code   RO          850    i._ZN4mbed10SerialBase6attachEPFvvENS0_7IrqTypeE  mbed.ar(SerialBase.o)
    0x00004758   0x00000006   Code   RO          851    i._ZN4mbed10SerialBase6formatEiNS0_6ParityEi  mbed.ar(SerialBase.o)
    0x0000475e   0x00000006   Code   RO          852    i._ZN4mbed10SerialBase8readableEv  mbed.ar(SerialBase.o)
    0x00004764   0x00000050   Code   RO          854    i._ZN4mbed10SerialBaseC1E7PinNameS1_  mbed.ar(SerialBase.o)
    0x000047b4   0x00000006   Code   RO         1075    i._ZN4mbed10TimerEvent3irqEj  mbed.ar(TimerEvent.o)
    0x000047ba   0x00000010   Code   RO         1076    i._ZN4mbed10TimerEvent6insertEj  mbed.ar(TimerEvent.o)
    0x000047ca   0x0000000a   Code   RO         1077    i._ZN4mbed10TimerEvent6removeEv  mbed.ar(TimerEvent.o)
    0x000047d4   0x00000028   Code   RO         1079    i._ZN4mbed10TimerEventC2Ev  mbed.ar(TimerEvent.o)
    0x000047fc   0x00000018   Code   RO         1081    i._ZN4mbed10TimerEventD2Ev  mbed.ar(TimerEvent.o)
    0x00004814   0x00000042   Code   RO          803    i._ZN4mbed11InterruptIn12_irq_handlerEj14gpio_irq_event  mbed.ar(InterruptIn.o)
    0x00004856   0x0000001c   Code   RO          804    i._ZN4mbed11InterruptIn4fallEPFvvE  mbed.ar(InterruptIn.o)
    0x00004872   0x0000001c   Code   RO          807    i._ZN4mbed11InterruptIn4riseEPFvvE  mbed.ar(InterruptIn.o)
    0x0000488e   0x00000002   PAD
    0x00004890   0x00000048   Code   RO          808    i._ZN4mbed11InterruptInC1E7PinName  mbed.ar(InterruptIn.o)
    0x000048d8   0x00000018   Code   RO          810    i._ZN4mbed11InterruptInD1Ev  mbed.ar(InterruptIn.o)
    0x000048f0   0x00000006   Code   RO          515    i._ZN4mbed26mbed_set_unbuffered_streamEPSt6__FILE  retarget.o
    0x000048f6   0x00000002   PAD
    0x000048f8   0x00000028   Code   RO         1016    i._ZN4mbed5Timer4readEv  mbed.ar(Timer.o)
    0x00004920   0x0000001e   Code   RO         1017    i._ZN4mbed5Timer4stopEv  mbed.ar(Timer.o)
    0x0000493e   0x00000012   Code   RO         1018    i._ZN4mbed5Timer5resetEv  mbed.ar(Timer.o)
    0x00004950   0x0000001a   Code   RO         1019    i._ZN4mbed5Timer5startEv  mbed.ar(Timer.o)
    0x0000496a   0x0000001e   Code   RO         1024    i._ZN4mbed5TimerC1Ev  mbed.ar(Timer.o)
    0x00004988   0x00000012   Code   RO           61    i._ZN4mbed6PwmOutC1E7PinName  main.o
    0x0000499a   0x00000016   Code   RO           37    i._ZN4mbed6PwmOutaSEf  main.o
    0x000049b0   0x00000024   Code   RO          895    i._ZN4mbed6SerialC1E7PinNameS1_PKc  mbed.ar(Serial.o)
    0x000049d4   0x0000000c   Code   RO          913    i._ZN4mbed6SerialD1Ev  mbed.ar(Serial.o)
    0x000049e0   0x00000004   Code   RO          935    i._ZN4mbed6Stream4flenEv  mbed.ar(Stream.o)
    0x000049e4   0x00000014   Code   RO          936    i._ZN4mbed6Stream4getcEv  mbed.ar(Stream.o)
    0x000049f8   0x0000002c   Code   RO          940    i._ZN4mbed6Stream4readEPvj  mbed.ar(Stream.o)
    0x00004a24   0x00000004   Code   RO          941    i._ZN4mbed6Stream5closeEv  mbed.ar(Stream.o)
    0x00004a28   0x00000004   Code   RO          943    i._ZN4mbed6Stream5lseekEli  mbed.ar(Stream.o)
    0x00004a2c   0x0000002c   Code   RO          945    i._ZN4mbed6Stream5writeEPKvj  mbed.ar(Stream.o)
    0x00004a58   0x00000004   Code   RO          946    i._ZN4mbed6Stream6isattyEv  mbed.ar(Stream.o)
    0x00004a5c   0x0000001e   Code   RO          947    i._ZN4mbed6Stream6printfEPKcz  mbed.ar(Stream.o)
    0x00004a7a   0x00000002   PAD
    0x00004a7c   0x00000040   Code   RO          948    i._ZN4mbed6StreamC2EPKc  mbed.ar(Stream.o)
    0x00004abc   0x00000020   Code   RO          950    i._ZN4mbed6StreamD2Ev  mbed.ar(Stream.o)
    0x00004adc   0x00000020   Code   RO         1050    i._ZN4mbed6Ticker5setupEj  mbed.ar(Ticker.o)
    0x00004afc   0x00000010   Code   RO         1051    i._ZN4mbed6Ticker6detachEv  mbed.ar(Ticker.o)
    0x00004b0c   0x00000034   Code   RO         1052    i._ZN4mbed6Ticker7handlerEv  mbed.ar(Ticker.o)
    0x00004b40   0x0000001c   Code   RO          999    i._ZN4mbed7Timeout7handlerEv  mbed.ar(Timeout.o)
    0x00004b5c   0x0000001c   Code   RO         1006    i._ZN4mbed7TimeoutD1Ev  mbed.ar(Timeout.o)
    0x00004b78   0x00000004   Code   RO         1243    i._ZN4mbed8FileBase11getPathTypeEv  mbed.ar(FileBase.o)
    0x00004b7c   0x00000038   Code   RO         1245    i._ZN4mbed8FileBase6lookupEPKcj  mbed.ar(FileBase.o)
    0x00004bb4   0x00000024   Code   RO         1247    i._ZN4mbed8FileBaseC1EPKcNS_8PathTypeE  mbed.ar(FileBase.o)
    0x00004bd8   0x00000038   Code   RO         1249    i._ZN4mbed8FileBaseD1Ev  mbed.ar(FileBase.o)
    0x00004c10   0x00000024   Code   RO         1273    i._ZN4mbed8FileLikeC2EPKc  mbed.ar(FileLike.o)
    0x00004c34   0x00000012   Code   RO         1275    i._ZN4mbed8FileLikeD2Ev  mbed.ar(FileLike.o)
    0x00004c46   0x00000018   Code   RO          716    i._ZN4mbed8FilePath10fileSystemEv  mbed.ar(FilePath.o)
    0x00004c5e   0x0000001c   Code   RO          718    i._ZN4mbed8FilePath4fileEv  mbed.ar(FilePath.o)
    0x00004c7a   0x0000000a   Code   RO          719    i._ZN4mbed8FilePath6existsEv  mbed.ar(FilePath.o)
    0x00004c84   0x00000018   Code   RO          720    i._ZN4mbed8FilePath6isFileEv  mbed.ar(FilePath.o)
    0x00004c9c   0x00000004   Code   RO          721    i._ZN4mbed8FilePath8fileNameEv  mbed.ar(FilePath.o)
    0x00004ca0   0x00000040   Code   RO          722    i._ZN4mbed8FilePathC1EPKc  mbed.ar(FilePath.o)
    0x00004ce0   0x00000004   Code   RO          516    i._ZN4mbed9mbed_getcEPSt6__FILE  retarget.o
    0x00004ce4   0x0000000a   Code   RO           49    i._ZSt3absf         main.o
    0x00004cee   0x00000006   Code   RO          896    i._ZThn64_N4mbed6Serial5_getcEv  mbed.ar(Serial.o)
    0x00004cf4   0x00000006   Code   RO          897    i._ZThn64_N4mbed6Serial5_putcEi  mbed.ar(Serial.o)
    0x00004cfa   0x00000028   Code   RO         2199    i.__ARM_fpclassify  m_ws.l(fpclassify.o)
    0x00004d22   0x00000032   Code   RO         1581    i.__aeabi_atexit    cpprt_w.l(aeabi_atexit.o)
    0x00004d54   0x00000024   Code   RO         1584    i.__aeabi_vec_ctor_nocookie_nodtor  cpprt_w.l(aeabi_vec_ctor_nocookie_nodtor.o)
    0x00004d78   0x00000042   Code   RO         1899    i.__cxa_finalize    cpprt_w.l(cxa_finalize.o)
    0x00004dba   0x00000006   Code   RO         1472    i.__cxa_pure_virtual  cpprt_w.l(pure_virt.o)
    0x00004dc0   0x00000010   Code   RO          488    i.__user_setup_stackheap  sys.o
    0x00004dd0   0x0000000e   Code   RO         1388    i._is_digit         c_w.l(__printf_wp.o)
    0x00004dde   0x00000002   PAD
    0x00004de0   0x0000002c   Code   RO          518    i._sys_close        retarget.o
    0x00004e0c   0x00000028   Code   RO          521    i._sys_flen         retarget.o
    0x00004e34   0x00000028   Code   RO          522    i._sys_istty        retarget.o
    0x00004e5c   0x0000014c   Code   RO          523    i._sys_open         retarget.o
    0x00004fa8   0x00000058   Code   RO          524    i._sys_read         retarget.o
    0x00005000   0x00000028   Code   RO          525    i._sys_seek         retarget.o
    0x00005028   0x00000064   Code   RO          526    i._sys_write        retarget.o
    0x0000508c   0x00000018   Code   RO         1296    i.error             mbed.ar(error.o)
    0x000050a4   0x0000002c   Code   RO          528    i.exit              retarget.o
    0x000050d0   0x00000018   Code   RO         1409    i.fgetc             c_w.l(fgetc.o)
    0x000050e8   0x0000001a   Code   RO         1415    i.fputc             c_w.l(fputc.o)
    0x00005102   0x00000002   PAD
    0x00005104   0x00000008   Code   RO         1334    i.get_us_ticker_data  mbed.ar(us_ticker_api.o)
    0x0000510c   0x00000054   Code   RO         1206    i.gpio_dir          mbed.ar(gpio_api.o)
    0x00005160   0x0000003a   Code   RO         1207    i.gpio_init         mbed.ar(gpio_api.o)
    0x0000519a   0x00000028   Code   RO         1105    i.gpio_init_in      mbed.ar(gpio.o)
    0x000051c2   0x00000002   PAD
    0x000051c4   0x00000048   Code   RO         1108    i.gpio_init_out     mbed.ar(gpio.o)
    0x0000520c   0x00000068   Code   RO         1109    i.gpio_init_out_ex  mbed.ar(gpio.o)
    0x00005274   0x00000010   Code   RO         1190    i.gpio_irq_free     mbed.ar(gpio_irq_api.o)
    0x00005284   0x000000a0   Code   RO         1191    i.gpio_irq_init     mbed.ar(gpio_irq_api.o)
    0x00005324   0x000000c8   Code   RO         1192    i.gpio_irq_set      mbed.ar(gpio_irq_api.o)
    0x000053ec   0x00000006   Code   RO         1208    i.gpio_mode         mbed.ar(gpio_api.o)
    0x000053f2   0x00000002   PAD
    0x000053f4   0x000000f0   Code   RO         1193    i.handle_interrupt_in  mbed.ar(gpio_irq_api.o)
    0x000054e4   0x00000040   Code   RO         1071    i.mbed_assert_internal  mbed.ar(assert.o)
    0x00005524   0x00000120   Code   RO          493    i.mbed_die          board.o
    0x00005644   0x00000004   Code   RO         1120    i.mbed_interface_connected  mbed.ar(mbed_interface.o)
    0x00005648   0x00000002   Code   RO          529    i.mbed_main         retarget.o
    0x0000564a   0x00000002   Code   RO          530    i.mbed_sdk_init     retarget.o
    0x0000564c   0x0000005c   Code   RO         1219    i.pin_function      mbed.ar(pinmap.o)
    0x000056a8   0x00000090   Code   RO         1220    i.pin_mode          mbed.ar(pinmap.o)
    0x00005738   0x00000022   Code   RO         1303    i.pinmap_find_peripheral  mbed.ar(pinmap_common.o)
    0x0000575a   0x00000002   PAD
    0x0000575c   0x0000003c   Code   RO         1305    i.pinmap_merge      mbed.ar(pinmap_common.o)
    0x00005798   0x0000005c   Code   RO         1306    i.pinmap_peripheral  mbed.ar(pinmap_common.o)
    0x000057f4   0x00000058   Code   RO         1307    i.pinmap_pinout     mbed.ar(pinmap_common.o)
    0x0000584c   0x00000100   Code   RO          640    i.pwmout_init       mbed.ar(pwmout_api.o)
    0x0000594c   0x00000050   Code   RO          648    i.pwmout_write      mbed.ar(pwmout_api.o)
    0x0000599c   0x00000010   Code   RO         1141    i.semihost_connected  mbed.ar(semihost_api.o)
    0x000059ac   0x0000000c   Code   RO         1144    i.semihost_exit     mbed.ar(semihost_api.o)
    0x000059b8   0x000001c4   Code   RO          666    i.serial_baud       mbed.ar(serial_api.o)
    0x00005b7c   0x000000e8   Code   RO          670    i.serial_format     mbed.ar(serial_api.o)
    0x00005c64   0x00000038   Code   RO          672    i.serial_getc       mbed.ar(serial_api.o)
    0x00005c9c   0x00000180   Code   RO          673    i.serial_init       mbed.ar(serial_api.o)
    0x00005e1c   0x0000001c   Code   RO          674    i.serial_irq_handler  mbed.ar(serial_api.o)
    0x00005e38   0x0000001c   Code   RO          675    i.serial_irq_set    mbed.ar(serial_api.o)
    0x00005e54   0x000000cc   Code   RO          676    i.serial_irq_set_internal  mbed.ar(serial_api.o)
    0x00005f20   0x00000068   Code   RO          678    i.serial_putc       mbed.ar(serial_api.o)
    0x00005f88   0x0000000a   Code   RO          679    i.serial_readable   mbed.ar(serial_api.o)
    0x00005f92   0x00000002   PAD
    0x00005f94   0x0000010c   Code   RO          680    i.serial_set_flow_control  mbed.ar(serial_api.o)
    0x000060a0   0x0000003e   Code   RO         1319    i.ticker_insert_event  mbed.ar(ticker_api.o)
    0x000060de   0x0000004e   Code   RO         1320    i.ticker_irq_handler  mbed.ar(ticker_api.o)
    0x0000612c   0x00000006   Code   RO         1321    i.ticker_read       mbed.ar(ticker_api.o)
    0x00006132   0x0000003c   Code   RO         1322    i.ticker_remove_event  mbed.ar(ticker_api.o)
    0x0000616e   0x00000012   Code   RO         1323    i.ticker_set_handler  mbed.ar(ticker_api.o)
    0x00006180   0x00000014   Code   RO          682    i.uart0_irq         mbed.ar(serial_api.o)
    0x00006194   0x00000014   Code   RO          683    i.uart1_irq         mbed.ar(serial_api.o)
    0x000061a8   0x00000014   Code   RO          684    i.uart2_irq         mbed.ar(serial_api.o)
    0x000061bc   0x00000014   Code   RO          685    i.uart3_irq         mbed.ar(serial_api.o)
    0x000061d0   0x00000068   Code   RO          686    i.uart_irq          mbed.ar(serial_api.o)
    0x00006238   0x0000000c   Code   RO         1228    i.us_ticker_clear_interrupt  mbed.ar(us_ticker.o)
    0x00006244   0x00000010   Code   RO         1229    i.us_ticker_disable_interrupt  mbed.ar(us_ticker.o)
    0x00006254   0x00000064   Code   RO         1230    i.us_ticker_init    mbed.ar(us_ticker.o)
    0x000062b8   0x0000000c   Code   RO         1335    i.us_ticker_irq_handler  mbed.ar(us_ticker_api.o)
    0x000062c4   0x00000064   Code   RO         1231    i.us_ticker_read    mbed.ar(us_ticker.o)
    0x00006328   0x00000014   Code   RO         1232    i.us_ticker_set_interrupt  mbed.ar(us_ticker.o)
    0x0000633c   0x00000024   Code   RO         1178    i.wait              mbed.ar(wait_api.o)
    0x00006360   0x0000001c   Code   RO         1179    i.wait_ms           mbed.ar(wait_api.o)
    0x0000637c   0x00000018   Code   RO         1180    i.wait_us           mbed.ar(wait_api.o)
    0x00006394   0x0000002c   Code   RO         2141    locale$$code        c_w.l(lc_numeric_c.o)
    0x000063c0   0x0000002c   Code   RO         2221    locale$$code        c_w.l(lc_ctype_c.o)
    0x000063ec   0x00000008   Code   RO           43    t._ZN4mbed19FunctionPointerArg1IvvE6attachEPFvvE  main.o
    0x000063f4   0x00000062   Code   RO         1587    x$fpl$d2f           fz_ws.l(d2f.o)
    0x00006456   0x00000002   PAD
    0x00006458   0x00000150   Code   RO         1589    x$fpl$dadd          fz_ws.l(daddsub_clz.o)
    0x000065a8   0x00000018   Code   RO         1915    x$fpl$dcmpinf       fz_ws.l(dcmpi.o)
    0x000065c0   0x000002b0   Code   RO         1596    x$fpl$ddiv          fz_ws.l(ddiv.o)
    0x00006870   0x00000078   Code   RO         1599    x$fpl$deqf          fz_ws.l(deqf.o)
    0x000068e8   0x00000078   Code   RO         1601    x$fpl$dleqf         fz_ws.l(dleqf.o)
    0x00006960   0x00000154   Code   RO         1603    x$fpl$dmul          fz_ws.l(dmul.o)
    0x00006ab4   0x0000009c   Code   RO         1917    x$fpl$dnaninf       fz_ws.l(dnaninf.o)
    0x00006b50   0x0000000c   Code   RO         1919    x$fpl$dretinf       fz_ws.l(dretinf.o)
    0x00006b5c   0x0000006c   Code   RO         1605    x$fpl$drleqf        fz_ws.l(drleqf.o)
    0x00006bc8   0x000001d4   Code   RO         1591    x$fpl$dsub          fz_ws.l(daddsub_clz.o)
    0x00006d9c   0x00000056   Code   RO         1607    x$fpl$f2d           fz_ws.l(f2d.o)
    0x00006df2   0x00000002   PAD
    0x00006df4   0x000000c4   Code   RO         1609    x$fpl$fadd          fz_ws.l(faddsub_clz.o)
    0x00006eb8   0x00000018   Code   RO         1921    x$fpl$fcmpinf       fz_ws.l(fcmpi.o)
    0x00006ed0   0x00000184   Code   RO         1616    x$fpl$fdiv          fz_ws.l(fdiv.o)
    0x00007054   0x00000036   Code   RO         1619    x$fpl$ffix          fz_ws.l(ffix.o)
    0x0000708a   0x00000002   PAD
    0x0000708c   0x0000003e   Code   RO         1623    x$fpl$ffixu         fz_ws.l(ffixu.o)
    0x000070ca   0x00000002   PAD
    0x000070cc   0x00000030   Code   RO         1628    x$fpl$fflt          fz_ws.l(fflt_clz.o)
    0x000070fc   0x00000026   Code   RO         1627    x$fpl$ffltu         fz_ws.l(fflt_clz.o)
    0x00007122   0x00000002   PAD
    0x00007124   0x00000068   Code   RO         1633    x$fpl$fleqf         fz_ws.l(fleqf.o)
    0x0000718c   0x00000102   Code   RO         1635    x$fpl$fmul          fz_ws.l(fmul.o)
    0x0000728e   0x0000008c   Code   RO         1923    x$fpl$fnaninf       fz_ws.l(fnaninf.o)
    0x0000731a   0x0000000a   Code   RO         1925    x$fpl$fretinf       fz_ws.l(fretinf.o)
    0x00007324   0x00000062   Code   RO         1637    x$fpl$frleqf        fz_ws.l(frleqf.o)
    0x00007386   0x00000014   Code   RO         1610    x$fpl$frsb          fz_ws.l(faddsub_clz.o)
    0x0000739a   0x00000002   PAD
    0x0000739c   0x000000ea   Code   RO         1611    x$fpl$fsub          fz_ws.l(faddsub_clz.o)
    0x00007486   0x00000004   Code   RO         1927    x$fpl$printf1       fz_ws.l(printf1.o)
    0x0000748a   0x00000004   Code   RO         1929    x$fpl$printf2       fz_ws.l(printf2.o)
    0x0000748e   0x00000000   Code   RO         1937    x$fpl$usenofp       fz_ws.l(usenofp.o)
    0x0000748e   0x00000017   Data   RO          571    .constdata          retarget.o
    0x000074a5   0x00000003   PAD
    0x000074a8   0x000000b4   Data   RO          649    .constdata          mbed.ar(pwmout_api.o)
    0x0000755c   0x00000120   Data   RO          688    .constdata          mbed.ar(serial_api.o)
    0x0000767c   0x00000014   Data   RO         1336    .constdata          mbed.ar(us_ticker_api.o)
    0x00007690   0x00000008   Data   RO         1337    .constdata          mbed.ar(us_ticker_api.o)
    0x00007698   0x00000028   Data   RO         1376    .constdata          c_w.l(_printf_hex_int_ll_ptr.o)
    0x000076c0   0x00000011   Data   RO         1396    .constdata          c_w.l(__printf_flags_ss_wp.o)
    0x000076d1   0x00000003   PAD
    0x000076d4   0x00000008   Data   RO         1737    .constdata          c_w.l(_printf_wctomb.o)
    0x000076dc   0x00000026   Data   RO         1992    .constdata          c_w.l(_printf_fp_hex.o)
    0x00007702   0x00000002   PAD
    0x00007704   0x00000094   Data   RO         2114    .constdata          c_w.l(bigflt0.o)
    0x00007798   0x0000002c   Data   RO          621    .constdata__ZTVN4mbed10FileHandleE  retarget.o
    0x000077c4   0x00000010   Data   RO          882    .constdata__ZTVN4mbed10SerialBaseE  mbed.ar(SerialBase.o)
    0x000077d4   0x00000014   Data   RO         1100    .constdata__ZTVN4mbed10TimerEventE  mbed.ar(TimerEvent.o)
    0x000077e8   0x00000010   Data   RO          838    .constdata__ZTVN4mbed11InterruptInE  mbed.ar(InterruptIn.o)
    0x000077f8   0x0000005c   Data   RO          911    .constdata__ZTVN4mbed6SerialE  mbed.ar(Serial.o)
    0x00007854   0x00000044   Data   RO          994    .constdata__ZTVN4mbed6StreamE  mbed.ar(Stream.o)
    0x00007898   0x00000014   Data   RO         1062    .constdata__ZTVN4mbed6TickerE  mbed.ar(Ticker.o)
    0x000078ac   0x00000014   Data   RO         1005    .constdata__ZTVN4mbed7TimeoutE  mbed.ar(Timeout.o)
    0x000078c0   0x00000010   Data   RO         1268    .constdata__ZTVN4mbed8FileBaseE  mbed.ar(FileBase.o)
    0x000078d0   0x0000003c   Data   RO         1291    .constdata__ZTVN4mbed8FileLikeE  mbed.ar(FileLike.o)
    0x0000790c   0x00000068   Data   RO          494    .conststring        board.o
    0x00007974   0x00000068   Data   RO          650    .conststring        mbed.ar(pwmout_api.o)
    0x000079dc   0x000000ec   Data   RO          689    .conststring        mbed.ar(serial_api.o)
    0x00007ac8   0x00000066   Data   RO         1210    .conststring        mbed.ar(gpio_api.o)
    0x00007b2e   0x00000002   PAD
    0x00007b30   0x00000064   Data   RO         1221    .conststring        mbed.ar(pinmap.o)
    0x00007b94   0x00000020   Data   RO         2290    Region$$Table       anon$$obj.o
    0x00007bb4   0x0000001c   Data   RO         2140    locale$$data        c_w.l(lc_numeric_c.o)
    0x00007bd0   0x00000110   Data   RO         2220    locale$$data        c_w.l(lc_ctype_c.o)
    0x00007ce0   0x00000004   Data   RO            7    .init_array         main.o
    0x00007ce4   0x00000000   Data   RO         1460    .init_array         c_w.l(init_aeabi.o)


    Execution Region RW_IRAM1 (Base: 0x100000c8, Size: 0x00000774, Max: 0x00007f38, ABSOLUTE)

    Base Addr    Size         Type   Attr      Idx    E Section Name        Object

    0x100000c8   0x0000004c   Data   RW            6    .data               main.o
    0x10000114   0x00000004   Data   RW          632    .data               system_LPC17xx.o
    0x10000118   0x00000020   Data   RW          651    .data               mbed.ar(pwmout_api.o)
    0x10000138   0x00000010   Data   RW          690    .data               mbed.ar(serial_api.o)
    0x10000148   0x00000004   Data   RW         1195    .data               mbed.ar(gpio_irq_api.o)
    0x1000014c   0x00000004   Data   RW         1233    .data               mbed.ar(us_ticker.o)
    0x10000150   0x00000004   Data   RW         1257    .data               mbed.ar(FileBase.o)
    0x10000154   0x00000008   Data   RW         1338    .data               mbed.ar(us_ticker_api.o)
    0x1000015c   0x00000004   Data   RW         1427    .data               c_w.l(stdio_streams.o)
    0x10000160   0x00000004   Data   RW         1428    .data               c_w.l(stdio_streams.o)
    0x10000164   0x00000004   Data   RW         1429    .data               c_w.l(stdio_streams.o)
    0x10000168   0x00000004   Data   RW         2162    .data               c_w.l(heapauxa.o)
    0x1000016c   0x000003d2   Zero   RW            5    .bss                main.o
    0x1000053e   0x00000002   PAD
    0x10000540   0x00000040   Zero   RW          570    .bss                retarget.o
    0x10000580   0x000000e0   Zero   RW          687    .bss                mbed.ar(serial_api.o)
    0x10000660   0x000000c0   Zero   RW         1194    .bss                mbed.ar(gpio_irq_api.o)
    0x10000720   0x00000054   Zero   RW         1424    .bss                c_w.l(stdio_streams.o)
    0x10000774   0x00000054   Zero   RW         1425    .bss                c_w.l(stdio_streams.o)
    0x100007c8   0x00000054   Zero   RW         1426    .bss                c_w.l(stdio_streams.o)
    0x1000081c   0x00000004   Zero   RW         1652    .bss                c_w.l(rt_ddtor_pointer_addr.o)
    0x10000820   0x00000004   Zero   RW         1961    .bss                c_w.l(rt_heap_descriptor.o)
    0x10000824   0x00000014   Zero   RW         2089    .bss                c_w.l(rt_locale.o)
    0x10000838   0x00000004   Zero   RW         2099    .bss                c_w.l(rt_errno_addr.o)


    Execution Region RW_IRAM2 (Base: 0x2007c000, Size: 0x00000000, Max: 0x00004000, ABSOLUTE)

    **** No section assigned to this execution region ****


    Execution Region RW_IRAM3 (Base: 0x20080000, Size: 0x00000000, Max: 0x00004000, ABSOLUTE)

    **** No section assigned to this execution region ****


    Execution Region RW_IRAM4 (Base: 0x40038000, Size: 0x00000000, Max: 0x00000800, ABSOLUTE)

    **** No section assigned to this execution region ****


==============================================================================

Image component sizes


      Code (inc. data)   RO Data    RW Data    ZI Data      Debug   Object Name

       288         46        104          0          0         76   board.o
        52          6          0          0          0         84   cmsis_nvic.o
      4814        874          4         76        978      60460   main.o
      1168          8          0          0          0       5292   pid.o
       868        106         67          0         64       1136   retarget.o
        40         12        196          0          0        228   startup_LPC17xx.o
        16          6          0          0          0         68   sys.o
       160         10          0          4          0         68   system_LPC17xx.o

    ----------------------------------------------------------------------
      7408       1068        406         80       1044      67412   Object Totals
         0          0         32          0          0          0   (incl. Generated)
         2          0          3          0          2          0   (incl. Padding)

    ----------------------------------------------------------------------

      Code (inc. data)   RO Data    RW Data    ZI Data      Debug   Library Member Name

        60          8          0          0          0         84   __0sscanf.o
        44          6          0          0          0         84   __2sprintf.o
         8          0          0          0          0         68   __main.o
       392          4         17          0          0         92   __printf_flags_ss_wp.o
        14          0          0          0          0         68   __printf_wp.o
         0          0          0          0          0          0   __rtentry.o
        12          0          0          0          0          0   __rtentry2.o
         6          0          0          0          0          0   __rtentry4.o
        52          8          0          0          0          0   __scatter.o
        26          0          0          0          0          0   __scatter_copy.o
        28          0          0          0          0          0   __scatter_zi.o
        28          0          0          0          0         68   _chval.o
         6          0          0          0          0          0   _printf_a.o
         6          0          0          0          0          0   _printf_c.o
        44          0          0          0          0        108   _printf_char.o
        48          6          0          0          0         96   _printf_char_common.o
        36          4          0          0          0         80   _printf_char_file.o
        40          0          0          0          0         68   _printf_charcount.o
         6          0          0          0          0          0   _printf_d.o
       120         16          0          0          0         92   _printf_dec.o
         6          0          0          0          0          0   _printf_e.o
         6          0          0          0          0          0   _printf_f.o
      1050          0          0          0          0        216   _printf_fp_dec.o
       764         10         38          0          0        100   _printf_fp_hex.o
       128         16          0          0          0         84   _printf_fp_infnan.o
         6          0          0          0          0          0   _printf_g.o
       148          4         40          0          0        160   _printf_hex_int_ll_ptr.o
         6          0          0          0          0          0   _printf_i.o
       178          0          0          0          0         88   _printf_intcommon.o
        10          0          0          0          0          0   _printf_l.o
         6          0          0          0          0          0   _printf_lc.o
        10          0          0          0          0          0   _printf_ll.o
         6          0          0          0          0          0   _printf_lld.o
         6          0          0          0          0          0   _printf_lli.o
         6          0          0          0          0          0   _printf_llo.o
         6          0          0          0          0          0   _printf_llu.o
         6          0          0          0          0          0   _printf_llx.o
       124         16          0          0          0         92   _printf_longlong_dec.o
         6          0          0          0          0          0   _printf_ls.o
         6          0          0          0          0          0   _printf_n.o
         6          0          0          0          0          0   _printf_o.o
       112          8          0          0          0        124   _printf_oct_int_ll.o
         6          0          0          0          0          0   _printf_p.o
        78          0          0          0          0        108   _printf_pad.o
         0          0          0          0          0          0   _printf_percent.o
         4          0          0          0          0          0   _printf_percent_end.o
         6          0          0          0          0          0   _printf_s.o
        82          0          0          0          0         80   _printf_str.o
        36          0          0          0          0         84   _printf_truncate.o
         6          0          0          0          0          0   _printf_u.o
        44          0          0          0          0        108   _printf_wchar.o
       188          6          8          0          0         92   _printf_wctomb.o
         6          0          0          0          0          0   _printf_x.o
       884          6          0          0          0        100   _scanf.o
       332          0          0          0          0         96   _scanf_int.o
        64          0          0          0          0         84   _sgetc.o
        10          0          0          0          0         68   _sputc.o
        64          0          0          0          0         92   _wcrtomb.o
       220          4        148          0          0         96   bigflt0.o
      1910        128          0          0          0        672   btod.o
        10          0          0          0          0         68   c89vfprintf.o
        10          0          0          0          0         68   defsig_exit.o
        50          0          0          0          0         88   defsig_general.o
        48         34          0          0          0         76   defsig_pvfn_inner.o
        14          0          0          0          0         80   defsig_pvfn_outer.o
        80         58          0          0          0         76   defsig_rtmem_inner.o
        14          0          0          0          0         80   defsig_rtmem_outer.o
        52         38          0          0          0         76   defsig_rtred_inner.o
        14          0          0          0          0         80   defsig_rtred_outer.o
        76          0          0          0          0         88   fclose.o
         8          0          0          0          0         68   ferror.o
       100          4          0          0          0        120   fflush.o
        24          0          0          0          0         68   fgetc.o
       570          0          0          0          0        132   filbuf.o
       470          0          0          0          0         88   flsbuf.o
        56          6          0          0          0         80   flushlinebuffered.o
       236          4          0          0          0        128   fopen.o
        26          0          0          0          0         68   fputc.o
       248          6          0          0          0         84   fseek.o
        66          0          0          0          0         76   ftell.o
        94          0          0          0          0         80   h1_alloc.o
        52          0          0          0          0         68   h1_extend.o
        78          0          0          0          0         80   h1_free.o
        14          0          0          0          0         84   h1_init.o
        80          6          0          4          0         96   heapauxa.o
         4          0          0          0          0        136   hguard.o
         0          0          0          0          0          0   indicate_semi.o
        36         10          0          0          0         80   init_aeabi.o
       138          0          0          0          0        168   init_alloc.o
       312         46          0          0          0        112   initio.o
        18          0          0          0          0         76   isspace.o
        44         10        272          0          0         76   lc_ctype_c.o
        44         10         28          0          0         76   lc_numeric_c.o
         2          0          0          0          0          0   libinit.o
        46          0          0          0          0          0   libinit2.o
         6          0          0          0          0          0   libshutdown2.o
       138          0          0          0          0         80   lludiv10.o
         0          0          0          0          0          0   maybetermalloc1.o
        16          4          0          0          0         76   rt_ctype_table.o
         8          4          0          0          4         68   rt_ddtor_pointer_addr.o
         8          4          0          0          4         68   rt_errno_addr.o
         8          4          0          0          4         68   rt_heap_descriptor.o
         8          4          0          0         20         68   rt_locale.o
        78          0          0          0          0         80   rt_memclr_w.o
       100          0          0          0          0         80   rt_memcpy_w.o
        44          8          0          0          0         84   scanf_char.o
        20          0          0          0          0         68   setbuf.o
        70          0          0          0          0         80   setvbuf.o
       240          6          0          0          0        156   stdio.o
         0          0          0         12        252          0   stdio_streams.o
       128          0          0          0          0         68   strcmpv7m.o
        62          0          0          0          0         76   strlen.o
       150          0          0          0          0         80   strncmp.o
        12          4          0          0          0         68   sys_exit.o
        14          0          0          0          0         76   sys_wrch.o
         2          0          0          0          0         68   use_no_semi.o
        10          0          0          0          0         68   vfprintf.o
        50          0          0          0          0         84   aeabi_atexit.o
        36          0          0          0          0         84   aeabi_vec_ctor_nocookie_nodtor.o
        66          0          0          0          0         84   cxa_finalize.o
         6          0          0          0          0         68   pure_virt.o
        98          4          0          0          0         92   d2f.o
       804         16          0          0          0        272   daddsub_clz.o
        24          0          0          0          0         68   dcmpi.o
       688        140          0          0          0        208   ddiv.o
       120          4          0          0          0         92   deqf.o
       120          4          0          0          0         92   dleqf.o
       340         12          0          0          0        104   dmul.o
       156          4          0          0          0         92   dnaninf.o
        12          0          0          0          0         68   dretinf.o
       108          0          0          0          0         80   drleqf.o
        86          4          0          0          0         84   f2d.o
       450          8          0          0          0        236   faddsub_clz.o
        24          0          0          0          0         68   fcmpi.o
       388         76          0          0          0         96   fdiv.o
        54          4          0          0          0         84   ffix.o
        62          4          0          0          0         84   ffixu.o
        86          0          0          0          0        136   fflt_clz.o
       104          4          0          0          0         84   fleqf.o
       258          4          0          0          0         84   fmul.o
       140          4          0          0          0         84   fnaninf.o
        10          0          0          0          0         68   fretinf.o
        98          0          0          0          0         68   frleqf.o
         4          0          0          0          0         68   printf1.o
         4          0          0          0          0         68   printf2.o
         0          0          0          0          0          0   usenofp.o
        40          0          0          0          0         68   fpclassify.o
       152         24         16          4          0        284   FileBase.o
        54         10         60          0          0        156   FileLike.o
       154          0          0          0          0        440   FilePath.o
       218         14         16          0          0        360   InterruptIn.o
        60          4         92          0          0        288   Serial.o
       216         14         16          0          0        644   SerialBase.o
       250         16         68          0          0        772   Stream.o
       100          0         20          0          0        252   Ticker.o
        56          4         20          0          0        148   Timeout.o
       144          4          0          0          0        388   Timer.o
        96         12         20          0          0        356   TimerEvent.o
        64         52          0          0          0         68   assert.o
        24          4          0          0          0         80   error.o
       216         36          0          0          0        268   gpio.o
       148         30        102          0          0        228   gpio_api.o
       616         90          0          4        192        352   gpio_irq_api.o
         4          0          0          0          0         68   mbed_interface.o
       236         48        100          0          0        160   pinmap.o
       274         78          0          0          0        308   pinmap_common.o
       336         60        284         32          0        176   pwmout_api.o
        28          6          0          0          0        144   semihost_api.o
      1950        270        524         16        224       1196   serial_api.o
       224          0          0          0          0        392   ticker_api.o
       248         64          0          4          0        356   us_ticker.o
        20         10         28          8          0        136   us_ticker_api.o
        88          4          0          0          0        240   wait_api.o

    ----------------------------------------------------------------------
     22234       1666       1924         84        700      18884   Library Totals
        48          0          7          0          0          0   (incl. Padding)

    ----------------------------------------------------------------------

      Code (inc. data)   RO Data    RW Data    ZI Data      Debug   Library Name

     11774        520        551         16        284       7756   c_w.l
       158          0          0          0          0        320   cpprt_w.l
      4238        292          0          0          0       2480   fz_ws.l
        40          0          0          0          0         68   m_ws.l
      5976        854       1366         68        416       8260   mbed.ar

    ----------------------------------------------------------------------
     22234       1666       1924         84        700      18884   Library Totals

    ----------------------------------------------------------------------

==============================================================================


      Code (inc. data)   RO Data    RW Data    ZI Data      Debug   

     29642       2734       2330        164       1744      73292   Grand Totals
     29642       2734       2330        164       1744      73292   ELF Image Totals
     29642       2734       2330        164          0          0   ROM Totals

==============================================================================

    Total RO  Size (Code + RO Data)                31972 (  31.22kB)
    Total RW  Size (RW Data + ZI Data)              1908 (   1.86kB)
    Total ROM Size (Code + RO Data + RW Data)      32136 (  31.38kB)

==============================================================================

